{
    "_sourceUnit": {
        "kind": "SourceUnit",
        "_moduleElements": [
            {
                "kind": "FunctionDeclaration",
                "_functionKeyword": {
                    "kind": "IdentifierNameToken",
                    "keywordKind": "FunctionKeyword",
                    "start": 550,
                    "fullStart": 0,
                    "width": 8,
                    "fullWidth": 559,
                    "text": "function",
                    "hasLeadingTrivia": true,
                    "hasLeadingCommentTrivia": true,
                    "hasLeadingNewLineTrivia": true,
                    "hasTrailingTrivia": true
                },
                "_functionSignature": {
                    "kind": "FunctionSignature",
                    "_identifier": {
                        "kind": "IdentifierNameToken",
                        "start": 559,
                        "width": 8,
                        "text": "testcase",
                        "valueText": "testcase"
                    },
                    "_parameterList": {
                        "kind": "ParameterList",
                        "_openParenToken": {
                            "kind": "OpenParenToken",
                            "start": 567,
                            "width": 1,
                            "text": "("
                        },
                        "_parameters": [],
                        "_closeParenToken": {
                            "kind": "CloseParenToken",
                            "start": 568,
                            "width": 1,
                            "fullWidth": 2,
                            "text": ")",
                            "hasTrailingTrivia": true
                        }
                    }
                },
                "_block": {
                    "kind": "Block",
                    "_openBraceToken": {
                        "kind": "OpenBraceToken",
                        "start": 570,
                        "width": 1,
                        "fullWidth": 3,
                        "text": "{",
                        "hasTrailingTrivia": true,
                        "hasTrailingNewLineTrivia": true
                    },
                    "_statements": [
                        {
                            "kind": "VariableStatement",
                            "_variableDeclaration": {
                                "kind": "VariableDeclaration",
                                "_varKeyword": {
                                    "kind": "IdentifierNameToken",
                                    "keywordKind": "VarKeyword",
                                    "start": 583,
                                    "fullStart": 573,
                                    "width": 3,
                                    "fullWidth": 14,
                                    "text": "var",
                                    "hasLeadingTrivia": true,
                                    "hasLeadingNewLineTrivia": true,
                                    "hasTrailingTrivia": true
                                },
                                "_variableDeclarators": [
                                    {
                                        "kind": "VariableDeclarator",
                                        "_identifier": {
                                            "kind": "IdentifierNameToken",
                                            "start": 587,
                                            "width": 3,
                                            "fullWidth": 4,
                                            "text": "obj",
                                            "valueText": "obj",
                                            "hasTrailingTrivia": true
                                        },
                                        "_equalsValueClause": {
                                            "kind": "EqualsValueClause",
                                            "_equalsToken": {
                                                "kind": "EqualsToken",
                                                "start": 591,
                                                "width": 1,
                                                "fullWidth": 2,
                                                "text": "=",
                                                "hasTrailingTrivia": true
                                            },
                                            "_value": {
                                                "kind": "ObjectLiteralExpression",
                                                "_openBraceToken": {
                                                    "kind": "OpenBraceToken",
                                                    "start": 593,
                                                    "width": 1,
                                                    "text": "{"
                                                },
                                                "_propertyAssignments": [],
                                                "_closeBraceToken": {
                                                    "kind": "CloseBraceToken",
                                                    "start": 594,
                                                    "width": 1,
                                                    "text": "}"
                                                }
                                            }
                                        }
                                    }
                                ]
                            },
                            "_semicolonToken": {
                                "kind": "SemicolonToken",
                                "start": 595,
                                "width": 1,
                                "fullWidth": 3,
                                "text": ";",
                                "hasTrailingTrivia": true,
                                "hasTrailingNewLineTrivia": true
                            }
                        },
                        {
                            "kind": "FunctionDeclaration",
                            "_functionKeyword": {
                                "kind": "IdentifierNameToken",
                                "keywordKind": "FunctionKeyword",
                                "start": 608,
                                "fullStart": 598,
                                "width": 8,
                                "fullWidth": 19,
                                "text": "function",
                                "hasLeadingTrivia": true,
                                "hasLeadingNewLineTrivia": true,
                                "hasTrailingTrivia": true
                            },
                            "_functionSignature": {
                                "kind": "FunctionSignature",
                                "_identifier": {
                                    "kind": "IdentifierNameToken",
                                    "start": 617,
                                    "width": 8,
                                    "text": "get_func",
                                    "valueText": "get_func"
                                },
                                "_parameterList": {
                                    "kind": "ParameterList",
                                    "_openParenToken": {
                                        "kind": "OpenParenToken",
                                        "start": 625,
                                        "width": 1,
                                        "text": "("
                                    },
                                    "_parameters": [],
                                    "_closeParenToken": {
                                        "kind": "CloseParenToken",
                                        "start": 626,
                                        "width": 1,
                                        "fullWidth": 2,
                                        "text": ")",
                                        "hasTrailingTrivia": true
                                    }
                                }
                            },
                            "_block": {
                                "kind": "Block",
                                "_openBraceToken": {
                                    "kind": "OpenBraceToken",
                                    "start": 628,
                                    "width": 1,
                                    "fullWidth": 3,
                                    "text": "{",
                                    "hasTrailingTrivia": true,
                                    "hasTrailingNewLineTrivia": true
                                },
                                "_statements": [
                                    {
                                        "kind": "ReturnStatement",
                                        "_returnKeyword": {
                                            "kind": "IdentifierNameToken",
                                            "keywordKind": "ReturnKeyword",
                                            "start": 643,
                                            "fullStart": 631,
                                            "width": 6,
                                            "fullWidth": 19,
                                            "text": "return",
                                            "hasLeadingTrivia": true,
                                            "hasTrailingTrivia": true
                                        },
                                        "_expression": {
                                            "kind": "NumericLiteralExpression",
                                            "_literalToken": {
                                                "kind": "NumericLiteral",
                                                "start": 650,
                                                "width": 2,
                                                "text": "10"
                                            }
                                        },
                                        "_semicolonToken": {
                                            "kind": "SemicolonToken",
                                            "start": 652,
                                            "width": 1,
                                            "fullWidth": 3,
                                            "text": ";",
                                            "hasTrailingTrivia": true,
                                            "hasTrailingNewLineTrivia": true
                                        }
                                    }
                                ],
                                "_closeBraceToken": {
                                    "kind": "CloseBraceToken",
                                    "start": 663,
                                    "fullStart": 655,
                                    "width": 1,
                                    "fullWidth": 11,
                                    "text": "}",
                                    "hasLeadingTrivia": true,
                                    "hasTrailingTrivia": true,
                                    "hasTrailingNewLineTrivia": true
                                }
                            }
                        },
                        {
                            "kind": "FunctionDeclaration",
                            "_functionKeyword": {
                                "kind": "IdentifierNameToken",
                                "keywordKind": "FunctionKeyword",
                                "start": 674,
                                "fullStart": 666,
                                "width": 8,
                                "fullWidth": 17,
                                "text": "function",
                                "hasLeadingTrivia": true,
                                "hasTrailingTrivia": true
                            },
                            "_functionSignature": {
                                "kind": "FunctionSignature",
                                "_identifier": {
                                    "kind": "IdentifierNameToken",
                                    "start": 683,
                                    "width": 8,
                                    "text": "set_func",
                                    "valueText": "set_func"
                                },
                                "_parameterList": {
                                    "kind": "ParameterList",
                                    "_openParenToken": {
                                        "kind": "OpenParenToken",
                                        "start": 691,
                                        "width": 1,
                                        "text": "("
                                    },
                                    "_parameters": [
                                        {
                                            "kind": "Parameter",
                                            "_identifier": {
                                                "kind": "IdentifierNameToken",
                                                "start": 692,
                                                "width": 5,
                                                "text": "value",
                                                "valueText": "value"
                                            }
                                        }
                                    ],
                                    "_closeParenToken": {
                                        "kind": "CloseParenToken",
                                        "start": 697,
                                        "width": 1,
                                        "fullWidth": 2,
                                        "text": ")",
                                        "hasTrailingTrivia": true
                                    }
                                }
                            },
                            "_block": {
                                "kind": "Block",
                                "_openBraceToken": {
                                    "kind": "OpenBraceToken",
                                    "start": 699,
                                    "width": 1,
                                    "fullWidth": 3,
                                    "text": "{",
                                    "hasTrailingTrivia": true,
                                    "hasTrailingNewLineTrivia": true
                                },
                                "_statements": [
                                    {
                                        "kind": "ExpressionStatement",
                                        "_expression": {
                                            "kind": "AssignmentExpression",
                                            "_left": {
                                                "kind": "MemberAccessExpression",
                                                "_expression": {
                                                    "kind": "IdentifierName",
                                                    "_identifier": {
                                                        "kind": "IdentifierNameToken",
                                                        "start": 714,
                                                        "fullStart": 702,
                                                        "width": 3,
                                                        "fullWidth": 15,
                                                        "text": "obj",
                                                        "valueText": "obj",
                                                        "hasLeadingTrivia": true
                                                    }
                                                },
                                                "_dotToken": {
                                                    "kind": "DotToken",
                                                    "start": 717,
                                                    "width": 1,
                                                    "text": "."
                                                },
                                                "_identifierName": {
                                                    "kind": "IdentifierName",
                                                    "_identifier": {
                                                        "kind": "IdentifierNameToken",
                                                        "start": 718,
                                                        "width": 17,
                                                        "fullWidth": 18,
                                                        "text": "setVerifyHelpProp",
                                                        "valueText": "setVerifyHelpProp",
                                                        "hasTrailingTrivia": true
                                                    }
                                                }
                                            },
                                            "_operatorToken": {
                                                "kind": "EqualsToken",
                                                "start": 736,
                                                "width": 1,
                                                "fullWidth": 2,
                                                "text": "=",
                                                "hasTrailingTrivia": true
                                            },
                                            "_right": {
                                                "kind": "IdentifierName",
                                                "_identifier": {
                                                    "kind": "IdentifierNameToken",
                                                    "start": 738,
                                                    "width": 5,
                                                    "text": "value",
                                                    "valueText": "value"
                                                }
                                            }
                                        },
                                        "_semicolonToken": {
                                            "kind": "SemicolonToken",
                                            "start": 743,
                                            "width": 1,
                                            "fullWidth": 3,
                                            "text": ";",
                                            "hasTrailingTrivia": true,
                                            "hasTrailingNewLineTrivia": true
                                        }
                                    }
                                ],
                                "_closeBraceToken": {
                                    "kind": "CloseBraceToken",
                                    "start": 754,
                                    "fullStart": 746,
                                    "width": 1,
                                    "fullWidth": 11,
                                    "text": "}",
                                    "hasLeadingTrivia": true,
                                    "hasTrailingTrivia": true,
                                    "hasTrailingNewLineTrivia": true
                                }
                            }
                        },
                        {
                            "kind": "VariableStatement",
                            "_variableDeclaration": {
                                "kind": "VariableDeclaration",
                                "_varKeyword": {
                                    "kind": "IdentifierNameToken",
                                    "keywordKind": "VarKeyword",
                                    "start": 767,
                                    "fullStart": 757,
                                    "width": 3,
                                    "fullWidth": 14,
                                    "text": "var",
                                    "hasLeadingTrivia": true,
                                    "hasLeadingNewLineTrivia": true,
                                    "hasTrailingTrivia": true
                                },
                                "_variableDeclarators": [
                                    {
                                        "kind": "VariableDeclarator",
                                        "_identifier": {
                                            "kind": "IdentifierNameToken",
                                            "start": 771,
                                            "width": 10,
                                            "fullWidth": 11,
                                            "text": "properties",
                                            "valueText": "properties",
                                            "hasTrailingTrivia": true
                                        },
                                        "_equalsValueClause": {
                                            "kind": "EqualsValueClause",
                                            "_equalsToken": {
                                                "kind": "EqualsToken",
                                                "start": 782,
                                                "width": 1,
                                                "fullWidth": 2,
                                                "text": "=",
                                                "hasTrailingTrivia": true
                                            },
                                            "_value": {
                                                "kind": "ObjectLiteralExpression",
                                                "_openBraceToken": {
                                                    "kind": "OpenBraceToken",
                                                    "start": 784,
                                                    "width": 1,
                                                    "fullWidth": 3,
                                                    "text": "{",
                                                    "hasTrailingTrivia": true,
                                                    "hasTrailingNewLineTrivia": true
                                                },
                                                "_propertyAssignments": [
                                                    {
                                                        "kind": "SimplePropertyAssignment",
                                                        "_propertyName": {
                                                            "kind": "IdentifierNameToken",
                                                            "start": 799,
                                                            "fullStart": 787,
                                                            "width": 4,
                                                            "fullWidth": 16,
                                                            "text": "foo1",
                                                            "valueText": "foo1",
                                                            "hasLeadingTrivia": true
                                                        },
                                                        "_colonToken": {
                                                            "kind": "ColonToken",
                                                            "start": 803,
                                                            "width": 1,
                                                            "fullWidth": 2,
                                                            "text": ":",
                                                            "hasTrailingTrivia": true
                                                        },
                                                        "_expression": {
                                                            "kind": "ObjectLiteralExpression",
                                                            "_openBraceToken": {
                                                                "kind": "OpenBraceToken",
                                                                "start": 805,
                                                                "width": 1,
                                                                "fullWidth": 3,
                                                                "text": "{",
                                                                "hasTrailingTrivia": true,
                                                                "hasTrailingNewLineTrivia": true
                                                            },
                                                            "_propertyAssignments": [
                                                                {
                                                                    "kind": "SimplePropertyAssignment",
                                                                    "_propertyName": {
                                                                        "kind": "IdentifierNameToken",
                                                                        "start": 824,
                                                                        "fullStart": 808,
                                                                        "width": 5,
                                                                        "fullWidth": 21,
                                                                        "text": "value",
                                                                        "valueText": "value",
                                                                        "hasLeadingTrivia": true
                                                                    },
                                                                    "_colonToken": {
                                                                        "kind": "ColonToken",
                                                                        "start": 829,
                                                                        "width": 1,
                                                                        "fullWidth": 2,
                                                                        "text": ":",
                                                                        "hasTrailingTrivia": true
                                                                    },
                                                                    "_expression": {
                                                                        "kind": "NumericLiteralExpression",
                                                                        "_literalToken": {
                                                                            "kind": "NumericLiteral",
                                                                            "start": 831,
                                                                            "width": 3,
                                                                            "text": "200"
                                                                        }
                                                                    }
                                                                },
                                                                {
                                                                    "kind": "CommaToken",
                                                                    "start": 834,
                                                                    "width": 1,
                                                                    "fullWidth": 3,
                                                                    "text": ",",
                                                                    "hasTrailingTrivia": true,
                                                                    "hasTrailingNewLineTrivia": true
                                                                },
                                                                {
                                                                    "kind": "SimplePropertyAssignment",
                                                                    "_propertyName": {
                                                                        "kind": "IdentifierNameToken",
                                                                        "start": 853,
                                                                        "fullStart": 837,
                                                                        "width": 10,
                                                                        "fullWidth": 26,
                                                                        "text": "enumerable",
                                                                        "valueText": "enumerable",
                                                                        "hasLeadingTrivia": true
                                                                    },
                                                                    "_colonToken": {
                                                                        "kind": "ColonToken",
                                                                        "start": 863,
                                                                        "width": 1,
                                                                        "fullWidth": 2,
                                                                        "text": ":",
                                                                        "hasTrailingTrivia": true
                                                                    },
                                                                    "_expression": {
                                                                        "kind": "BooleanLiteralExpression",
                                                                        "_literalToken": {
                                                                            "kind": "IdentifierNameToken",
                                                                            "keywordKind": "TrueKeyword",
                                                                            "start": 865,
                                                                            "width": 4,
                                                                            "text": "true"
                                                                        }
                                                                    }
                                                                },
                                                                {
                                                                    "kind": "CommaToken",
                                                                    "start": 869,
                                                                    "width": 1,
                                                                    "fullWidth": 3,
                                                                    "text": ",",
                                                                    "hasTrailingTrivia": true,
                                                                    "hasTrailingNewLineTrivia": true
                                                                },
                                                                {
                                                                    "kind": "SimplePropertyAssignment",
                                                                    "_propertyName": {
                                                                        "kind": "IdentifierNameToken",
                                                                        "start": 888,
                                                                        "fullStart": 872,
                                                                        "width": 8,
                                                                        "fullWidth": 24,
                                                                        "text": "writable",
                                                                        "valueText": "writable",
                                                                        "hasLeadingTrivia": true
                                                                    },
                                                                    "_colonToken": {
                                                                        "kind": "ColonToken",
                                                                        "start": 896,
                                                                        "width": 1,
                                                                        "fullWidth": 2,
                                                                        "text": ":",
                                                                        "hasTrailingTrivia": true
                                                                    },
                                                                    "_expression": {
                                                                        "kind": "BooleanLiteralExpression",
                                                                        "_literalToken": {
                                                                            "kind": "IdentifierNameToken",
                                                                            "keywordKind": "TrueKeyword",
                                                                            "start": 898,
                                                                            "width": 4,
                                                                            "text": "true"
                                                                        }
                                                                    }
                                                                },
                                                                {
                                                                    "kind": "CommaToken",
                                                                    "start": 902,
                                                                    "width": 1,
                                                                    "fullWidth": 3,
                                                                    "text": ",",
                                                                    "hasTrailingTrivia": true,
                                                                    "hasTrailingNewLineTrivia": true
                                                                },
                                                                {
                                                                    "kind": "SimplePropertyAssignment",
                                                                    "_propertyName": {
                                                                        "kind": "IdentifierNameToken",
                                                                        "start": 921,
                                                                        "fullStart": 905,
                                                                        "width": 12,
                                                                        "fullWidth": 28,
                                                                        "text": "configurable",
                                                                        "valueText": "configurable",
                                                                        "hasLeadingTrivia": true
                                                                    },
                                                                    "_colonToken": {
                                                                        "kind": "ColonToken",
                                                                        "start": 933,
                                                                        "width": 1,
                                                                        "fullWidth": 2,
                                                                        "text": ":",
                                                                        "hasTrailingTrivia": true
                                                                    },
                                                                    "_expression": {
                                                                        "kind": "BooleanLiteralExpression",
                                                                        "_literalToken": {
                                                                            "kind": "IdentifierNameToken",
                                                                            "keywordKind": "TrueKeyword",
                                                                            "start": 935,
                                                                            "width": 4,
                                                                            "fullWidth": 6,
                                                                            "text": "true",
                                                                            "hasTrailingTrivia": true,
                                                                            "hasTrailingNewLineTrivia": true
                                                                        }
                                                                    }
                                                                }
                                                            ],
                                                            "_closeBraceToken": {
                                                                "kind": "CloseBraceToken",
                                                                "start": 953,
                                                                "fullStart": 941,
                                                                "width": 1,
                                                                "fullWidth": 13,
                                                                "text": "}",
                                                                "hasLeadingTrivia": true
                                                            }
                                                        }
                                                    },
                                                    {
                                                        "kind": "CommaToken",
                                                        "start": 954,
                                                        "width": 1,
                                                        "fullWidth": 3,
                                                        "text": ",",
                                                        "hasTrailingTrivia": true,
                                                        "hasTrailingNewLineTrivia": true
                                                    },
                                                    {
                                                        "kind": "SimplePropertyAssignment",
                                                        "_propertyName": {
                                                            "kind": "IdentifierNameToken",
                                                            "start": 969,
                                                            "fullStart": 957,
                                                            "width": 4,
                                                            "fullWidth": 16,
                                                            "text": "foo2",
                                                            "valueText": "foo2",
                                                            "hasLeadingTrivia": true
                                                        },
                                                        "_colonToken": {
                                                            "kind": "ColonToken",
                                                            "start": 973,
                                                            "width": 1,
                                                            "fullWidth": 2,
                                                            "text": ":",
                                                            "hasTrailingTrivia": true
                                                        },
                                                        "_expression": {
                                                            "kind": "ObjectLiteralExpression",
                                                            "_openBraceToken": {
                                                                "kind": "OpenBraceToken",
                                                                "start": 975,
                                                                "width": 1,
                                                                "fullWidth": 3,
                                                                "text": "{",
                                                                "hasTrailingTrivia": true,
                                                                "hasTrailingNewLineTrivia": true
                                                            },
                                                            "_propertyAssignments": [
                                                                {
                                                                    "kind": "SimplePropertyAssignment",
                                                                    "_propertyName": {
                                                                        "kind": "IdentifierNameToken",
                                                                        "keywordKind": "GetKeyword",
                                                                        "start": 994,
                                                                        "fullStart": 978,
                                                                        "width": 3,
                                                                        "fullWidth": 19,
                                                                        "text": "get",
                                                                        "hasLeadingTrivia": true
                                                                    },
                                                                    "_colonToken": {
                                                                        "kind": "ColonToken",
                                                                        "start": 997,
                                                                        "width": 1,
                                                                        "fullWidth": 2,
                                                                        "text": ":",
                                                                        "hasTrailingTrivia": true
                                                                    },
                                                                    "_expression": {
                                                                        "kind": "IdentifierName",
                                                                        "_identifier": {
                                                                            "kind": "IdentifierNameToken",
                                                                            "start": 999,
                                                                            "width": 8,
                                                                            "text": "get_func",
                                                                            "valueText": "get_func"
                                                                        }
                                                                    }
                                                                },
                                                                {
                                                                    "kind": "CommaToken",
                                                                    "start": 1007,
                                                                    "width": 1,
                                                                    "fullWidth": 3,
                                                                    "text": ",",
                                                                    "hasTrailingTrivia": true,
                                                                    "hasTrailingNewLineTrivia": true
                                                                },
                                                                {
                                                                    "kind": "SimplePropertyAssignment",
                                                                    "_propertyName": {
                                                                        "kind": "IdentifierNameToken",
                                                                        "keywordKind": "SetKeyword",
                                                                        "start": 1026,
                                                                        "fullStart": 1010,
                                                                        "width": 3,
                                                                        "fullWidth": 19,
                                                                        "text": "set",
                                                                        "hasLeadingTrivia": true
                                                                    },
                                                                    "_colonToken": {
                                                                        "kind": "ColonToken",
                                                                        "start": 1029,
                                                                        "width": 1,
                                                                        "fullWidth": 2,
                                                                        "text": ":",
                                                                        "hasTrailingTrivia": true
                                                                    },
                                                                    "_expression": {
                                                                        "kind": "IdentifierName",
                                                                        "_identifier": {
                                                                            "kind": "IdentifierNameToken",
                                                                            "start": 1031,
                                                                            "width": 8,
                                                                            "text": "set_func",
                                                                            "valueText": "set_func"
                                                                        }
                                                                    }
                                                                },
                                                                {
                                                                    "kind": "CommaToken",
                                                                    "start": 1039,
                                                                    "width": 1,
                                                                    "fullWidth": 3,
                                                                    "text": ",",
                                                                    "hasTrailingTrivia": true,
                                                                    "hasTrailingNewLineTrivia": true
                                                                },
                                                                {
                                                                    "kind": "SimplePropertyAssignment",
                                                                    "_propertyName": {
                                                                        "kind": "IdentifierNameToken",
                                                                        "start": 1058,
                                                                        "fullStart": 1042,
                                                                        "width": 10,
                                                                        "fullWidth": 26,
                                                                        "text": "enumerable",
                                                                        "valueText": "enumerable",
                                                                        "hasLeadingTrivia": true
                                                                    },
                                                                    "_colonToken": {
                                                                        "kind": "ColonToken",
                                                                        "start": 1068,
                                                                        "width": 1,
                                                                        "fullWidth": 2,
                                                                        "text": ":",
                                                                        "hasTrailingTrivia": true
                                                                    },
                                                                    "_expression": {
                                                                        "kind": "BooleanLiteralExpression",
                                                                        "_literalToken": {
                                                                            "kind": "IdentifierNameToken",
                                                                            "keywordKind": "TrueKeyword",
                                                                            "start": 1070,
                                                                            "width": 4,
                                                                            "text": "true"
                                                                        }
                                                                    }
                                                                },
                                                                {
                                                                    "kind": "CommaToken",
                                                                    "start": 1074,
                                                                    "width": 1,
                                                                    "fullWidth": 3,
                                                                    "text": ",",
                                                                    "hasTrailingTrivia": true,
                                                                    "hasTrailingNewLineTrivia": true
                                                                },
                                                                {
                                                                    "kind": "SimplePropertyAssignment",
                                                                    "_propertyName": {
                                                                        "kind": "IdentifierNameToken",
                                                                        "start": 1093,
                                                                        "fullStart": 1077,
                                                                        "width": 12,
                                                                        "fullWidth": 28,
                                                                        "text": "configurable",
                                                                        "valueText": "configurable",
                                                                        "hasLeadingTrivia": true
                                                                    },
                                                                    "_colonToken": {
                                                                        "kind": "ColonToken",
                                                                        "start": 1105,
                                                                        "width": 1,
                                                                        "fullWidth": 2,
                                                                        "text": ":",
                                                                        "hasTrailingTrivia": true
                                                                    },
                                                                    "_expression": {
                                                                        "kind": "BooleanLiteralExpression",
                                                                        "_literalToken": {
                                                                            "kind": "IdentifierNameToken",
                                                                            "keywordKind": "TrueKeyword",
                                                                            "start": 1107,
                                                                            "width": 4,
                                                                            "fullWidth": 6,
                                                                            "text": "true",
                                                                            "hasTrailingTrivia": true,
                                                                            "hasTrailingNewLineTrivia": true
                                                                        }
                                                                    }
                                                                }
                                                            ],
                                                            "_closeBraceToken": {
                                                                "kind": "CloseBraceToken",
                                                                "start": 1125,
                                                                "fullStart": 1113,
                                                                "width": 1,
                                                                "fullWidth": 15,
                                                                "text": "}",
                                                                "hasLeadingTrivia": true,
                                                                "hasTrailingTrivia": true,
                                                                "hasTrailingNewLineTrivia": true
                                                            }
                                                        }
                                                    }
                                                ],
                                                "_closeBraceToken": {
                                                    "kind": "CloseBraceToken",
                                                    "start": 1136,
                                                    "fullStart": 1128,
                                                    "width": 1,
                                                    "fullWidth": 9,
                                                    "text": "}",
                                                    "hasLeadingTrivia": true
                                                }
                                            }
                                        }
                                    }
                                ]
                            },
                            "_semicolonToken": {
                                "kind": "SemicolonToken",
                                "start": 1137,
                                "width": 1,
                                "fullWidth": 3,
                                "text": ";",
                                "hasTrailingTrivia": true,
                                "hasTrailingNewLineTrivia": true
                            }
                        },
                        {
                            "kind": "ExpressionStatement",
                            "_expression": {
                                "kind": "InvocationExpression",
                                "_expression": {
                                    "kind": "MemberAccessExpression",
                                    "_expression": {
                                        "kind": "IdentifierName",
                                        "_identifier": {
                                            "kind": "IdentifierNameToken",
                                            "start": 1150,
                                            "fullStart": 1140,
                                            "width": 6,
                                            "fullWidth": 16,
                                            "text": "Object",
                                            "valueText": "Object",
                                            "hasLeadingTrivia": true,
                                            "hasLeadingNewLineTrivia": true
                                        }
                                    },
                                    "_dotToken": {
                                        "kind": "DotToken",
                                        "start": 1156,
                                        "width": 1,
                                        "text": "."
                                    },
                                    "_identifierName": {
                                        "kind": "IdentifierName",
                                        "_identifier": {
                                            "kind": "IdentifierNameToken",
                                            "start": 1157,
                                            "width": 16,
                                            "text": "defineProperties",
                                            "valueText": "defineProperties"
                                        }
                                    }
                                },
                                "_argumentList": {
                                    "kind": "ArgumentList",
                                    "_openParenToken": {
                                        "kind": "OpenParenToken",
                                        "start": 1173,
                                        "width": 1,
                                        "text": "("
                                    },
                                    "_arguments": [
                                        {
                                            "kind": "IdentifierName",
                                            "_identifier": {
                                                "kind": "IdentifierNameToken",
                                                "start": 1174,
                                                "width": 3,
                                                "text": "obj",
                                                "valueText": "obj"
                                            }
                                        },
                                        {
                                            "kind": "CommaToken",
                                            "start": 1177,
                                            "width": 1,
                                            "fullWidth": 2,
                                            "text": ",",
                                            "hasTrailingTrivia": true
                                        },
                                        {
                                            "kind": "IdentifierName",
                                            "_identifier": {
                                                "kind": "IdentifierNameToken",
                                                "start": 1179,
                                                "width": 10,
                                                "text": "properties",
                                                "valueText": "properties"
                                            }
                                        }
                                    ],
                                    "_closeParenToken": {
                                        "kind": "CloseParenToken",
                                        "start": 1189,
                                        "width": 1,
                                        "text": ")"
                                    }
                                }
                            },
                            "_semicolonToken": {
                                "kind": "SemicolonToken",
                                "start": 1190,
                                "width": 1,
                                "fullWidth": 3,
                                "text": ";",
                                "hasTrailingTrivia": true,
                                "hasTrailingNewLineTrivia": true
                            }
                        },
                        {
                            "kind": "ReturnStatement",
                            "_returnKeyword": {
                                "kind": "IdentifierNameToken",
                                "keywordKind": "ReturnKeyword",
                                "start": 1201,
                                "fullStart": 1193,
                                "width": 6,
                                "fullWidth": 15,
                                "text": "return",
                                "hasLeadingTrivia": true,
                                "hasTrailingTrivia": true
                            },
                            "_expression": {
                                "kind": "LogicalAndExpression",
                                "_left": {
                                    "kind": "InvocationExpression",
                                    "_expression": {
                                        "kind": "IdentifierName",
                                        "_identifier": {
                                            "kind": "IdentifierNameToken",
                                            "start": 1208,
                                            "width": 32,
                                            "text": "dataPropertyAttributesAreCorrect",
                                            "valueText": "dataPropertyAttributesAreCorrect"
                                        }
                                    },
                                    "_argumentList": {
                                        "kind": "ArgumentList",
                                        "_openParenToken": {
                                            "kind": "OpenParenToken",
                                            "start": 1240,
                                            "width": 1,
                                            "text": "("
                                        },
                                        "_arguments": [
                                            {
                                                "kind": "IdentifierName",
                                                "_identifier": {
                                                    "kind": "IdentifierNameToken",
                                                    "start": 1241,
                                                    "width": 3,
                                                    "text": "obj",
                                                    "valueText": "obj"
                                                }
                                            },
                                            {
                                                "kind": "CommaToken",
                                                "start": 1244,
                                                "width": 1,
                                                "fullWidth": 2,
                                                "text": ",",
                                                "hasTrailingTrivia": true
                                            },
                                            {
                                                "kind": "StringLiteralExpression",
                                                "_literalToken": {
                                                    "kind": "StringLiteral",
                                                    "start": 1246,
                                                    "width": 6,
                                                    "text": "\"foo1\""
                                                }
                                            },
                                            {
                                                "kind": "CommaToken",
                                                "start": 1252,
                                                "width": 1,
                                                "fullWidth": 2,
                                                "text": ",",
                                                "hasTrailingTrivia": true
                                            },
                                            {
                                                "kind": "NumericLiteralExpression",
                                                "_literalToken": {
                                                    "kind": "NumericLiteral",
                                                    "start": 1254,
                                                    "width": 3,
                                                    "text": "200"
                                                }
                                            },
                                            {
                                                "kind": "CommaToken",
                                                "start": 1257,
                                                "width": 1,
                                                "fullWidth": 2,
                                                "text": ",",
                                                "hasTrailingTrivia": true
                                            },
                                            {
                                                "kind": "BooleanLiteralExpression",
                                                "_literalToken": {
                                                    "kind": "IdentifierNameToken",
                                                    "keywordKind": "TrueKeyword",
                                                    "start": 1259,
                                                    "width": 4,
                                                    "text": "true"
                                                }
                                            },
                                            {
                                                "kind": "CommaToken",
                                                "start": 1263,
                                                "width": 1,
                                                "fullWidth": 2,
                                                "text": ",",
                                                "hasTrailingTrivia": true
                                            },
                                            {
                                                "kind": "BooleanLiteralExpression",
                                                "_literalToken": {
                                                    "kind": "IdentifierNameToken",
                                                    "keywordKind": "TrueKeyword",
                                                    "start": 1265,
                                                    "width": 4,
                                                    "text": "true"
                                                }
                                            },
                                            {
                                                "kind": "CommaToken",
                                                "start": 1269,
                                                "width": 1,
                                                "fullWidth": 2,
                                                "text": ",",
                                                "hasTrailingTrivia": true
                                            },
                                            {
                                                "kind": "BooleanLiteralExpression",
                                                "_literalToken": {
                                                    "kind": "IdentifierNameToken",
                                                    "keywordKind": "TrueKeyword",
                                                    "start": 1271,
                                                    "width": 4,
                                                    "text": "true"
                                                }
                                            }
                                        ],
                                        "_closeParenToken": {
                                            "kind": "CloseParenToken",
                                            "start": 1275,
                                            "width": 1,
                                            "fullWidth": 2,
                                            "text": ")",
                                            "hasTrailingTrivia": true
                                        }
                                    }
                                },
                                "_operatorToken": {
                                    "kind": "AmpersandAmpersandToken",
                                    "start": 1277,
                                    "width": 2,
                                    "fullWidth": 3,
                                    "text": "&&",
                                    "hasTrailingTrivia": true
                                },
                                "_right": {
                                    "kind": "InvocationExpression",
                                    "_expression": {
                                        "kind": "IdentifierName",
                                        "_identifier": {
                                            "kind": "IdentifierNameToken",
                                            "start": 1280,
                                            "width": 36,
                                            "text": "accessorPropertyAttributesAreCorrect",
                                            "valueText": "accessorPropertyAttributesAreCorrect"
                                        }
                                    },
                                    "_argumentList": {
                                        "kind": "ArgumentList",
                                        "_openParenToken": {
                                            "kind": "OpenParenToken",
                                            "start": 1316,
                                            "width": 1,
                                            "text": "("
                                        },
                                        "_arguments": [
                                            {
                                                "kind": "IdentifierName",
                                                "_identifier": {
                                                    "kind": "IdentifierNameToken",
                                                    "start": 1317,
                                                    "width": 3,
                                                    "text": "obj",
                                                    "valueText": "obj"
                                                }
                                            },
                                            {
                                                "kind": "CommaToken",
                                                "start": 1320,
                                                "width": 1,
                                                "fullWidth": 2,
                                                "text": ",",
                                                "hasTrailingTrivia": true
                                            },
                                            {
                                                "kind": "StringLiteralExpression",
                                                "_literalToken": {
                                                    "kind": "StringLiteral",
                                                    "start": 1322,
                                                    "width": 6,
                                                    "text": "\"foo2\""
                                                }
                                            },
                                            {
                                                "kind": "CommaToken",
                                                "start": 1328,
                                                "width": 1,
                                                "fullWidth": 2,
                                                "text": ",",
                                                "hasTrailingTrivia": true
                                            },
                                            {
                                                "kind": "IdentifierName",
                                                "_identifier": {
                                                    "kind": "IdentifierNameToken",
                                                    "start": 1330,
                                                    "width": 8,
                                                    "text": "get_func",
                                                    "valueText": "get_func"
                                                }
                                            },
                                            {
                                                "kind": "CommaToken",
                                                "start": 1338,
                                                "width": 1,
                                                "fullWidth": 2,
                                                "text": ",",
                                                "hasTrailingTrivia": true
                                            },
                                            {
                                                "kind": "IdentifierName",
                                                "_identifier": {
                                                    "kind": "IdentifierNameToken",
                                                    "start": 1340,
                                                    "width": 8,
                                                    "text": "set_func",
                                                    "valueText": "set_func"
                                                }
                                            },
                                            {
                                                "kind": "CommaToken",
                                                "start": 1348,
                                                "width": 1,
                                                "fullWidth": 2,
                                                "text": ",",
                                                "hasTrailingTrivia": true
                                            },
                                            {
                                                "kind": "StringLiteralExpression",
                                                "_literalToken": {
                                                    "kind": "StringLiteral",
                                                    "start": 1350,
                                                    "width": 19,
                                                    "text": "\"setVerifyHelpProp\""
                                                }
                                            },
                                            {
                                                "kind": "CommaToken",
                                                "start": 1369,
                                                "width": 1,
                                                "fullWidth": 2,
                                                "text": ",",
                                                "hasTrailingTrivia": true
                                            },
                                            {
                                                "kind": "BooleanLiteralExpression",
                                                "_literalToken": {
                                                    "kind": "IdentifierNameToken",
                                                    "keywordKind": "TrueKeyword",
                                                    "start": 1371,
                                                    "width": 4,
                                                    "text": "true"
                                                }
                                            },
                                            {
                                                "kind": "CommaToken",
                                                "start": 1375,
                                                "width": 1,
                                                "fullWidth": 2,
                                                "text": ",",
                                                "hasTrailingTrivia": true
                                            },
                                            {
                                                "kind": "BooleanLiteralExpression",
                                                "_literalToken": {
                                                    "kind": "IdentifierNameToken",
                                                    "keywordKind": "TrueKeyword",
                                                    "start": 1377,
                                                    "width": 4,
                                                    "text": "true"
                                                }
                                            }
                                        ],
                                        "_closeParenToken": {
                                            "kind": "CloseParenToken",
                                            "start": 1381,
                                            "width": 1,
                                            "text": ")"
                                        }
                                    }
                                }
                            },
                            "_semicolonToken": {
                                "kind": "SemicolonToken",
                                "start": 1382,
                                "width": 1,
                                "fullWidth": 3,
                                "text": ";",
                                "hasTrailingTrivia": true,
                                "hasTrailingNewLineTrivia": true
                            }
                        }
                    ],
                    "_closeBraceToken": {
                        "kind": "CloseBraceToken",
                        "start": 1391,
                        "fullStart": 1385,
                        "width": 1,
                        "fullWidth": 9,
                        "text": "}",
                        "hasLeadingTrivia": true,
                        "hasLeadingNewLineTrivia": true,
                        "hasTrailingTrivia": true,
                        "hasTrailingNewLineTrivia": true
                    }
                }
            },
            {
                "kind": "ExpressionStatement",
                "_expression": {
                    "kind": "InvocationExpression",
                    "_expression": {
                        "kind": "IdentifierName",
                        "_identifier": {
                            "kind": "IdentifierNameToken",
                            "start": 1394,
                            "width": 11,
                            "text": "runTestCase",
                            "valueText": "runTestCase"
                        }
                    },
                    "_argumentList": {
                        "kind": "ArgumentList",
                        "_openParenToken": {
                            "kind": "OpenParenToken",
                            "start": 1405,
                            "width": 1,
                            "text": "("
                        },
                        "_arguments": [
                            {
                                "kind": "IdentifierName",
                                "_identifier": {
                                    "kind": "IdentifierNameToken",
                                    "start": 1406,
                                    "width": 8,
                                    "text": "testcase",
                                    "valueText": "testcase"
                                }
                            }
                        ],
                        "_closeParenToken": {
                            "kind": "CloseParenToken",
                            "start": 1414,
                            "width": 1,
                            "text": ")"
                        }
                    }
                },
                "_semicolonToken": {
                    "kind": "SemicolonToken",
                    "start": 1415,
                    "width": 1,
                    "fullWidth": 3,
                    "text": ";",
                    "hasTrailingTrivia": true,
                    "hasTrailingNewLineTrivia": true
                }
            }
        ],
        "_endOfFileToken": {
            "kind": "EndOfFileToken",
            "start": 1418,
            "width": 0,
            "text": ""
        }
    }
}