{
    "_sourceUnit": {
        "kind": "SourceUnit",
        "_moduleElements": [
            {
                "kind": "FunctionDeclaration",
                "_functionKeyword": {
                    "kind": "IdentifierNameToken",
                    "keywordKind": "FunctionKeyword",
                    "start": 524,
                    "fullStart": 0,
                    "width": 8,
                    "fullWidth": 533,
                    "text": "function",
                    "hasLeadingTrivia": true,
                    "hasLeadingCommentTrivia": true,
                    "hasLeadingNewLineTrivia": true,
                    "hasTrailingTrivia": true
                },
                "_functionSignature": {
                    "kind": "FunctionSignature",
                    "_identifier": {
                        "kind": "IdentifierNameToken",
                        "start": 533,
                        "width": 8,
                        "text": "testcase",
                        "valueText": "testcase"
                    },
                    "_parameterList": {
                        "kind": "ParameterList",
                        "_openParenToken": {
                            "kind": "OpenParenToken",
                            "start": 541,
                            "width": 1,
                            "text": "("
                        },
                        "_parameters": [],
                        "_closeParenToken": {
                            "kind": "CloseParenToken",
                            "start": 542,
                            "width": 1,
                            "fullWidth": 2,
                            "text": ")",
                            "hasTrailingTrivia": true
                        }
                    }
                },
                "_block": {
                    "kind": "Block",
                    "_openBraceToken": {
                        "kind": "OpenBraceToken",
                        "start": 544,
                        "width": 1,
                        "fullWidth": 3,
                        "text": "{",
                        "hasTrailingTrivia": true,
                        "hasTrailingNewLineTrivia": true
                    },
                    "_statements": [
                        {
                            "kind": "ReturnStatement",
                            "_returnKeyword": {
                                "kind": "IdentifierNameToken",
                                "keywordKind": "ReturnKeyword",
                                "start": 607,
                                "fullStart": 547,
                                "width": 6,
                                "fullWidth": 67,
                                "text": "return",
                                "hasLeadingTrivia": true,
                                "hasLeadingCommentTrivia": true,
                                "hasLeadingNewLineTrivia": true,
                                "hasTrailingTrivia": true
                            },
                            "_expression": {
                                "kind": "EqualsExpression",
                                "_left": {
                                    "kind": "InvocationExpression",
                                    "_expression": {
                                        "kind": "MemberAccessExpression",
                                        "_expression": {
                                            "kind": "IdentifierName",
                                            "_identifier": {
                                                "kind": "IdentifierNameToken",
                                                "start": 614,
                                                "width": 6,
                                                "text": "Object",
                                                "valueText": "Object"
                                            }
                                        },
                                        "_dotToken": {
                                            "kind": "DotToken",
                                            "start": 620,
                                            "width": 1,
                                            "text": "."
                                        },
                                        "_identifierName": {
                                            "kind": "IdentifierName",
                                            "_identifier": {
                                                "kind": "IdentifierNameToken",
                                                "start": 621,
                                                "width": 14,
                                                "text": "getPrototypeOf",
                                                "valueText": "getPrototypeOf"
                                            }
                                        }
                                    },
                                    "_argumentList": {
                                        "kind": "ArgumentList",
                                        "_openParenToken": {
                                            "kind": "OpenParenToken",
                                            "start": 635,
                                            "width": 1,
                                            "text": "("
                                        },
                                        "_arguments": [
                                            {
                                                "kind": "ObjectCreationExpression",
                                                "_newKeyword": {
                                                    "kind": "IdentifierNameToken",
                                                    "keywordKind": "NewKeyword",
                                                    "start": 636,
                                                    "width": 3,
                                                    "fullWidth": 4,
                                                    "text": "new",
                                                    "hasTrailingTrivia": true
                                                },
                                                "_expression": {
                                                    "kind": "IdentifierName",
                                                    "_identifier": {
                                                        "kind": "IdentifierNameToken",
                                                        "start": 640,
                                                        "width": 6,
                                                        "text": "Number",
                                                        "valueText": "Number"
                                                    }
                                                },
                                                "_argumentList": {
                                                    "kind": "ArgumentList",
                                                    "_openParenToken": {
                                                        "kind": "OpenParenToken",
                                                        "start": 646,
                                                        "width": 1,
                                                        "text": "("
                                                    },
                                                    "_arguments": [
                                                        {
                                                            "kind": "NumericLiteralExpression",
                                                            "_literalToken": {
                                                                "kind": "NumericLiteral",
                                                                "start": 647,
                                                                "width": 2,
                                                                "text": "42"
                                                            }
                                                        }
                                                    ],
                                                    "_closeParenToken": {
                                                        "kind": "CloseParenToken",
                                                        "start": 649,
                                                        "width": 1,
                                                        "text": ")"
                                                    }
                                                }
                                            }
                                        ],
                                        "_closeParenToken": {
                                            "kind": "CloseParenToken",
                                            "start": 650,
                                            "width": 1,
                                            "text": ")"
                                        }
                                    }
                                },
                                "_operatorToken": {
                                    "kind": "EqualsEqualsEqualsToken",
                                    "start": 651,
                                    "width": 3,
                                    "text": "==="
                                },
                                "_right": {
                                    "kind": "MemberAccessExpression",
                                    "_expression": {
                                        "kind": "IdentifierName",
                                        "_identifier": {
                                            "kind": "IdentifierNameToken",
                                            "start": 654,
                                            "width": 6,
                                            "text": "Number",
                                            "valueText": "Number"
                                        }
                                    },
                                    "_dotToken": {
                                        "kind": "DotToken",
                                        "start": 660,
                                        "width": 1,
                                        "text": "."
                                    },
                                    "_identifierName": {
                                        "kind": "IdentifierName",
                                        "_identifier": {
                                            "kind": "IdentifierNameToken",
                                            "start": 661,
                                            "width": 9,
                                            "text": "prototype",
                                            "valueText": "prototype"
                                        }
                                    }
                                }
                            },
                            "_semicolonToken": {
                                "kind": "SemicolonToken",
                                "start": 670,
                                "width": 1,
                                "fullWidth": 3,
                                "text": ";",
                                "hasTrailingTrivia": true,
                                "hasTrailingNewLineTrivia": true
                            }
                        }
                    ],
                    "_closeBraceToken": {
                        "kind": "CloseBraceToken",
                        "start": 674,
                        "fullStart": 673,
                        "width": 1,
                        "fullWidth": 4,
                        "text": "}",
                        "hasLeadingTrivia": true,
                        "hasTrailingTrivia": true,
                        "hasTrailingNewLineTrivia": true
                    }
                }
            },
            {
                "kind": "ExpressionStatement",
                "_expression": {
                    "kind": "InvocationExpression",
                    "_expression": {
                        "kind": "IdentifierName",
                        "_identifier": {
                            "kind": "IdentifierNameToken",
                            "start": 677,
                            "width": 11,
                            "text": "runTestCase",
                            "valueText": "runTestCase"
                        }
                    },
                    "_argumentList": {
                        "kind": "ArgumentList",
                        "_openParenToken": {
                            "kind": "OpenParenToken",
                            "start": 688,
                            "width": 1,
                            "text": "("
                        },
                        "_arguments": [
                            {
                                "kind": "IdentifierName",
                                "_identifier": {
                                    "kind": "IdentifierNameToken",
                                    "start": 689,
                                    "width": 8,
                                    "text": "testcase",
                                    "valueText": "testcase"
                                }
                            }
                        ],
                        "_closeParenToken": {
                            "kind": "CloseParenToken",
                            "start": 697,
                            "width": 1,
                            "text": ")"
                        }
                    }
                },
                "_semicolonToken": {
                    "kind": "SemicolonToken",
                    "start": 698,
                    "width": 1,
                    "fullWidth": 3,
                    "text": ";",
                    "hasTrailingTrivia": true,
                    "hasTrailingNewLineTrivia": true
                }
            }
        ],
        "_endOfFileToken": {
            "kind": "EndOfFileToken",
            "start": 701,
            "width": 0,
            "text": ""
        }
    }
}