{
    "isDeclaration": false,
    "languageVersion": "EcmaScript5",
    "parseOptions": {
        "allowAutomaticSemicolonInsertion": true,
        "allowModuleKeywordInExternalModuleReference": true
    },
    "sourceUnit": {
        "kind": "SourceUnit",
        "fullWidth": 703,
        "isIncrementallyUnusable": true,
        "moduleElements": [
            {
                "kind": "FunctionDeclaration",
                "fullWidth": 679,
                "modifiers": [],
                "functionKeyword": {
                    "kind": "FunctionKeyword",
                    "width": 8,
                    "fullWidth": 541,
                    "text": "function",
                    "value": "function",
                    "valueText": "function",
                    "hasLeadingTrivia": true,
                    "hasLeadingComment": true,
                    "hasLeadingNewLine": true,
                    "hasTrailingTrivia": true,
                    "leadingTrivia": [
                        {
                            "kind": "SingleLineCommentTrivia",
                            "text": "/// Copyright (c) 2012 Ecma International.  All rights reserved. "
                        },
                        {
                            "kind": "NewLineTrivia",
                            "text": "\r\n"
                        },
                        {
                            "kind": "SingleLineCommentTrivia",
                            "text": "/// Ecma International makes this code available under the terms and conditions set"
                        },
                        {
                            "kind": "NewLineTrivia",
                            "text": "\r\n"
                        },
                        {
                            "kind": "SingleLineCommentTrivia",
                            "text": "/// forth on http://hg.ecmascript.org/tests/test262/raw-file/tip/LICENSE (the "
                        },
                        {
                            "kind": "NewLineTrivia",
                            "text": "\r\n"
                        },
                        {
                            "kind": "SingleLineCommentTrivia",
                            "text": "/// \"Use Terms\").   Any redistribution of this code must retain the above "
                        },
                        {
                            "kind": "NewLineTrivia",
                            "text": "\r\n"
                        },
                        {
                            "kind": "SingleLineCommentTrivia",
                            "text": "/// copyright and this notice and otherwise comply with the Use Terms."
                        },
                        {
                            "kind": "NewLineTrivia",
                            "text": "\r\n"
                        },
                        {
                            "kind": "MultiLineCommentTrivia",
                            "text": "/**\r\n * @path ch07/7.3/7.3-2.js\r\n * @description 7.3 - ES5 recognizes the character <PS> (\\u2029) as line terminators when parsing statements\r\n */"
                        },
                        {
                            "kind": "NewLineTrivia",
                            "text": "\r\n"
                        },
                        {
                            "kind": "NewLineTrivia",
                            "text": "\r\n"
                        },
                        {
                            "kind": "NewLineTrivia",
                            "text": "\r\n"
                        }
                    ],
                    "trailingTrivia": [
                        {
                            "kind": "WhitespaceTrivia",
                            "text": " "
                        }
                    ]
                },
                "identifier": {
                    "kind": "IdentifierName",
                    "width": 8,
                    "text": "testcase",
                    "value": "testcase",
                    "valueText": "testcase"
                },
                "callSignature": {
                    "kind": "CallSignature",
                    "fullWidth": 3,
                    "parameterList": {
                        "kind": "ParameterList",
                        "fullWidth": 3,
                        "openParenToken": {
                            "kind": "OpenParenToken",
                            "width": 1,
                            "text": "(",
                            "value": "(",
                            "valueText": "("
                        },
                        "parameters": [],
                        "closeParenToken": {
                            "kind": "CloseParenToken",
                            "width": 1,
                            "fullWidth": 2,
                            "text": ")",
                            "value": ")",
                            "valueText": ")",
                            "hasTrailingTrivia": true,
                            "trailingTrivia": [
                                {
                                    "kind": "WhitespaceTrivia",
                                    "text": " "
                                }
                            ]
                        }
                    }
                },
                "block": {
                    "kind": "Block",
                    "fullWidth": 127,
                    "openBraceToken": {
                        "kind": "OpenBraceToken",
                        "width": 1,
                        "fullWidth": 3,
                        "text": "{",
                        "value": "{",
                        "valueText": "{",
                        "hasTrailingTrivia": true,
                        "hasTrailingNewLine": true,
                        "trailingTrivia": [
                            {
                                "kind": "NewLineTrivia",
                                "text": "\r\n"
                            }
                        ]
                    },
                    "statements": [
                        {
                            "kind": "ExpressionStatement",
                            "fullWidth": 48,
                            "expression": {
                                "kind": "InvocationExpression",
                                "fullWidth": 45,
                                "expression": {
                                    "kind": "IdentifierName",
                                    "width": 4,
                                    "fullWidth": 12,
                                    "text": "eval",
                                    "value": "eval",
                                    "valueText": "eval",
                                    "hasLeadingTrivia": true,
                                    "leadingTrivia": [
                                        {
                                            "kind": "WhitespaceTrivia",
                                            "text": "        "
                                        }
                                    ]
                                },
                                "argumentList": {
                                    "kind": "ArgumentList",
                                    "fullWidth": 33,
                                    "openParenToken": {
                                        "kind": "OpenParenToken",
                                        "width": 1,
                                        "text": "(",
                                        "value": "(",
                                        "valueText": "("
                                    },
                                    "arguments": [
                                        {
                                            "kind": "StringLiteral",
                                            "width": 31,
                                            "text": "\"var test7_3_2\\u2029prop = 66;\"",
                                            "value": "var test7_3_2 prop = 66;",
                                            "valueText": "var test7_3_2 prop = 66;"
                                        }
                                    ],
                                    "closeParenToken": {
                                        "kind": "CloseParenToken",
                                        "width": 1,
                                        "text": ")",
                                        "value": ")",
                                        "valueText": ")"
                                    }
                                }
                            },
                            "semicolonToken": {
                                "kind": "SemicolonToken",
                                "width": 1,
                                "fullWidth": 3,
                                "text": ";",
                                "value": ";",
                                "valueText": ";",
                                "hasTrailingTrivia": true,
                                "hasTrailingNewLine": true,
                                "trailingTrivia": [
                                    {
                                        "kind": "NewLineTrivia",
                                        "text": "\r\n"
                                    }
                                ]
                            }
                        },
                        {
                            "kind": "ReturnStatement",
                            "fullWidth": 69,
                            "returnKeyword": {
                                "kind": "ReturnKeyword",
                                "width": 6,
                                "fullWidth": 15,
                                "text": "return",
                                "value": "return",
                                "valueText": "return",
                                "hasLeadingTrivia": true,
                                "hasTrailingTrivia": true,
                                "leadingTrivia": [
                                    {
                                        "kind": "WhitespaceTrivia",
                                        "text": "        "
                                    }
                                ],
                                "trailingTrivia": [
                                    {
                                        "kind": "WhitespaceTrivia",
                                        "text": " "
                                    }
                                ]
                            },
                            "expression": {
                                "kind": "LogicalAndExpression",
                                "fullWidth": 51,
                                "left": {
                                    "kind": "ParenthesizedExpression",
                                    "fullWidth": 12,
                                    "openParenToken": {
                                        "kind": "OpenParenToken",
                                        "width": 1,
                                        "text": "(",
                                        "value": "(",
                                        "valueText": "("
                                    },
                                    "expression": {
                                        "kind": "EqualsExpression",
                                        "fullWidth": 9,
                                        "left": {
                                            "kind": "IdentifierName",
                                            "width": 4,
                                            "text": "prop",
                                            "value": "prop",
                                            "valueText": "prop"
                                        },
                                        "operatorToken": {
                                            "kind": "EqualsEqualsEqualsToken",
                                            "width": 3,
                                            "text": "===",
                                            "value": "===",
                                            "valueText": "==="
                                        },
                                        "right": {
                                            "kind": "NumericLiteral",
                                            "width": 2,
                                            "text": "66",
                                            "value": 66,
                                            "valueText": "66"
                                        }
                                    },
                                    "closeParenToken": {
                                        "kind": "CloseParenToken",
                                        "width": 1,
                                        "fullWidth": 2,
                                        "text": ")",
                                        "value": ")",
                                        "valueText": ")",
                                        "hasTrailingTrivia": true,
                                        "trailingTrivia": [
                                            {
                                                "kind": "WhitespaceTrivia",
                                                "text": " "
                                            }
                                        ]
                                    }
                                },
                                "operatorToken": {
                                    "kind": "AmpersandAmpersandToken",
                                    "width": 2,
                                    "fullWidth": 3,
                                    "text": "&&",
                                    "value": "&&",
                                    "valueText": "&&",
                                    "hasTrailingTrivia": true,
                                    "trailingTrivia": [
                                        {
                                            "kind": "WhitespaceTrivia",
                                            "text": " "
                                        }
                                    ]
                                },
                                "right": {
                                    "kind": "ParenthesizedExpression",
                                    "fullWidth": 36,
                                    "openParenToken": {
                                        "kind": "OpenParenToken",
                                        "width": 1,
                                        "text": "(",
                                        "value": "(",
                                        "valueText": "("
                                    },
                                    "expression": {
                                        "kind": "EqualsExpression",
                                        "fullWidth": 34,
                                        "left": {
                                            "kind": "ParenthesizedExpression",
                                            "fullWidth": 19,
                                            "openParenToken": {
                                                "kind": "OpenParenToken",
                                                "width": 1,
                                                "text": "(",
                                                "value": "(",
                                                "valueText": "("
                                            },
                                            "expression": {
                                                "kind": "TypeOfExpression",
                                                "fullWidth": 16,
                                                "typeOfKeyword": {
                                                    "kind": "TypeOfKeyword",
                                                    "width": 6,
                                                    "fullWidth": 7,
                                                    "text": "typeof",
                                                    "value": "typeof",
                                                    "valueText": "typeof",
                                                    "hasTrailingTrivia": true,
                                                    "trailingTrivia": [
                                                        {
                                                            "kind": "WhitespaceTrivia",
                                                            "text": " "
                                                        }
                                                    ]
                                                },
                                                "expression": {
                                                    "kind": "IdentifierName",
                                                    "width": 9,
                                                    "text": "test7_3_2",
                                                    "value": "test7_3_2",
                                                    "valueText": "test7_3_2"
                                                }
                                            },
                                            "closeParenToken": {
                                                "kind": "CloseParenToken",
                                                "width": 1,
                                                "fullWidth": 2,
                                                "text": ")",
                                                "value": ")",
                                                "valueText": ")",
                                                "hasTrailingTrivia": true,
                                                "trailingTrivia": [
                                                    {
                                                        "kind": "WhitespaceTrivia",
                                                        "text": " "
                                                    }
                                                ]
                                            }
                                        },
                                        "operatorToken": {
                                            "kind": "EqualsEqualsEqualsToken",
                                            "width": 3,
                                            "fullWidth": 4,
                                            "text": "===",
                                            "value": "===",
                                            "valueText": "===",
                                            "hasTrailingTrivia": true,
                                            "trailingTrivia": [
                                                {
                                                    "kind": "WhitespaceTrivia",
                                                    "text": " "
                                                }
                                            ]
                                        },
                                        "right": {
                                            "kind": "StringLiteral",
                                            "width": 11,
                                            "text": "\"undefined\"",
                                            "value": "undefined",
                                            "valueText": "undefined"
                                        }
                                    },
                                    "closeParenToken": {
                                        "kind": "CloseParenToken",
                                        "width": 1,
                                        "text": ")",
                                        "value": ")",
                                        "valueText": ")"
                                    }
                                }
                            },
                            "semicolonToken": {
                                "kind": "SemicolonToken",
                                "width": 1,
                                "fullWidth": 3,
                                "text": ";",
                                "value": ";",
                                "valueText": ";",
                                "hasTrailingTrivia": true,
                                "hasTrailingNewLine": true,
                                "trailingTrivia": [
                                    {
                                        "kind": "NewLineTrivia",
                                        "text": "\r\n"
                                    }
                                ]
                            }
                        }
                    ],
                    "closeBraceToken": {
                        "kind": "CloseBraceToken",
                        "width": 1,
                        "fullWidth": 7,
                        "text": "}",
                        "value": "}",
                        "valueText": "}",
                        "hasLeadingTrivia": true,
                        "hasTrailingTrivia": true,
                        "hasTrailingNewLine": true,
                        "leadingTrivia": [
                            {
                                "kind": "WhitespaceTrivia",
                                "text": "    "
                            }
                        ],
                        "trailingTrivia": [
                            {
                                "kind": "NewLineTrivia",
                                "text": "\r\n"
                            }
                        ]
                    }
                }
            },
            {
                "kind": "ExpressionStatement",
                "fullWidth": 24,
                "expression": {
                    "kind": "InvocationExpression",
                    "fullWidth": 21,
                    "expression": {
                        "kind": "IdentifierName",
                        "width": 11,
                        "text": "runTestCase",
                        "value": "runTestCase",
                        "valueText": "runTestCase"
                    },
                    "argumentList": {
                        "kind": "ArgumentList",
                        "fullWidth": 10,
                        "openParenToken": {
                            "kind": "OpenParenToken",
                            "width": 1,
                            "text": "(",
                            "value": "(",
                            "valueText": "("
                        },
                        "arguments": [
                            {
                                "kind": "IdentifierName",
                                "width": 8,
                                "text": "testcase",
                                "value": "testcase",
                                "valueText": "testcase"
                            }
                        ],
                        "closeParenToken": {
                            "kind": "CloseParenToken",
                            "width": 1,
                            "text": ")",
                            "value": ")",
                            "valueText": ")"
                        }
                    }
                },
                "semicolonToken": {
                    "kind": "SemicolonToken",
                    "width": 1,
                    "fullWidth": 3,
                    "text": ";",
                    "value": ";",
                    "valueText": ";",
                    "hasTrailingTrivia": true,
                    "hasTrailingNewLine": true,
                    "trailingTrivia": [
                        {
                            "kind": "NewLineTrivia",
                            "text": "\r\n"
                        }
                    ]
                }
            }
        ],
        "endOfFileToken": {
            "kind": "EndOfFileToken",
            "width": 0,
            "text": ""
        }
    },
    "lineMap": {
        "lineStarts": [
            0,
            67,
            152,
            232,
            308,
            380,
            385,
            413,
            523,
            528,
            530,
            532,
            555,
            603,
            672,
            679,
            703
        ],
        "length": 703
    }
}