{
    "_sourceUnit": {
        "kind": "SourceUnit",
        "fullWidth": 554,
        "_moduleElements": [
            {
                "kind": "IfStatement",
                "fullWidth": 553,
                "_ifKeyword": {
                    "kind": "IdentifierNameToken",
                    "keywordKind": "IfKeyword",
                    "width": 2,
                    "fullWidth": 375,
                    "text": "if",
                    "hasLeadingTrivia": true,
                    "hasLeadingComment": true,
                    "hasLeadingNewLine": true,
                    "hasTrailingTrivia": true,
                    "leadingTrivia": [
                        {
                            "kind": "SingleLineCommentTrivia",
                            "text": "// Copyright 2009 the Sputnik authors.  All rights reserved."
                        },
                        {
                            "kind": "NewLineTrivia",
                            "text": "\n"
                        },
                        {
                            "kind": "SingleLineCommentTrivia",
                            "text": "// This code is governed by the BSD license found in the LICENSE file."
                        },
                        {
                            "kind": "NewLineTrivia",
                            "text": "\n"
                        },
                        {
                            "kind": "NewLineTrivia",
                            "text": "\n"
                        },
                        {
                            "kind": "MultiLineCommentTrivia",
                            "text": "/**\n * The value of the internal [[Prototype]] property of the Boolean\n * constructor is the Function prototype object\n *\n * @path ch15/15.6/15.6.3/S15.6.3_A2.js\n * @description Checking prototype of the Boolean constructor\n */"
                        },
                        {
                            "kind": "NewLineTrivia",
                            "text": "\n"
                        },
                        {
                            "kind": "NewLineTrivia",
                            "text": "\n"
                        },
                        {
                            "kind": "SingleLineCommentTrivia",
                            "text": "//CHECK#1"
                        },
                        {
                            "kind": "NewLineTrivia",
                            "text": "\n"
                        }
                    ],
                    "trailingTrivia": [
                        {
                            "kind": "WhitespaceTrivia",
                            "text": " "
                        }
                    ]
                },
                "_openParenToken": {
                    "kind": "OpenParenToken",
                    "width": 1,
                    "text": "("
                },
                "_condition": {
                    "kind": "LogicalNotExpression",
                    "fullWidth": 44,
                    "_operatorToken": {
                        "kind": "ExclamationToken",
                        "width": 1,
                        "text": "!"
                    },
                    "_operand": {
                        "kind": "ParenthesizedExpression",
                        "fullWidth": 43,
                        "_openParenToken": {
                            "kind": "OpenParenToken",
                            "width": 1,
                            "text": "("
                        },
                        "_expression": {
                            "kind": "InvocationExpression",
                            "fullWidth": 41,
                            "_expression": {
                                "kind": "MemberAccessExpression",
                                "fullWidth": 32,
                                "_expression": {
                                    "kind": "MemberAccessExpression",
                                    "fullWidth": 18,
                                    "_expression": {
                                        "kind": "IdentifierNameToken",
                                        "width": 8,
                                        "text": "Function",
                                        "valueText": "Function"
                                    },
                                    "_dotToken": {
                                        "kind": "DotToken",
                                        "width": 1,
                                        "text": "."
                                    },
                                    "_identifierName": {
                                        "kind": "IdentifierNameToken",
                                        "width": 9,
                                        "text": "prototype",
                                        "valueText": "prototype"
                                    }
                                },
                                "_dotToken": {
                                    "kind": "DotToken",
                                    "width": 1,
                                    "text": "."
                                },
                                "_identifierName": {
                                    "kind": "IdentifierNameToken",
                                    "width": 13,
                                    "text": "isPrototypeOf",
                                    "valueText": "isPrototypeOf"
                                }
                            },
                            "_argumentList": {
                                "kind": "ArgumentList",
                                "fullWidth": 9,
                                "_openParenToken": {
                                    "kind": "OpenParenToken",
                                    "width": 1,
                                    "text": "("
                                },
                                "_arguments": [
                                    {
                                        "kind": "IdentifierNameToken",
                                        "width": 7,
                                        "text": "Boolean",
                                        "valueText": "Boolean"
                                    }
                                ],
                                "_closeParenToken": {
                                    "kind": "CloseParenToken",
                                    "width": 1,
                                    "text": ")"
                                }
                            }
                        },
                        "_closeParenToken": {
                            "kind": "CloseParenToken",
                            "width": 1,
                            "text": ")"
                        }
                    }
                },
                "_closeParenToken": {
                    "kind": "CloseParenToken",
                    "width": 1,
                    "fullWidth": 2,
                    "text": ")",
                    "hasTrailingTrivia": true,
                    "trailingTrivia": [
                        {
                            "kind": "WhitespaceTrivia",
                            "text": " "
                        }
                    ]
                },
                "_statement": {
                    "kind": "Block",
                    "fullWidth": 131,
                    "_openBraceToken": {
                        "kind": "OpenBraceToken",
                        "width": 1,
                        "fullWidth": 2,
                        "text": "{",
                        "hasTrailingTrivia": true,
                        "hasTrailingNewLine": true,
                        "trailingTrivia": [
                            {
                                "kind": "NewLineTrivia",
                                "text": "\n"
                            }
                        ]
                    },
                    "_statements": [
                        {
                            "kind": "ExpressionStatement",
                            "fullWidth": 127,
                            "_expression": {
                                "kind": "InvocationExpression",
                                "fullWidth": 125,
                                "_expression": {
                                    "kind": "IdentifierNameToken",
                                    "width": 6,
                                    "fullWidth": 8,
                                    "text": "$ERROR",
                                    "valueText": "$ERROR",
                                    "hasLeadingTrivia": true,
                                    "leadingTrivia": [
                                        {
                                            "kind": "WhitespaceTrivia",
                                            "text": "  "
                                        }
                                    ]
                                },
                                "_argumentList": {
                                    "kind": "ArgumentList",
                                    "fullWidth": 117,
                                    "_openParenToken": {
                                        "kind": "OpenParenToken",
                                        "width": 1,
                                        "text": "("
                                    },
                                    "_arguments": [
                                        {
                                            "kind": "StringLiteral",
                                            "width": 115,
                                            "text": "'#1: the value of the internal [[Prototype]] property of the Boolean constructor is the Function prototype object.'"
                                        }
                                    ],
                                    "_closeParenToken": {
                                        "kind": "CloseParenToken",
                                        "width": 1,
                                        "text": ")"
                                    }
                                }
                            },
                            "_semicolonToken": {
                                "kind": "SemicolonToken",
                                "width": 1,
                                "fullWidth": 2,
                                "text": ";",
                                "hasTrailingTrivia": true,
                                "hasTrailingNewLine": true,
                                "trailingTrivia": [
                                    {
                                        "kind": "NewLineTrivia",
                                        "text": "\n"
                                    }
                                ]
                            }
                        }
                    ],
                    "_closeBraceToken": {
                        "kind": "CloseBraceToken",
                        "width": 1,
                        "fullWidth": 2,
                        "text": "}",
                        "hasTrailingTrivia": true,
                        "hasTrailingNewLine": true,
                        "trailingTrivia": [
                            {
                                "kind": "NewLineTrivia",
                                "text": "\n"
                            }
                        ]
                    }
                }
            }
        ],
        "_endOfFileToken": {
            "kind": "EndOfFileToken",
            "width": 0,
            "fullWidth": 1,
            "text": "",
            "hasLeadingTrivia": true,
            "hasLeadingNewLine": true,
            "leadingTrivia": [
                {
                    "kind": "NewLineTrivia",
                    "text": "\n"
                }
            ]
        }
    }
}