{
    "_sourceUnit": {
        "kind": "SourceUnit",
        "fullWidth": 945,
        "_moduleElements": [
            {
                "kind": "IfStatement",
                "fullWidth": 465,
                "_ifKeyword": {
                    "kind": "IdentifierNameToken",
                    "keywordKind": "IfKeyword",
                    "width": 2,
                    "fullWidth": 285,
                    "text": "if",
                    "hasLeadingTrivia": true,
                    "hasLeadingComment": true,
                    "hasLeadingNewLine": true,
                    "hasTrailingTrivia": true,
                    "leadingTrivia": [
                        {
                            "kind": "SingleLineCommentTrivia",
                            "text": "// Copyright 2009 the Sputnik authors.  All rights reserved."
                        },
                        {
                            "kind": "NewLineTrivia",
                            "text": "\n"
                        },
                        {
                            "kind": "SingleLineCommentTrivia",
                            "text": "// This code is governed by the BSD license found in the LICENSE file."
                        },
                        {
                            "kind": "NewLineTrivia",
                            "text": "\n"
                        },
                        {
                            "kind": "NewLineTrivia",
                            "text": "\n"
                        },
                        {
                            "kind": "MultiLineCommentTrivia",
                            "text": "/**\n * Operator use ToString\n *\n * @path ch15/15.1/15.1.2/15.1.2.2/S15.1.2.2_A1_T3.js\n * @description Checking for undefined and null\n */"
                        },
                        {
                            "kind": "NewLineTrivia",
                            "text": "\n"
                        },
                        {
                            "kind": "NewLineTrivia",
                            "text": "\n"
                        },
                        {
                            "kind": "SingleLineCommentTrivia",
                            "text": "//CHECK#1"
                        },
                        {
                            "kind": "NewLineTrivia",
                            "text": "\n"
                        }
                    ],
                    "trailingTrivia": [
                        {
                            "kind": "WhitespaceTrivia",
                            "text": " "
                        }
                    ]
                },
                "_openParenToken": {
                    "kind": "OpenParenToken",
                    "width": 1,
                    "text": "("
                },
                "_condition": {
                    "kind": "LogicalNotExpression",
                    "fullWidth": 55,
                    "_operatorToken": {
                        "kind": "ExclamationToken",
                        "width": 1,
                        "text": "!"
                    },
                    "_operand": {
                        "kind": "ParenthesizedExpression",
                        "fullWidth": 54,
                        "_openParenToken": {
                            "kind": "OpenParenToken",
                            "width": 1,
                            "text": "("
                        },
                        "_expression": {
                            "kind": "LogicalAndExpression",
                            "fullWidth": 52,
                            "_left": {
                                "kind": "InvocationExpression",
                                "fullWidth": 27,
                                "_expression": {
                                    "kind": "IdentifierNameToken",
                                    "width": 5,
                                    "text": "isNaN",
                                    "valueText": "isNaN"
                                },
                                "_argumentList": {
                                    "kind": "ArgumentList",
                                    "fullWidth": 22,
                                    "_openParenToken": {
                                        "kind": "OpenParenToken",
                                        "width": 1,
                                        "text": "("
                                    },
                                    "_arguments": [
                                        {
                                            "kind": "InvocationExpression",
                                            "fullWidth": 19,
                                            "_expression": {
                                                "kind": "IdentifierNameToken",
                                                "width": 8,
                                                "text": "parseInt",
                                                "valueText": "parseInt"
                                            },
                                            "_argumentList": {
                                                "kind": "ArgumentList",
                                                "fullWidth": 11,
                                                "_openParenToken": {
                                                    "kind": "OpenParenToken",
                                                    "width": 1,
                                                    "text": "("
                                                },
                                                "_arguments": [
                                                    {
                                                        "kind": "IdentifierNameToken",
                                                        "width": 9,
                                                        "text": "undefined",
                                                        "valueText": "undefined"
                                                    }
                                                ],
                                                "_closeParenToken": {
                                                    "kind": "CloseParenToken",
                                                    "width": 1,
                                                    "text": ")"
                                                }
                                            }
                                        }
                                    ],
                                    "_closeParenToken": {
                                        "kind": "CloseParenToken",
                                        "width": 1,
                                        "fullWidth": 2,
                                        "text": ")",
                                        "hasTrailingTrivia": true,
                                        "trailingTrivia": [
                                            {
                                                "kind": "WhitespaceTrivia",
                                                "text": " "
                                            }
                                        ]
                                    }
                                }
                            },
                            "_operatorToken": {
                                "kind": "AmpersandAmpersandToken",
                                "width": 2,
                                "fullWidth": 3,
                                "text": "&&",
                                "hasTrailingTrivia": true,
                                "trailingTrivia": [
                                    {
                                        "kind": "WhitespaceTrivia",
                                        "text": " "
                                    }
                                ]
                            },
                            "_right": {
                                "kind": "InvocationExpression",
                                "fullWidth": 22,
                                "_expression": {
                                    "kind": "IdentifierNameToken",
                                    "width": 5,
                                    "text": "isNaN",
                                    "valueText": "isNaN"
                                },
                                "_argumentList": {
                                    "kind": "ArgumentList",
                                    "fullWidth": 17,
                                    "_openParenToken": {
                                        "kind": "OpenParenToken",
                                        "width": 1,
                                        "text": "("
                                    },
                                    "_arguments": [
                                        {
                                            "kind": "InvocationExpression",
                                            "fullWidth": 15,
                                            "_expression": {
                                                "kind": "IdentifierNameToken",
                                                "width": 8,
                                                "text": "parseInt",
                                                "valueText": "parseInt"
                                            },
                                            "_argumentList": {
                                                "kind": "ArgumentList",
                                                "fullWidth": 7,
                                                "_openParenToken": {
                                                    "kind": "OpenParenToken",
                                                    "width": 1,
                                                    "text": "("
                                                },
                                                "_arguments": [
                                                    {
                                                        "kind": "StringLiteral",
                                                        "width": 5,
                                                        "text": "\"NaN\""
                                                    }
                                                ],
                                                "_closeParenToken": {
                                                    "kind": "CloseParenToken",
                                                    "width": 1,
                                                    "text": ")"
                                                }
                                            }
                                        }
                                    ],
                                    "_closeParenToken": {
                                        "kind": "CloseParenToken",
                                        "width": 1,
                                        "text": ")"
                                    }
                                }
                            }
                        },
                        "_closeParenToken": {
                            "kind": "CloseParenToken",
                            "width": 1,
                            "text": ")"
                        }
                    }
                },
                "_closeParenToken": {
                    "kind": "CloseParenToken",
                    "width": 1,
                    "fullWidth": 2,
                    "text": ")",
                    "hasTrailingTrivia": true,
                    "trailingTrivia": [
                        {
                            "kind": "WhitespaceTrivia",
                            "text": " "
                        }
                    ]
                },
                "_statement": {
                    "kind": "Block",
                    "fullWidth": 122,
                    "_openBraceToken": {
                        "kind": "OpenBraceToken",
                        "width": 1,
                        "fullWidth": 2,
                        "text": "{",
                        "hasTrailingTrivia": true,
                        "hasTrailingNewLine": true,
                        "trailingTrivia": [
                            {
                                "kind": "NewLineTrivia",
                                "text": "\n"
                            }
                        ]
                    },
                    "_statements": [
                        {
                            "kind": "ExpressionStatement",
                            "fullWidth": 118,
                            "_expression": {
                                "kind": "InvocationExpression",
                                "fullWidth": 116,
                                "_expression": {
                                    "kind": "IdentifierNameToken",
                                    "width": 6,
                                    "fullWidth": 8,
                                    "text": "$ERROR",
                                    "valueText": "$ERROR",
                                    "hasLeadingTrivia": true,
                                    "leadingTrivia": [
                                        {
                                            "kind": "WhitespaceTrivia",
                                            "text": "  "
                                        }
                                    ]
                                },
                                "_argumentList": {
                                    "kind": "ArgumentList",
                                    "fullWidth": 108,
                                    "_openParenToken": {
                                        "kind": "OpenParenToken",
                                        "width": 1,
                                        "text": "("
                                    },
                                    "_arguments": [
                                        {
                                            "kind": "AddExpression",
                                            "fullWidth": 106,
                                            "_left": {
                                                "kind": "StringLiteral",
                                                "width": 86,
                                                "fullWidth": 87,
                                                "text": "'#1: parseInt(undefined) === Not-a-Number; parseInt(\"NaN\") === Not-a-Number. Actual: '",
                                                "hasTrailingTrivia": true,
                                                "trailingTrivia": [
                                                    {
                                                        "kind": "WhitespaceTrivia",
                                                        "text": " "
                                                    }
                                                ]
                                            },
                                            "_operatorToken": {
                                                "kind": "PlusToken",
                                                "width": 1,
                                                "fullWidth": 2,
                                                "text": "+",
                                                "hasTrailingTrivia": true,
                                                "trailingTrivia": [
                                                    {
                                                        "kind": "WhitespaceTrivia",
                                                        "text": " "
                                                    }
                                                ]
                                            },
                                            "_right": {
                                                "kind": "ParenthesizedExpression",
                                                "fullWidth": 17,
                                                "_openParenToken": {
                                                    "kind": "OpenParenToken",
                                                    "width": 1,
                                                    "text": "("
                                                },
                                                "_expression": {
                                                    "kind": "InvocationExpression",
                                                    "fullWidth": 15,
                                                    "_expression": {
                                                        "kind": "IdentifierNameToken",
                                                        "width": 8,
                                                        "text": "parseInt",
                                                        "valueText": "parseInt"
                                                    },
                                                    "_argumentList": {
                                                        "kind": "ArgumentList",
                                                        "fullWidth": 7,
                                                        "_openParenToken": {
                                                            "kind": "OpenParenToken",
                                                            "width": 1,
                                                            "text": "("
                                                        },
                                                        "_arguments": [
                                                            {
                                                                "kind": "StringLiteral",
                                                                "width": 5,
                                                                "text": "\"NaN\""
                                                            }
                                                        ],
                                                        "_closeParenToken": {
                                                            "kind": "CloseParenToken",
                                                            "width": 1,
                                                            "text": ")"
                                                        }
                                                    }
                                                },
                                                "_closeParenToken": {
                                                    "kind": "CloseParenToken",
                                                    "width": 1,
                                                    "text": ")"
                                                }
                                            }
                                        }
                                    ],
                                    "_closeParenToken": {
                                        "kind": "CloseParenToken",
                                        "width": 1,
                                        "text": ")"
                                    }
                                }
                            },
                            "_semicolonToken": {
                                "kind": "SemicolonToken",
                                "width": 1,
                                "fullWidth": 2,
                                "text": ";",
                                "hasTrailingTrivia": true,
                                "hasTrailingNewLine": true,
                                "trailingTrivia": [
                                    {
                                        "kind": "NewLineTrivia",
                                        "text": "\n"
                                    }
                                ]
                            }
                        }
                    ],
                    "_closeBraceToken": {
                        "kind": "CloseBraceToken",
                        "width": 1,
                        "fullWidth": 2,
                        "text": "}",
                        "hasTrailingTrivia": true,
                        "hasTrailingNewLine": true,
                        "trailingTrivia": [
                            {
                                "kind": "NewLineTrivia",
                                "text": "\n"
                            }
                        ]
                    }
                }
            },
            {
                "kind": "IfStatement",
                "fullWidth": 184,
                "_ifKeyword": {
                    "kind": "IdentifierNameToken",
                    "keywordKind": "IfKeyword",
                    "width": 2,
                    "fullWidth": 14,
                    "text": "if",
                    "hasLeadingTrivia": true,
                    "hasLeadingComment": true,
                    "hasLeadingNewLine": true,
                    "hasTrailingTrivia": true,
                    "leadingTrivia": [
                        {
                            "kind": "NewLineTrivia",
                            "text": "\n"
                        },
                        {
                            "kind": "SingleLineCommentTrivia",
                            "text": "//CHECK#2"
                        },
                        {
                            "kind": "NewLineTrivia",
                            "text": "\n"
                        }
                    ],
                    "trailingTrivia": [
                        {
                            "kind": "WhitespaceTrivia",
                            "text": " "
                        }
                    ]
                },
                "_openParenToken": {
                    "kind": "OpenParenToken",
                    "width": 1,
                    "text": "("
                },
                "_condition": {
                    "kind": "LogicalNotExpression",
                    "fullWidth": 50,
                    "_operatorToken": {
                        "kind": "ExclamationToken",
                        "width": 1,
                        "text": "!"
                    },
                    "_operand": {
                        "kind": "ParenthesizedExpression",
                        "fullWidth": 49,
                        "_openParenToken": {
                            "kind": "OpenParenToken",
                            "width": 1,
                            "text": "("
                        },
                        "_expression": {
                            "kind": "LogicalAndExpression",
                            "fullWidth": 47,
                            "_left": {
                                "kind": "InvocationExpression",
                                "fullWidth": 22,
                                "_expression": {
                                    "kind": "IdentifierNameToken",
                                    "width": 5,
                                    "text": "isNaN",
                                    "valueText": "isNaN"
                                },
                                "_argumentList": {
                                    "kind": "ArgumentList",
                                    "fullWidth": 17,
                                    "_openParenToken": {
                                        "kind": "OpenParenToken",
                                        "width": 1,
                                        "text": "("
                                    },
                                    "_arguments": [
                                        {
                                            "kind": "InvocationExpression",
                                            "fullWidth": 14,
                                            "_expression": {
                                                "kind": "IdentifierNameToken",
                                                "width": 8,
                                                "text": "parseInt",
                                                "valueText": "parseInt"
                                            },
                                            "_argumentList": {
                                                "kind": "ArgumentList",
                                                "fullWidth": 6,
                                                "_openParenToken": {
                                                    "kind": "OpenParenToken",
                                                    "width": 1,
                                                    "text": "("
                                                },
                                                "_arguments": [
                                                    {
                                                        "kind": "IdentifierNameToken",
                                                        "keywordKind": "NullKeyword",
                                                        "width": 4,
                                                        "text": "null"
                                                    }
                                                ],
                                                "_closeParenToken": {
                                                    "kind": "CloseParenToken",
                                                    "width": 1,
                                                    "text": ")"
                                                }
                                            }
                                        }
                                    ],
                                    "_closeParenToken": {
                                        "kind": "CloseParenToken",
                                        "width": 1,
                                        "fullWidth": 2,
                                        "text": ")",
                                        "hasTrailingTrivia": true,
                                        "trailingTrivia": [
                                            {
                                                "kind": "WhitespaceTrivia",
                                                "text": " "
                                            }
                                        ]
                                    }
                                }
                            },
                            "_operatorToken": {
                                "kind": "AmpersandAmpersandToken",
                                "width": 2,
                                "fullWidth": 3,
                                "text": "&&",
                                "hasTrailingTrivia": true,
                                "trailingTrivia": [
                                    {
                                        "kind": "WhitespaceTrivia",
                                        "text": " "
                                    }
                                ]
                            },
                            "_right": {
                                "kind": "InvocationExpression",
                                "fullWidth": 22,
                                "_expression": {
                                    "kind": "IdentifierNameToken",
                                    "width": 5,
                                    "text": "isNaN",
                                    "valueText": "isNaN"
                                },
                                "_argumentList": {
                                    "kind": "ArgumentList",
                                    "fullWidth": 17,
                                    "_openParenToken": {
                                        "kind": "OpenParenToken",
                                        "width": 1,
                                        "text": "("
                                    },
                                    "_arguments": [
                                        {
                                            "kind": "InvocationExpression",
                                            "fullWidth": 15,
                                            "_expression": {
                                                "kind": "IdentifierNameToken",
                                                "width": 8,
                                                "text": "parseInt",
                                                "valueText": "parseInt"
                                            },
                                            "_argumentList": {
                                                "kind": "ArgumentList",
                                                "fullWidth": 7,
                                                "_openParenToken": {
                                                    "kind": "OpenParenToken",
                                                    "width": 1,
                                                    "text": "("
                                                },
                                                "_arguments": [
                                                    {
                                                        "kind": "StringLiteral",
                                                        "width": 5,
                                                        "text": "\"NaN\""
                                                    }
                                                ],
                                                "_closeParenToken": {
                                                    "kind": "CloseParenToken",
                                                    "width": 1,
                                                    "text": ")"
                                                }
                                            }
                                        }
                                    ],
                                    "_closeParenToken": {
                                        "kind": "CloseParenToken",
                                        "width": 1,
                                        "text": ")"
                                    }
                                }
                            }
                        },
                        "_closeParenToken": {
                            "kind": "CloseParenToken",
                            "width": 1,
                            "text": ")"
                        }
                    }
                },
                "_closeParenToken": {
                    "kind": "CloseParenToken",
                    "width": 1,
                    "fullWidth": 2,
                    "text": ")",
                    "hasTrailingTrivia": true,
                    "trailingTrivia": [
                        {
                            "kind": "WhitespaceTrivia",
                            "text": " "
                        }
                    ]
                },
                "_statement": {
                    "kind": "Block",
                    "fullWidth": 117,
                    "_openBraceToken": {
                        "kind": "OpenBraceToken",
                        "width": 1,
                        "fullWidth": 2,
                        "text": "{",
                        "hasTrailingTrivia": true,
                        "hasTrailingNewLine": true,
                        "trailingTrivia": [
                            {
                                "kind": "NewLineTrivia",
                                "text": "\n"
                            }
                        ]
                    },
                    "_statements": [
                        {
                            "kind": "ExpressionStatement",
                            "fullWidth": 113,
                            "_expression": {
                                "kind": "InvocationExpression",
                                "fullWidth": 111,
                                "_expression": {
                                    "kind": "IdentifierNameToken",
                                    "width": 6,
                                    "fullWidth": 8,
                                    "text": "$ERROR",
                                    "valueText": "$ERROR",
                                    "hasLeadingTrivia": true,
                                    "leadingTrivia": [
                                        {
                                            "kind": "WhitespaceTrivia",
                                            "text": "  "
                                        }
                                    ]
                                },
                                "_argumentList": {
                                    "kind": "ArgumentList",
                                    "fullWidth": 103,
                                    "_openParenToken": {
                                        "kind": "OpenParenToken",
                                        "width": 1,
                                        "text": "("
                                    },
                                    "_arguments": [
                                        {
                                            "kind": "AddExpression",
                                            "fullWidth": 101,
                                            "_left": {
                                                "kind": "StringLiteral",
                                                "width": 81,
                                                "fullWidth": 82,
                                                "text": "'#2: parseInt(null) === Not-a-Number; parseInt(\"NaN\") === Not-a-Number. Actual: '",
                                                "hasTrailingTrivia": true,
                                                "trailingTrivia": [
                                                    {
                                                        "kind": "WhitespaceTrivia",
                                                        "text": " "
                                                    }
                                                ]
                                            },
                                            "_operatorToken": {
                                                "kind": "PlusToken",
                                                "width": 1,
                                                "fullWidth": 2,
                                                "text": "+",
                                                "hasTrailingTrivia": true,
                                                "trailingTrivia": [
                                                    {
                                                        "kind": "WhitespaceTrivia",
                                                        "text": " "
                                                    }
                                                ]
                                            },
                                            "_right": {
                                                "kind": "ParenthesizedExpression",
                                                "fullWidth": 17,
                                                "_openParenToken": {
                                                    "kind": "OpenParenToken",
                                                    "width": 1,
                                                    "text": "("
                                                },
                                                "_expression": {
                                                    "kind": "InvocationExpression",
                                                    "fullWidth": 15,
                                                    "_expression": {
                                                        "kind": "IdentifierNameToken",
                                                        "width": 8,
                                                        "text": "parseInt",
                                                        "valueText": "parseInt"
                                                    },
                                                    "_argumentList": {
                                                        "kind": "ArgumentList",
                                                        "fullWidth": 7,
                                                        "_openParenToken": {
                                                            "kind": "OpenParenToken",
                                                            "width": 1,
                                                            "text": "("
                                                        },
                                                        "_arguments": [
                                                            {
                                                                "kind": "StringLiteral",
                                                                "width": 5,
                                                                "text": "\"NaN\""
                                                            }
                                                        ],
                                                        "_closeParenToken": {
                                                            "kind": "CloseParenToken",
                                                            "width": 1,
                                                            "text": ")"
                                                        }
                                                    }
                                                },
                                                "_closeParenToken": {
                                                    "kind": "CloseParenToken",
                                                    "width": 1,
                                                    "text": ")"
                                                }
                                            }
                                        }
                                    ],
                                    "_closeParenToken": {
                                        "kind": "CloseParenToken",
                                        "width": 1,
                                        "text": ")"
                                    }
                                }
                            },
                            "_semicolonToken": {
                                "kind": "SemicolonToken",
                                "width": 1,
                                "fullWidth": 2,
                                "text": ";",
                                "hasTrailingTrivia": true,
                                "hasTrailingNewLine": true,
                                "trailingTrivia": [
                                    {
                                        "kind": "NewLineTrivia",
                                        "text": "\n"
                                    }
                                ]
                            }
                        }
                    ],
                    "_closeBraceToken": {
                        "kind": "CloseBraceToken",
                        "width": 1,
                        "fullWidth": 2,
                        "text": "}",
                        "hasTrailingTrivia": true,
                        "hasTrailingNewLine": true,
                        "trailingTrivia": [
                            {
                                "kind": "NewLineTrivia",
                                "text": "\n"
                            }
                        ]
                    }
                }
            },
            {
                "kind": "IfStatement",
                "fullWidth": 155,
                "_ifKeyword": {
                    "kind": "IdentifierNameToken",
                    "keywordKind": "IfKeyword",
                    "width": 2,
                    "fullWidth": 14,
                    "text": "if",
                    "hasLeadingTrivia": true,
                    "hasLeadingComment": true,
                    "hasLeadingNewLine": true,
                    "hasTrailingTrivia": true,
                    "leadingTrivia": [
                        {
                            "kind": "NewLineTrivia",
                            "text": "\n"
                        },
                        {
                            "kind": "SingleLineCommentTrivia",
                            "text": "//CHECK#3"
                        },
                        {
                            "kind": "NewLineTrivia",
                            "text": "\n"
                        }
                    ],
                    "trailingTrivia": [
                        {
                            "kind": "WhitespaceTrivia",
                            "text": " "
                        }
                    ]
                },
                "_openParenToken": {
                    "kind": "OpenParenToken",
                    "width": 1,
                    "text": "("
                },
                "_condition": {
                    "kind": "NotEqualsExpression",
                    "fullWidth": 37,
                    "_left": {
                        "kind": "InvocationExpression",
                        "fullWidth": 28,
                        "_expression": {
                            "kind": "IdentifierNameToken",
                            "width": 6,
                            "text": "String",
                            "valueText": "String"
                        },
                        "_argumentList": {
                            "kind": "ArgumentList",
                            "fullWidth": 22,
                            "_openParenToken": {
                                "kind": "OpenParenToken",
                                "width": 1,
                                "text": "("
                            },
                            "_arguments": [
                                {
                                    "kind": "InvocationExpression",
                                    "fullWidth": 19,
                                    "_expression": {
                                        "kind": "IdentifierNameToken",
                                        "width": 8,
                                        "text": "parseInt",
                                        "valueText": "parseInt"
                                    },
                                    "_argumentList": {
                                        "kind": "ArgumentList",
                                        "fullWidth": 11,
                                        "_openParenToken": {
                                            "kind": "OpenParenToken",
                                            "width": 1,
                                            "text": "("
                                        },
                                        "_arguments": [
                                            {
                                                "kind": "IdentifierNameToken",
                                                "width": 9,
                                                "text": "undefined",
                                                "valueText": "undefined"
                                            }
                                        ],
                                        "_closeParenToken": {
                                            "kind": "CloseParenToken",
                                            "width": 1,
                                            "text": ")"
                                        }
                                    }
                                }
                            ],
                            "_closeParenToken": {
                                "kind": "CloseParenToken",
                                "width": 1,
                                "fullWidth": 2,
                                "text": ")",
                                "hasTrailingTrivia": true,
                                "trailingTrivia": [
                                    {
                                        "kind": "WhitespaceTrivia",
                                        "text": " "
                                    }
                                ]
                            }
                        }
                    },
                    "_operatorToken": {
                        "kind": "ExclamationEqualsEqualsToken",
                        "width": 3,
                        "fullWidth": 4,
                        "text": "!==",
                        "hasTrailingTrivia": true,
                        "trailingTrivia": [
                            {
                                "kind": "WhitespaceTrivia",
                                "text": " "
                            }
                        ]
                    },
                    "_right": {
                        "kind": "StringLiteral",
                        "width": 5,
                        "text": "\"NaN\""
                    }
                },
                "_closeParenToken": {
                    "kind": "CloseParenToken",
                    "width": 1,
                    "fullWidth": 2,
                    "text": ")",
                    "hasTrailingTrivia": true,
                    "trailingTrivia": [
                        {
                            "kind": "WhitespaceTrivia",
                            "text": " "
                        }
                    ]
                },
                "_statement": {
                    "kind": "Block",
                    "fullWidth": 101,
                    "_openBraceToken": {
                        "kind": "OpenBraceToken",
                        "width": 1,
                        "fullWidth": 2,
                        "text": "{",
                        "hasTrailingTrivia": true,
                        "hasTrailingNewLine": true,
                        "trailingTrivia": [
                            {
                                "kind": "NewLineTrivia",
                                "text": "\n"
                            }
                        ]
                    },
                    "_statements": [
                        {
                            "kind": "ExpressionStatement",
                            "fullWidth": 97,
                            "_expression": {
                                "kind": "InvocationExpression",
                                "fullWidth": 95,
                                "_expression": {
                                    "kind": "IdentifierNameToken",
                                    "width": 6,
                                    "fullWidth": 8,
                                    "text": "$ERROR",
                                    "valueText": "$ERROR",
                                    "hasLeadingTrivia": true,
                                    "leadingTrivia": [
                                        {
                                            "kind": "WhitespaceTrivia",
                                            "text": "  "
                                        }
                                    ]
                                },
                                "_argumentList": {
                                    "kind": "ArgumentList",
                                    "fullWidth": 87,
                                    "_openParenToken": {
                                        "kind": "OpenParenToken",
                                        "width": 1,
                                        "text": "("
                                    },
                                    "_arguments": [
                                        {
                                            "kind": "AddExpression",
                                            "fullWidth": 85,
                                            "_left": {
                                                "kind": "StringLiteral",
                                                "width": 53,
                                                "fullWidth": 54,
                                                "text": "'#3: String(parseInt(undefined)) === \"NaN\". Actual: '",
                                                "hasTrailingTrivia": true,
                                                "trailingTrivia": [
                                                    {
                                                        "kind": "WhitespaceTrivia",
                                                        "text": " "
                                                    }
                                                ]
                                            },
                                            "_operatorToken": {
                                                "kind": "PlusToken",
                                                "width": 1,
                                                "fullWidth": 2,
                                                "text": "+",
                                                "hasTrailingTrivia": true,
                                                "trailingTrivia": [
                                                    {
                                                        "kind": "WhitespaceTrivia",
                                                        "text": " "
                                                    }
                                                ]
                                            },
                                            "_right": {
                                                "kind": "ParenthesizedExpression",
                                                "fullWidth": 29,
                                                "_openParenToken": {
                                                    "kind": "OpenParenToken",
                                                    "width": 1,
                                                    "text": "("
                                                },
                                                "_expression": {
                                                    "kind": "InvocationExpression",
                                                    "fullWidth": 27,
                                                    "_expression": {
                                                        "kind": "IdentifierNameToken",
                                                        "width": 6,
                                                        "text": "String",
                                                        "valueText": "String"
                                                    },
                                                    "_argumentList": {
                                                        "kind": "ArgumentList",
                                                        "fullWidth": 21,
                                                        "_openParenToken": {
                                                            "kind": "OpenParenToken",
                                                            "width": 1,
                                                            "text": "("
                                                        },
                                                        "_arguments": [
                                                            {
                                                                "kind": "InvocationExpression",
                                                                "fullWidth": 19,
                                                                "_expression": {
                                                                    "kind": "IdentifierNameToken",
                                                                    "width": 8,
                                                                    "text": "parseInt",
                                                                    "valueText": "parseInt"
                                                                },
                                                                "_argumentList": {
                                                                    "kind": "ArgumentList",
                                                                    "fullWidth": 11,
                                                                    "_openParenToken": {
                                                                        "kind": "OpenParenToken",
                                                                        "width": 1,
                                                                        "text": "("
                                                                    },
                                                                    "_arguments": [
                                                                        {
                                                                            "kind": "IdentifierNameToken",
                                                                            "width": 9,
                                                                            "text": "undefined",
                                                                            "valueText": "undefined"
                                                                        }
                                                                    ],
                                                                    "_closeParenToken": {
                                                                        "kind": "CloseParenToken",
                                                                        "width": 1,
                                                                        "text": ")"
                                                                    }
                                                                }
                                                            }
                                                        ],
                                                        "_closeParenToken": {
                                                            "kind": "CloseParenToken",
                                                            "width": 1,
                                                            "text": ")"
                                                        }
                                                    }
                                                },
                                                "_closeParenToken": {
                                                    "kind": "CloseParenToken",
                                                    "width": 1,
                                                    "text": ")"
                                                }
                                            }
                                        }
                                    ],
                                    "_closeParenToken": {
                                        "kind": "CloseParenToken",
                                        "width": 1,
                                        "text": ")"
                                    }
                                }
                            },
                            "_semicolonToken": {
                                "kind": "SemicolonToken",
                                "width": 1,
                                "fullWidth": 2,
                                "text": ";",
                                "hasTrailingTrivia": true,
                                "hasTrailingNewLine": true,
                                "trailingTrivia": [
                                    {
                                        "kind": "NewLineTrivia",
                                        "text": "\n"
                                    }
                                ]
                            }
                        }
                    ],
                    "_closeBraceToken": {
                        "kind": "CloseBraceToken",
                        "width": 1,
                        "fullWidth": 2,
                        "text": "}",
                        "hasTrailingTrivia": true,
                        "hasTrailingNewLine": true,
                        "trailingTrivia": [
                            {
                                "kind": "NewLineTrivia",
                                "text": "\n"
                            }
                        ]
                    }
                }
            },
            {
                "kind": "IfStatement",
                "fullWidth": 140,
                "_ifKeyword": {
                    "kind": "IdentifierNameToken",
                    "keywordKind": "IfKeyword",
                    "width": 2,
                    "fullWidth": 14,
                    "text": "if",
                    "hasLeadingTrivia": true,
                    "hasLeadingComment": true,
                    "hasLeadingNewLine": true,
                    "hasTrailingTrivia": true,
                    "leadingTrivia": [
                        {
                            "kind": "NewLineTrivia",
                            "text": "\n"
                        },
                        {
                            "kind": "SingleLineCommentTrivia",
                            "text": "//CHECK#4"
                        },
                        {
                            "kind": "NewLineTrivia",
                            "text": "\n"
                        }
                    ],
                    "trailingTrivia": [
                        {
                            "kind": "WhitespaceTrivia",
                            "text": " "
                        }
                    ]
                },
                "_openParenToken": {
                    "kind": "OpenParenToken",
                    "width": 1,
                    "text": "("
                },
                "_condition": {
                    "kind": "NotEqualsExpression",
                    "fullWidth": 32,
                    "_left": {
                        "kind": "InvocationExpression",
                        "fullWidth": 23,
                        "_expression": {
                            "kind": "IdentifierNameToken",
                            "width": 6,
                            "text": "String",
                            "valueText": "String"
                        },
                        "_argumentList": {
                            "kind": "ArgumentList",
                            "fullWidth": 17,
                            "_openParenToken": {
                                "kind": "OpenParenToken",
                                "width": 1,
                                "text": "("
                            },
                            "_arguments": [
                                {
                                    "kind": "InvocationExpression",
                                    "fullWidth": 14,
                                    "_expression": {
                                        "kind": "IdentifierNameToken",
                                        "width": 8,
                                        "text": "parseInt",
                                        "valueText": "parseInt"
                                    },
                                    "_argumentList": {
                                        "kind": "ArgumentList",
                                        "fullWidth": 6,
                                        "_openParenToken": {
                                            "kind": "OpenParenToken",
                                            "width": 1,
                                            "text": "("
                                        },
                                        "_arguments": [
                                            {
                                                "kind": "IdentifierNameToken",
                                                "keywordKind": "NullKeyword",
                                                "width": 4,
                                                "text": "null"
                                            }
                                        ],
                                        "_closeParenToken": {
                                            "kind": "CloseParenToken",
                                            "width": 1,
                                            "text": ")"
                                        }
                                    }
                                }
                            ],
                            "_closeParenToken": {
                                "kind": "CloseParenToken",
                                "width": 1,
                                "fullWidth": 2,
                                "text": ")",
                                "hasTrailingTrivia": true,
                                "trailingTrivia": [
                                    {
                                        "kind": "WhitespaceTrivia",
                                        "text": " "
                                    }
                                ]
                            }
                        }
                    },
                    "_operatorToken": {
                        "kind": "ExclamationEqualsEqualsToken",
                        "width": 3,
                        "fullWidth": 4,
                        "text": "!==",
                        "hasTrailingTrivia": true,
                        "trailingTrivia": [
                            {
                                "kind": "WhitespaceTrivia",
                                "text": " "
                            }
                        ]
                    },
                    "_right": {
                        "kind": "StringLiteral",
                        "width": 5,
                        "text": "\"NaN\""
                    }
                },
                "_closeParenToken": {
                    "kind": "CloseParenToken",
                    "width": 1,
                    "fullWidth": 2,
                    "text": ")",
                    "hasTrailingTrivia": true,
                    "trailingTrivia": [
                        {
                            "kind": "WhitespaceTrivia",
                            "text": " "
                        }
                    ]
                },
                "_statement": {
                    "kind": "Block",
                    "fullWidth": 91,
                    "_openBraceToken": {
                        "kind": "OpenBraceToken",
                        "width": 1,
                        "fullWidth": 2,
                        "text": "{",
                        "hasTrailingTrivia": true,
                        "hasTrailingNewLine": true,
                        "trailingTrivia": [
                            {
                                "kind": "NewLineTrivia",
                                "text": "\n"
                            }
                        ]
                    },
                    "_statements": [
                        {
                            "kind": "ExpressionStatement",
                            "fullWidth": 87,
                            "_expression": {
                                "kind": "InvocationExpression",
                                "fullWidth": 85,
                                "_expression": {
                                    "kind": "IdentifierNameToken",
                                    "width": 6,
                                    "fullWidth": 8,
                                    "text": "$ERROR",
                                    "valueText": "$ERROR",
                                    "hasLeadingTrivia": true,
                                    "leadingTrivia": [
                                        {
                                            "kind": "WhitespaceTrivia",
                                            "text": "  "
                                        }
                                    ]
                                },
                                "_argumentList": {
                                    "kind": "ArgumentList",
                                    "fullWidth": 77,
                                    "_openParenToken": {
                                        "kind": "OpenParenToken",
                                        "width": 1,
                                        "text": "("
                                    },
                                    "_arguments": [
                                        {
                                            "kind": "AddExpression",
                                            "fullWidth": 75,
                                            "_left": {
                                                "kind": "StringLiteral",
                                                "width": 48,
                                                "fullWidth": 49,
                                                "text": "'#4: String(parseInt(null)) === \"NaN\". Actual: '",
                                                "hasTrailingTrivia": true,
                                                "trailingTrivia": [
                                                    {
                                                        "kind": "WhitespaceTrivia",
                                                        "text": " "
                                                    }
                                                ]
                                            },
                                            "_operatorToken": {
                                                "kind": "PlusToken",
                                                "width": 1,
                                                "fullWidth": 2,
                                                "text": "+",
                                                "hasTrailingTrivia": true,
                                                "trailingTrivia": [
                                                    {
                                                        "kind": "WhitespaceTrivia",
                                                        "text": " "
                                                    }
                                                ]
                                            },
                                            "_right": {
                                                "kind": "ParenthesizedExpression",
                                                "fullWidth": 24,
                                                "_openParenToken": {
                                                    "kind": "OpenParenToken",
                                                    "width": 1,
                                                    "text": "("
                                                },
                                                "_expression": {
                                                    "kind": "InvocationExpression",
                                                    "fullWidth": 22,
                                                    "_expression": {
                                                        "kind": "IdentifierNameToken",
                                                        "width": 6,
                                                        "text": "String",
                                                        "valueText": "String"
                                                    },
                                                    "_argumentList": {
                                                        "kind": "ArgumentList",
                                                        "fullWidth": 16,
                                                        "_openParenToken": {
                                                            "kind": "OpenParenToken",
                                                            "width": 1,
                                                            "text": "("
                                                        },
                                                        "_arguments": [
                                                            {
                                                                "kind": "InvocationExpression",
                                                                "fullWidth": 14,
                                                                "_expression": {
                                                                    "kind": "IdentifierNameToken",
                                                                    "width": 8,
                                                                    "text": "parseInt",
                                                                    "valueText": "parseInt"
                                                                },
                                                                "_argumentList": {
                                                                    "kind": "ArgumentList",
                                                                    "fullWidth": 6,
                                                                    "_openParenToken": {
                                                                        "kind": "OpenParenToken",
                                                                        "width": 1,
                                                                        "text": "("
                                                                    },
                                                                    "_arguments": [
                                                                        {
                                                                            "kind": "IdentifierNameToken",
                                                                            "keywordKind": "NullKeyword",
                                                                            "width": 4,
                                                                            "text": "null"
                                                                        }
                                                                    ],
                                                                    "_closeParenToken": {
                                                                        "kind": "CloseParenToken",
                                                                        "width": 1,
                                                                        "text": ")"
                                                                    }
                                                                }
                                                            }
                                                        ],
                                                        "_closeParenToken": {
                                                            "kind": "CloseParenToken",
                                                            "width": 1,
                                                            "text": ")"
                                                        }
                                                    }
                                                },
                                                "_closeParenToken": {
                                                    "kind": "CloseParenToken",
                                                    "width": 1,
                                                    "text": ")"
                                                }
                                            }
                                        }
                                    ],
                                    "_closeParenToken": {
                                        "kind": "CloseParenToken",
                                        "width": 1,
                                        "text": ")"
                                    }
                                }
                            },
                            "_semicolonToken": {
                                "kind": "SemicolonToken",
                                "width": 1,
                                "fullWidth": 2,
                                "text": ";",
                                "hasTrailingTrivia": true,
                                "hasTrailingNewLine": true,
                                "trailingTrivia": [
                                    {
                                        "kind": "NewLineTrivia",
                                        "text": "\n"
                                    }
                                ]
                            }
                        }
                    ],
                    "_closeBraceToken": {
                        "kind": "CloseBraceToken",
                        "width": 1,
                        "fullWidth": 2,
                        "text": "}",
                        "hasTrailingTrivia": true,
                        "hasTrailingNewLine": true,
                        "trailingTrivia": [
                            {
                                "kind": "NewLineTrivia",
                                "text": "\n"
                            }
                        ]
                    }
                }
            }
        ],
        "_endOfFileToken": {
            "kind": "EndOfFileToken",
            "width": 0,
            "fullWidth": 1,
            "text": "",
            "hasLeadingTrivia": true,
            "hasLeadingNewLine": true,
            "leadingTrivia": [
                {
                    "kind": "NewLineTrivia",
                    "text": "\n"
                }
            ]
        }
    }
}