{
    "isDeclaration": false,
    "languageVersion": "EcmaScript5",
    "parseOptions": {
        "allowAutomaticSemicolonInsertion": true,
        "allowModuleKeywordInExternalModuleReference": true
    },
    "sourceUnit": {
        "kind": "SourceUnit",
        "fullWidth": 1001,
        "moduleElements": [
            {
                "kind": "IfStatement",
                "fullWidth": 408,
                "ifKeyword": {
                    "kind": "IfKeyword",
                    "width": 2,
                    "fullWidth": 312,
                    "text": "if",
                    "value": "if",
                    "valueText": "if",
                    "hasLeadingTrivia": true,
                    "hasLeadingComment": true,
                    "hasLeadingNewLine": true,
                    "hasTrailingTrivia": true,
                    "leadingTrivia": [
                        {
                            "kind": "SingleLineCommentTrivia",
                            "text": "// Copyright 2009 the Sputnik authors.  All rights reserved."
                        },
                        {
                            "kind": "NewLineTrivia",
                            "text": "\n"
                        },
                        {
                            "kind": "SingleLineCommentTrivia",
                            "text": "// This code is governed by the BSD license found in the LICENSE file."
                        },
                        {
                            "kind": "NewLineTrivia",
                            "text": "\n"
                        },
                        {
                            "kind": "NewLineTrivia",
                            "text": "\n"
                        },
                        {
                            "kind": "MultiLineCommentTrivia",
                            "text": "/**\n * Result of appying \"typeof\" operator to string is \"string\"\n *\n * @path ch11/11.4/11.4.3/S11.4.3_A3.5.js\n * @description typeof (string value) === \"string\"\n */"
                        },
                        {
                            "kind": "NewLineTrivia",
                            "text": "\n"
                        },
                        {
                            "kind": "NewLineTrivia",
                            "text": "\n"
                        },
                        {
                            "kind": "SingleLineCommentTrivia",
                            "text": "//CHECK#1"
                        },
                        {
                            "kind": "NewLineTrivia",
                            "text": "\n"
                        }
                    ],
                    "trailingTrivia": [
                        {
                            "kind": "WhitespaceTrivia",
                            "text": " "
                        }
                    ]
                },
                "openParenToken": {
                    "kind": "OpenParenToken",
                    "width": 1,
                    "text": "(",
                    "value": "(",
                    "valueText": "("
                },
                "condition": {
                    "kind": "NotEqualsExpression",
                    "fullWidth": 23,
                    "left": {
                        "kind": "TypeOfExpression",
                        "fullWidth": 11,
                        "typeOfKeyword": {
                            "kind": "TypeOfKeyword",
                            "width": 6,
                            "fullWidth": 7,
                            "text": "typeof",
                            "value": "typeof",
                            "valueText": "typeof",
                            "hasTrailingTrivia": true,
                            "trailingTrivia": [
                                {
                                    "kind": "WhitespaceTrivia",
                                    "text": " "
                                }
                            ]
                        },
                        "expression": {
                            "kind": "StringLiteral",
                            "width": 3,
                            "fullWidth": 4,
                            "text": "\"1\"",
                            "value": "1",
                            "valueText": "1",
                            "hasTrailingTrivia": true,
                            "trailingTrivia": [
                                {
                                    "kind": "WhitespaceTrivia",
                                    "text": " "
                                }
                            ]
                        }
                    },
                    "operatorToken": {
                        "kind": "ExclamationEqualsEqualsToken",
                        "width": 3,
                        "fullWidth": 4,
                        "text": "!==",
                        "value": "!==",
                        "valueText": "!==",
                        "hasTrailingTrivia": true,
                        "trailingTrivia": [
                            {
                                "kind": "WhitespaceTrivia",
                                "text": " "
                            }
                        ]
                    },
                    "right": {
                        "kind": "StringLiteral",
                        "width": 8,
                        "text": "\"string\"",
                        "value": "string",
                        "valueText": "string"
                    }
                },
                "closeParenToken": {
                    "kind": "CloseParenToken",
                    "width": 1,
                    "fullWidth": 2,
                    "text": ")",
                    "value": ")",
                    "valueText": ")",
                    "hasTrailingTrivia": true,
                    "trailingTrivia": [
                        {
                            "kind": "WhitespaceTrivia",
                            "text": " "
                        }
                    ]
                },
                "statement": {
                    "kind": "Block",
                    "fullWidth": 70,
                    "openBraceToken": {
                        "kind": "OpenBraceToken",
                        "width": 1,
                        "fullWidth": 2,
                        "text": "{",
                        "value": "{",
                        "valueText": "{",
                        "hasTrailingTrivia": true,
                        "hasTrailingNewLine": true,
                        "trailingTrivia": [
                            {
                                "kind": "NewLineTrivia",
                                "text": "\n"
                            }
                        ]
                    },
                    "statements": [
                        {
                            "kind": "ExpressionStatement",
                            "fullWidth": 66,
                            "expression": {
                                "kind": "InvocationExpression",
                                "fullWidth": 64,
                                "expression": {
                                    "kind": "IdentifierName",
                                    "width": 6,
                                    "fullWidth": 8,
                                    "text": "$ERROR",
                                    "value": "$ERROR",
                                    "valueText": "$ERROR",
                                    "hasLeadingTrivia": true,
                                    "leadingTrivia": [
                                        {
                                            "kind": "WhitespaceTrivia",
                                            "text": "  "
                                        }
                                    ]
                                },
                                "argumentList": {
                                    "kind": "ArgumentList",
                                    "fullWidth": 56,
                                    "openParenToken": {
                                        "kind": "OpenParenToken",
                                        "width": 1,
                                        "text": "(",
                                        "value": "(",
                                        "valueText": "("
                                    },
                                    "arguments": [
                                        {
                                            "kind": "AddExpression",
                                            "fullWidth": 54,
                                            "left": {
                                                "kind": "StringLiteral",
                                                "width": 39,
                                                "fullWidth": 40,
                                                "text": "'#1: typeof \"1\" === \"string\". Actual: '",
                                                "value": "#1: typeof \"1\" === \"string\". Actual: ",
                                                "valueText": "#1: typeof \"1\" === \"string\". Actual: ",
                                                "hasTrailingTrivia": true,
                                                "trailingTrivia": [
                                                    {
                                                        "kind": "WhitespaceTrivia",
                                                        "text": " "
                                                    }
                                                ]
                                            },
                                            "operatorToken": {
                                                "kind": "PlusToken",
                                                "width": 1,
                                                "fullWidth": 2,
                                                "text": "+",
                                                "value": "+",
                                                "valueText": "+",
                                                "hasTrailingTrivia": true,
                                                "trailingTrivia": [
                                                    {
                                                        "kind": "WhitespaceTrivia",
                                                        "text": " "
                                                    }
                                                ]
                                            },
                                            "right": {
                                                "kind": "ParenthesizedExpression",
                                                "fullWidth": 12,
                                                "openParenToken": {
                                                    "kind": "OpenParenToken",
                                                    "width": 1,
                                                    "text": "(",
                                                    "value": "(",
                                                    "valueText": "("
                                                },
                                                "expression": {
                                                    "kind": "TypeOfExpression",
                                                    "fullWidth": 10,
                                                    "typeOfKeyword": {
                                                        "kind": "TypeOfKeyword",
                                                        "width": 6,
                                                        "fullWidth": 7,
                                                        "text": "typeof",
                                                        "value": "typeof",
                                                        "valueText": "typeof",
                                                        "hasTrailingTrivia": true,
                                                        "trailingTrivia": [
                                                            {
                                                                "kind": "WhitespaceTrivia",
                                                                "text": " "
                                                            }
                                                        ]
                                                    },
                                                    "expression": {
                                                        "kind": "StringLiteral",
                                                        "width": 3,
                                                        "text": "\"1\"",
                                                        "value": "1",
                                                        "valueText": "1"
                                                    }
                                                },
                                                "closeParenToken": {
                                                    "kind": "CloseParenToken",
                                                    "width": 1,
                                                    "text": ")",
                                                    "value": ")",
                                                    "valueText": ")"
                                                }
                                            }
                                        }
                                    ],
                                    "closeParenToken": {
                                        "kind": "CloseParenToken",
                                        "width": 1,
                                        "text": ")",
                                        "value": ")",
                                        "valueText": ")"
                                    }
                                }
                            },
                            "semicolonToken": {
                                "kind": "SemicolonToken",
                                "width": 1,
                                "fullWidth": 2,
                                "text": ";",
                                "value": ";",
                                "valueText": ";",
                                "hasTrailingTrivia": true,
                                "hasTrailingNewLine": true,
                                "trailingTrivia": [
                                    {
                                        "kind": "NewLineTrivia",
                                        "text": "\n"
                                    }
                                ]
                            }
                        }
                    ],
                    "closeBraceToken": {
                        "kind": "CloseBraceToken",
                        "width": 1,
                        "fullWidth": 2,
                        "text": "}",
                        "value": "}",
                        "valueText": "}",
                        "hasTrailingTrivia": true,
                        "hasTrailingNewLine": true,
                        "trailingTrivia": [
                            {
                                "kind": "NewLineTrivia",
                                "text": "\n"
                            }
                        ]
                    }
                }
            },
            {
                "kind": "IfStatement",
                "fullWidth": 116,
                "ifKeyword": {
                    "kind": "IfKeyword",
                    "width": 2,
                    "fullWidth": 14,
                    "text": "if",
                    "value": "if",
                    "valueText": "if",
                    "hasLeadingTrivia": true,
                    "hasLeadingComment": true,
                    "hasLeadingNewLine": true,
                    "hasTrailingTrivia": true,
                    "leadingTrivia": [
                        {
                            "kind": "NewLineTrivia",
                            "text": "\n"
                        },
                        {
                            "kind": "SingleLineCommentTrivia",
                            "text": "//CHECK#2"
                        },
                        {
                            "kind": "NewLineTrivia",
                            "text": "\n"
                        }
                    ],
                    "trailingTrivia": [
                        {
                            "kind": "WhitespaceTrivia",
                            "text": " "
                        }
                    ]
                },
                "openParenToken": {
                    "kind": "OpenParenToken",
                    "width": 1,
                    "text": "(",
                    "value": "(",
                    "valueText": "("
                },
                "condition": {
                    "kind": "NotEqualsExpression",
                    "fullWidth": 25,
                    "left": {
                        "kind": "TypeOfExpression",
                        "fullWidth": 13,
                        "typeOfKeyword": {
                            "kind": "TypeOfKeyword",
                            "width": 6,
                            "fullWidth": 7,
                            "text": "typeof",
                            "value": "typeof",
                            "valueText": "typeof",
                            "hasTrailingTrivia": true,
                            "trailingTrivia": [
                                {
                                    "kind": "WhitespaceTrivia",
                                    "text": " "
                                }
                            ]
                        },
                        "expression": {
                            "kind": "StringLiteral",
                            "width": 5,
                            "fullWidth": 6,
                            "text": "\"NaN\"",
                            "value": "NaN",
                            "valueText": "NaN",
                            "hasTrailingTrivia": true,
                            "trailingTrivia": [
                                {
                                    "kind": "WhitespaceTrivia",
                                    "text": " "
                                }
                            ]
                        }
                    },
                    "operatorToken": {
                        "kind": "ExclamationEqualsEqualsToken",
                        "width": 3,
                        "fullWidth": 4,
                        "text": "!==",
                        "value": "!==",
                        "valueText": "!==",
                        "hasTrailingTrivia": true,
                        "trailingTrivia": [
                            {
                                "kind": "WhitespaceTrivia",
                                "text": " "
                            }
                        ]
                    },
                    "right": {
                        "kind": "StringLiteral",
                        "width": 8,
                        "text": "\"string\"",
                        "value": "string",
                        "valueText": "string"
                    }
                },
                "closeParenToken": {
                    "kind": "CloseParenToken",
                    "width": 1,
                    "fullWidth": 2,
                    "text": ")",
                    "value": ")",
                    "valueText": ")",
                    "hasTrailingTrivia": true,
                    "trailingTrivia": [
                        {
                            "kind": "WhitespaceTrivia",
                            "text": " "
                        }
                    ]
                },
                "statement": {
                    "kind": "Block",
                    "fullWidth": 74,
                    "openBraceToken": {
                        "kind": "OpenBraceToken",
                        "width": 1,
                        "fullWidth": 2,
                        "text": "{",
                        "value": "{",
                        "valueText": "{",
                        "hasTrailingTrivia": true,
                        "hasTrailingNewLine": true,
                        "trailingTrivia": [
                            {
                                "kind": "NewLineTrivia",
                                "text": "\n"
                            }
                        ]
                    },
                    "statements": [
                        {
                            "kind": "ExpressionStatement",
                            "fullWidth": 70,
                            "expression": {
                                "kind": "InvocationExpression",
                                "fullWidth": 68,
                                "expression": {
                                    "kind": "IdentifierName",
                                    "width": 6,
                                    "fullWidth": 8,
                                    "text": "$ERROR",
                                    "value": "$ERROR",
                                    "valueText": "$ERROR",
                                    "hasLeadingTrivia": true,
                                    "leadingTrivia": [
                                        {
                                            "kind": "WhitespaceTrivia",
                                            "text": "  "
                                        }
                                    ]
                                },
                                "argumentList": {
                                    "kind": "ArgumentList",
                                    "fullWidth": 60,
                                    "openParenToken": {
                                        "kind": "OpenParenToken",
                                        "width": 1,
                                        "text": "(",
                                        "value": "(",
                                        "valueText": "("
                                    },
                                    "arguments": [
                                        {
                                            "kind": "AddExpression",
                                            "fullWidth": 58,
                                            "left": {
                                                "kind": "StringLiteral",
                                                "width": 41,
                                                "fullWidth": 42,
                                                "text": "'#2: typeof \"NaN\" === \"string\". Actual: '",
                                                "value": "#2: typeof \"NaN\" === \"string\". Actual: ",
                                                "valueText": "#2: typeof \"NaN\" === \"string\". Actual: ",
                                                "hasTrailingTrivia": true,
                                                "trailingTrivia": [
                                                    {
                                                        "kind": "WhitespaceTrivia",
                                                        "text": " "
                                                    }
                                                ]
                                            },
                                            "operatorToken": {
                                                "kind": "PlusToken",
                                                "width": 1,
                                                "fullWidth": 2,
                                                "text": "+",
                                                "value": "+",
                                                "valueText": "+",
                                                "hasTrailingTrivia": true,
                                                "trailingTrivia": [
                                                    {
                                                        "kind": "WhitespaceTrivia",
                                                        "text": " "
                                                    }
                                                ]
                                            },
                                            "right": {
                                                "kind": "ParenthesizedExpression",
                                                "fullWidth": 14,
                                                "openParenToken": {
                                                    "kind": "OpenParenToken",
                                                    "width": 1,
                                                    "text": "(",
                                                    "value": "(",
                                                    "valueText": "("
                                                },
                                                "expression": {
                                                    "kind": "TypeOfExpression",
                                                    "fullWidth": 12,
                                                    "typeOfKeyword": {
                                                        "kind": "TypeOfKeyword",
                                                        "width": 6,
                                                        "fullWidth": 7,
                                                        "text": "typeof",
                                                        "value": "typeof",
                                                        "valueText": "typeof",
                                                        "hasTrailingTrivia": true,
                                                        "trailingTrivia": [
                                                            {
                                                                "kind": "WhitespaceTrivia",
                                                                "text": " "
                                                            }
                                                        ]
                                                    },
                                                    "expression": {
                                                        "kind": "StringLiteral",
                                                        "width": 5,
                                                        "text": "\"NaN\"",
                                                        "value": "NaN",
                                                        "valueText": "NaN"
                                                    }
                                                },
                                                "closeParenToken": {
                                                    "kind": "CloseParenToken",
                                                    "width": 1,
                                                    "text": ")",
                                                    "value": ")",
                                                    "valueText": ")"
                                                }
                                            }
                                        }
                                    ],
                                    "closeParenToken": {
                                        "kind": "CloseParenToken",
                                        "width": 1,
                                        "text": ")",
                                        "value": ")",
                                        "valueText": ")"
                                    }
                                }
                            },
                            "semicolonToken": {
                                "kind": "SemicolonToken",
                                "width": 1,
                                "fullWidth": 2,
                                "text": ";",
                                "value": ";",
                                "valueText": ";",
                                "hasTrailingTrivia": true,
                                "hasTrailingNewLine": true,
                                "trailingTrivia": [
                                    {
                                        "kind": "NewLineTrivia",
                                        "text": "\n"
                                    }
                                ]
                            }
                        }
                    ],
                    "closeBraceToken": {
                        "kind": "CloseBraceToken",
                        "width": 1,
                        "fullWidth": 2,
                        "text": "}",
                        "value": "}",
                        "valueText": "}",
                        "hasTrailingTrivia": true,
                        "hasTrailingNewLine": true,
                        "trailingTrivia": [
                            {
                                "kind": "NewLineTrivia",
                                "text": "\n"
                            }
                        ]
                    }
                }
            },
            {
                "kind": "IfStatement",
                "fullWidth": 131,
                "ifKeyword": {
                    "kind": "IfKeyword",
                    "width": 2,
                    "fullWidth": 14,
                    "text": "if",
                    "value": "if",
                    "valueText": "if",
                    "hasLeadingTrivia": true,
                    "hasLeadingComment": true,
                    "hasLeadingNewLine": true,
                    "hasTrailingTrivia": true,
                    "leadingTrivia": [
                        {
                            "kind": "NewLineTrivia",
                            "text": "\n"
                        },
                        {
                            "kind": "SingleLineCommentTrivia",
                            "text": "//CHECK#3"
                        },
                        {
                            "kind": "NewLineTrivia",
                            "text": "\n"
                        }
                    ],
                    "trailingTrivia": [
                        {
                            "kind": "WhitespaceTrivia",
                            "text": " "
                        }
                    ]
                },
                "openParenToken": {
                    "kind": "OpenParenToken",
                    "width": 1,
                    "text": "(",
                    "value": "(",
                    "valueText": "("
                },
                "condition": {
                    "kind": "NotEqualsExpression",
                    "fullWidth": 30,
                    "left": {
                        "kind": "TypeOfExpression",
                        "fullWidth": 18,
                        "typeOfKeyword": {
                            "kind": "TypeOfKeyword",
                            "width": 6,
                            "fullWidth": 7,
                            "text": "typeof",
                            "value": "typeof",
                            "valueText": "typeof",
                            "hasTrailingTrivia": true,
                            "trailingTrivia": [
                                {
                                    "kind": "WhitespaceTrivia",
                                    "text": " "
                                }
                            ]
                        },
                        "expression": {
                            "kind": "StringLiteral",
                            "width": 10,
                            "fullWidth": 11,
                            "text": "\"Infinity\"",
                            "value": "Infinity",
                            "valueText": "Infinity",
                            "hasTrailingTrivia": true,
                            "trailingTrivia": [
                                {
                                    "kind": "WhitespaceTrivia",
                                    "text": " "
                                }
                            ]
                        }
                    },
                    "operatorToken": {
                        "kind": "ExclamationEqualsEqualsToken",
                        "width": 3,
                        "fullWidth": 4,
                        "text": "!==",
                        "value": "!==",
                        "valueText": "!==",
                        "hasTrailingTrivia": true,
                        "trailingTrivia": [
                            {
                                "kind": "WhitespaceTrivia",
                                "text": " "
                            }
                        ]
                    },
                    "right": {
                        "kind": "StringLiteral",
                        "width": 8,
                        "text": "\"string\"",
                        "value": "string",
                        "valueText": "string"
                    }
                },
                "closeParenToken": {
                    "kind": "CloseParenToken",
                    "width": 1,
                    "fullWidth": 2,
                    "text": ")",
                    "value": ")",
                    "valueText": ")",
                    "hasTrailingTrivia": true,
                    "trailingTrivia": [
                        {
                            "kind": "WhitespaceTrivia",
                            "text": " "
                        }
                    ]
                },
                "statement": {
                    "kind": "Block",
                    "fullWidth": 84,
                    "openBraceToken": {
                        "kind": "OpenBraceToken",
                        "width": 1,
                        "fullWidth": 2,
                        "text": "{",
                        "value": "{",
                        "valueText": "{",
                        "hasTrailingTrivia": true,
                        "hasTrailingNewLine": true,
                        "trailingTrivia": [
                            {
                                "kind": "NewLineTrivia",
                                "text": "\n"
                            }
                        ]
                    },
                    "statements": [
                        {
                            "kind": "ExpressionStatement",
                            "fullWidth": 80,
                            "expression": {
                                "kind": "InvocationExpression",
                                "fullWidth": 78,
                                "expression": {
                                    "kind": "IdentifierName",
                                    "width": 6,
                                    "fullWidth": 8,
                                    "text": "$ERROR",
                                    "value": "$ERROR",
                                    "valueText": "$ERROR",
                                    "hasLeadingTrivia": true,
                                    "leadingTrivia": [
                                        {
                                            "kind": "WhitespaceTrivia",
                                            "text": "  "
                                        }
                                    ]
                                },
                                "argumentList": {
                                    "kind": "ArgumentList",
                                    "fullWidth": 70,
                                    "openParenToken": {
                                        "kind": "OpenParenToken",
                                        "width": 1,
                                        "text": "(",
                                        "value": "(",
                                        "valueText": "("
                                    },
                                    "arguments": [
                                        {
                                            "kind": "AddExpression",
                                            "fullWidth": 68,
                                            "left": {
                                                "kind": "StringLiteral",
                                                "width": 46,
                                                "fullWidth": 47,
                                                "text": "'#3: typeof \"Infinity\" === \"string\". Actual: '",
                                                "value": "#3: typeof \"Infinity\" === \"string\". Actual: ",
                                                "valueText": "#3: typeof \"Infinity\" === \"string\". Actual: ",
                                                "hasTrailingTrivia": true,
                                                "trailingTrivia": [
                                                    {
                                                        "kind": "WhitespaceTrivia",
                                                        "text": " "
                                                    }
                                                ]
                                            },
                                            "operatorToken": {
                                                "kind": "PlusToken",
                                                "width": 1,
                                                "fullWidth": 2,
                                                "text": "+",
                                                "value": "+",
                                                "valueText": "+",
                                                "hasTrailingTrivia": true,
                                                "trailingTrivia": [
                                                    {
                                                        "kind": "WhitespaceTrivia",
                                                        "text": " "
                                                    }
                                                ]
                                            },
                                            "right": {
                                                "kind": "ParenthesizedExpression",
                                                "fullWidth": 19,
                                                "openParenToken": {
                                                    "kind": "OpenParenToken",
                                                    "width": 1,
                                                    "text": "(",
                                                    "value": "(",
                                                    "valueText": "("
                                                },
                                                "expression": {
                                                    "kind": "TypeOfExpression",
                                                    "fullWidth": 17,
                                                    "typeOfKeyword": {
                                                        "kind": "TypeOfKeyword",
                                                        "width": 6,
                                                        "fullWidth": 7,
                                                        "text": "typeof",
                                                        "value": "typeof",
                                                        "valueText": "typeof",
                                                        "hasTrailingTrivia": true,
                                                        "trailingTrivia": [
                                                            {
                                                                "kind": "WhitespaceTrivia",
                                                                "text": " "
                                                            }
                                                        ]
                                                    },
                                                    "expression": {
                                                        "kind": "StringLiteral",
                                                        "width": 10,
                                                        "text": "\"Infinity\"",
                                                        "value": "Infinity",
                                                        "valueText": "Infinity"
                                                    }
                                                },
                                                "closeParenToken": {
                                                    "kind": "CloseParenToken",
                                                    "width": 1,
                                                    "text": ")",
                                                    "value": ")",
                                                    "valueText": ")"
                                                }
                                            }
                                        }
                                    ],
                                    "closeParenToken": {
                                        "kind": "CloseParenToken",
                                        "width": 1,
                                        "text": ")",
                                        "value": ")",
                                        "valueText": ")"
                                    }
                                }
                            },
                            "semicolonToken": {
                                "kind": "SemicolonToken",
                                "width": 1,
                                "fullWidth": 2,
                                "text": ";",
                                "value": ";",
                                "valueText": ";",
                                "hasTrailingTrivia": true,
                                "hasTrailingNewLine": true,
                                "trailingTrivia": [
                                    {
                                        "kind": "NewLineTrivia",
                                        "text": "\n"
                                    }
                                ]
                            }
                        }
                    ],
                    "closeBraceToken": {
                        "kind": "CloseBraceToken",
                        "width": 1,
                        "fullWidth": 2,
                        "text": "}",
                        "value": "}",
                        "valueText": "}",
                        "hasTrailingTrivia": true,
                        "hasTrailingNewLine": true,
                        "trailingTrivia": [
                            {
                                "kind": "NewLineTrivia",
                                "text": "\n"
                            }
                        ]
                    }
                }
            },
            {
                "kind": "IfStatement",
                "fullWidth": 107,
                "ifKeyword": {
                    "kind": "IfKeyword",
                    "width": 2,
                    "fullWidth": 14,
                    "text": "if",
                    "value": "if",
                    "valueText": "if",
                    "hasLeadingTrivia": true,
                    "hasLeadingComment": true,
                    "hasLeadingNewLine": true,
                    "hasTrailingTrivia": true,
                    "leadingTrivia": [
                        {
                            "kind": "NewLineTrivia",
                            "text": "\n"
                        },
                        {
                            "kind": "SingleLineCommentTrivia",
                            "text": "//CHECK#4"
                        },
                        {
                            "kind": "NewLineTrivia",
                            "text": "\n"
                        }
                    ],
                    "trailingTrivia": [
                        {
                            "kind": "WhitespaceTrivia",
                            "text": " "
                        }
                    ]
                },
                "openParenToken": {
                    "kind": "OpenParenToken",
                    "width": 1,
                    "text": "(",
                    "value": "(",
                    "valueText": "("
                },
                "condition": {
                    "kind": "NotEqualsExpression",
                    "fullWidth": 22,
                    "left": {
                        "kind": "TypeOfExpression",
                        "fullWidth": 10,
                        "typeOfKeyword": {
                            "kind": "TypeOfKeyword",
                            "width": 6,
                            "fullWidth": 7,
                            "text": "typeof",
                            "value": "typeof",
                            "valueText": "typeof",
                            "hasTrailingTrivia": true,
                            "trailingTrivia": [
                                {
                                    "kind": "WhitespaceTrivia",
                                    "text": " "
                                }
                            ]
                        },
                        "expression": {
                            "kind": "StringLiteral",
                            "width": 2,
                            "fullWidth": 3,
                            "text": "\"\"",
                            "value": "",
                            "valueText": "",
                            "hasTrailingTrivia": true,
                            "trailingTrivia": [
                                {
                                    "kind": "WhitespaceTrivia",
                                    "text": " "
                                }
                            ]
                        }
                    },
                    "operatorToken": {
                        "kind": "ExclamationEqualsEqualsToken",
                        "width": 3,
                        "fullWidth": 4,
                        "text": "!==",
                        "value": "!==",
                        "valueText": "!==",
                        "hasTrailingTrivia": true,
                        "trailingTrivia": [
                            {
                                "kind": "WhitespaceTrivia",
                                "text": " "
                            }
                        ]
                    },
                    "right": {
                        "kind": "StringLiteral",
                        "width": 8,
                        "text": "\"string\"",
                        "value": "string",
                        "valueText": "string"
                    }
                },
                "closeParenToken": {
                    "kind": "CloseParenToken",
                    "width": 1,
                    "fullWidth": 2,
                    "text": ")",
                    "value": ")",
                    "valueText": ")",
                    "hasTrailingTrivia": true,
                    "trailingTrivia": [
                        {
                            "kind": "WhitespaceTrivia",
                            "text": " "
                        }
                    ]
                },
                "statement": {
                    "kind": "Block",
                    "fullWidth": 68,
                    "openBraceToken": {
                        "kind": "OpenBraceToken",
                        "width": 1,
                        "fullWidth": 2,
                        "text": "{",
                        "value": "{",
                        "valueText": "{",
                        "hasTrailingTrivia": true,
                        "hasTrailingNewLine": true,
                        "trailingTrivia": [
                            {
                                "kind": "NewLineTrivia",
                                "text": "\n"
                            }
                        ]
                    },
                    "statements": [
                        {
                            "kind": "ExpressionStatement",
                            "fullWidth": 64,
                            "expression": {
                                "kind": "InvocationExpression",
                                "fullWidth": 62,
                                "expression": {
                                    "kind": "IdentifierName",
                                    "width": 6,
                                    "fullWidth": 8,
                                    "text": "$ERROR",
                                    "value": "$ERROR",
                                    "valueText": "$ERROR",
                                    "hasLeadingTrivia": true,
                                    "leadingTrivia": [
                                        {
                                            "kind": "WhitespaceTrivia",
                                            "text": "  "
                                        }
                                    ]
                                },
                                "argumentList": {
                                    "kind": "ArgumentList",
                                    "fullWidth": 54,
                                    "openParenToken": {
                                        "kind": "OpenParenToken",
                                        "width": 1,
                                        "text": "(",
                                        "value": "(",
                                        "valueText": "("
                                    },
                                    "arguments": [
                                        {
                                            "kind": "AddExpression",
                                            "fullWidth": 52,
                                            "left": {
                                                "kind": "StringLiteral",
                                                "width": 38,
                                                "fullWidth": 39,
                                                "text": "'#4: typeof \"\" === \"string\". Actual: '",
                                                "value": "#4: typeof \"\" === \"string\". Actual: ",
                                                "valueText": "#4: typeof \"\" === \"string\". Actual: ",
                                                "hasTrailingTrivia": true,
                                                "trailingTrivia": [
                                                    {
                                                        "kind": "WhitespaceTrivia",
                                                        "text": " "
                                                    }
                                                ]
                                            },
                                            "operatorToken": {
                                                "kind": "PlusToken",
                                                "width": 1,
                                                "fullWidth": 2,
                                                "text": "+",
                                                "value": "+",
                                                "valueText": "+",
                                                "hasTrailingTrivia": true,
                                                "trailingTrivia": [
                                                    {
                                                        "kind": "WhitespaceTrivia",
                                                        "text": " "
                                                    }
                                                ]
                                            },
                                            "right": {
                                                "kind": "ParenthesizedExpression",
                                                "fullWidth": 11,
                                                "openParenToken": {
                                                    "kind": "OpenParenToken",
                                                    "width": 1,
                                                    "text": "(",
                                                    "value": "(",
                                                    "valueText": "("
                                                },
                                                "expression": {
                                                    "kind": "TypeOfExpression",
                                                    "fullWidth": 9,
                                                    "typeOfKeyword": {
                                                        "kind": "TypeOfKeyword",
                                                        "width": 6,
                                                        "fullWidth": 7,
                                                        "text": "typeof",
                                                        "value": "typeof",
                                                        "valueText": "typeof",
                                                        "hasTrailingTrivia": true,
                                                        "trailingTrivia": [
                                                            {
                                                                "kind": "WhitespaceTrivia",
                                                                "text": " "
                                                            }
                                                        ]
                                                    },
                                                    "expression": {
                                                        "kind": "StringLiteral",
                                                        "width": 2,
                                                        "text": "\"\"",
                                                        "value": "",
                                                        "valueText": ""
                                                    }
                                                },
                                                "closeParenToken": {
                                                    "kind": "CloseParenToken",
                                                    "width": 1,
                                                    "text": ")",
                                                    "value": ")",
                                                    "valueText": ")"
                                                }
                                            }
                                        }
                                    ],
                                    "closeParenToken": {
                                        "kind": "CloseParenToken",
                                        "width": 1,
                                        "text": ")",
                                        "value": ")",
                                        "valueText": ")"
                                    }
                                }
                            },
                            "semicolonToken": {
                                "kind": "SemicolonToken",
                                "width": 1,
                                "fullWidth": 2,
                                "text": ";",
                                "value": ";",
                                "valueText": ";",
                                "hasTrailingTrivia": true,
                                "hasTrailingNewLine": true,
                                "trailingTrivia": [
                                    {
                                        "kind": "NewLineTrivia",
                                        "text": "\n"
                                    }
                                ]
                            }
                        }
                    ],
                    "closeBraceToken": {
                        "kind": "CloseBraceToken",
                        "width": 1,
                        "fullWidth": 2,
                        "text": "}",
                        "value": "}",
                        "valueText": "}",
                        "hasTrailingTrivia": true,
                        "hasTrailingNewLine": true,
                        "trailingTrivia": [
                            {
                                "kind": "NewLineTrivia",
                                "text": "\n"
                            }
                        ]
                    }
                }
            },
            {
                "kind": "IfStatement",
                "fullWidth": 119,
                "ifKeyword": {
                    "kind": "IfKeyword",
                    "width": 2,
                    "fullWidth": 14,
                    "text": "if",
                    "value": "if",
                    "valueText": "if",
                    "hasLeadingTrivia": true,
                    "hasLeadingComment": true,
                    "hasLeadingNewLine": true,
                    "hasTrailingTrivia": true,
                    "leadingTrivia": [
                        {
                            "kind": "NewLineTrivia",
                            "text": "\n"
                        },
                        {
                            "kind": "SingleLineCommentTrivia",
                            "text": "//CHECK#5"
                        },
                        {
                            "kind": "NewLineTrivia",
                            "text": "\n"
                        }
                    ],
                    "trailingTrivia": [
                        {
                            "kind": "WhitespaceTrivia",
                            "text": " "
                        }
                    ]
                },
                "openParenToken": {
                    "kind": "OpenParenToken",
                    "width": 1,
                    "text": "(",
                    "value": "(",
                    "valueText": "("
                },
                "condition": {
                    "kind": "NotEqualsExpression",
                    "fullWidth": 26,
                    "left": {
                        "kind": "TypeOfExpression",
                        "fullWidth": 14,
                        "typeOfKeyword": {
                            "kind": "TypeOfKeyword",
                            "width": 6,
                            "fullWidth": 7,
                            "text": "typeof",
                            "value": "typeof",
                            "valueText": "typeof",
                            "hasTrailingTrivia": true,
                            "trailingTrivia": [
                                {
                                    "kind": "WhitespaceTrivia",
                                    "text": " "
                                }
                            ]
                        },
                        "expression": {
                            "kind": "StringLiteral",
                            "width": 6,
                            "fullWidth": 7,
                            "text": "\"true\"",
                            "value": "true",
                            "valueText": "true",
                            "hasTrailingTrivia": true,
                            "trailingTrivia": [
                                {
                                    "kind": "WhitespaceTrivia",
                                    "text": " "
                                }
                            ]
                        }
                    },
                    "operatorToken": {
                        "kind": "ExclamationEqualsEqualsToken",
                        "width": 3,
                        "fullWidth": 4,
                        "text": "!==",
                        "value": "!==",
                        "valueText": "!==",
                        "hasTrailingTrivia": true,
                        "trailingTrivia": [
                            {
                                "kind": "WhitespaceTrivia",
                                "text": " "
                            }
                        ]
                    },
                    "right": {
                        "kind": "StringLiteral",
                        "width": 8,
                        "text": "\"string\"",
                        "value": "string",
                        "valueText": "string"
                    }
                },
                "closeParenToken": {
                    "kind": "CloseParenToken",
                    "width": 1,
                    "fullWidth": 2,
                    "text": ")",
                    "value": ")",
                    "valueText": ")",
                    "hasTrailingTrivia": true,
                    "trailingTrivia": [
                        {
                            "kind": "WhitespaceTrivia",
                            "text": " "
                        }
                    ]
                },
                "statement": {
                    "kind": "Block",
                    "fullWidth": 76,
                    "openBraceToken": {
                        "kind": "OpenBraceToken",
                        "width": 1,
                        "fullWidth": 2,
                        "text": "{",
                        "value": "{",
                        "valueText": "{",
                        "hasTrailingTrivia": true,
                        "hasTrailingNewLine": true,
                        "trailingTrivia": [
                            {
                                "kind": "NewLineTrivia",
                                "text": "\n"
                            }
                        ]
                    },
                    "statements": [
                        {
                            "kind": "ExpressionStatement",
                            "fullWidth": 72,
                            "expression": {
                                "kind": "InvocationExpression",
                                "fullWidth": 70,
                                "expression": {
                                    "kind": "IdentifierName",
                                    "width": 6,
                                    "fullWidth": 8,
                                    "text": "$ERROR",
                                    "value": "$ERROR",
                                    "valueText": "$ERROR",
                                    "hasLeadingTrivia": true,
                                    "leadingTrivia": [
                                        {
                                            "kind": "WhitespaceTrivia",
                                            "text": "  "
                                        }
                                    ]
                                },
                                "argumentList": {
                                    "kind": "ArgumentList",
                                    "fullWidth": 62,
                                    "openParenToken": {
                                        "kind": "OpenParenToken",
                                        "width": 1,
                                        "text": "(",
                                        "value": "(",
                                        "valueText": "("
                                    },
                                    "arguments": [
                                        {
                                            "kind": "AddExpression",
                                            "fullWidth": 60,
                                            "left": {
                                                "kind": "StringLiteral",
                                                "width": 42,
                                                "fullWidth": 43,
                                                "text": "'#5: typeof \"true\" === \"string\". Actual: '",
                                                "value": "#5: typeof \"true\" === \"string\". Actual: ",
                                                "valueText": "#5: typeof \"true\" === \"string\". Actual: ",
                                                "hasTrailingTrivia": true,
                                                "trailingTrivia": [
                                                    {
                                                        "kind": "WhitespaceTrivia",
                                                        "text": " "
                                                    }
                                                ]
                                            },
                                            "operatorToken": {
                                                "kind": "PlusToken",
                                                "width": 1,
                                                "fullWidth": 2,
                                                "text": "+",
                                                "value": "+",
                                                "valueText": "+",
                                                "hasTrailingTrivia": true,
                                                "trailingTrivia": [
                                                    {
                                                        "kind": "WhitespaceTrivia",
                                                        "text": " "
                                                    }
                                                ]
                                            },
                                            "right": {
                                                "kind": "ParenthesizedExpression",
                                                "fullWidth": 15,
                                                "openParenToken": {
                                                    "kind": "OpenParenToken",
                                                    "width": 1,
                                                    "text": "(",
                                                    "value": "(",
                                                    "valueText": "("
                                                },
                                                "expression": {
                                                    "kind": "TypeOfExpression",
                                                    "fullWidth": 13,
                                                    "typeOfKeyword": {
                                                        "kind": "TypeOfKeyword",
                                                        "width": 6,
                                                        "fullWidth": 7,
                                                        "text": "typeof",
                                                        "value": "typeof",
                                                        "valueText": "typeof",
                                                        "hasTrailingTrivia": true,
                                                        "trailingTrivia": [
                                                            {
                                                                "kind": "WhitespaceTrivia",
                                                                "text": " "
                                                            }
                                                        ]
                                                    },
                                                    "expression": {
                                                        "kind": "StringLiteral",
                                                        "width": 6,
                                                        "text": "\"true\"",
                                                        "value": "true",
                                                        "valueText": "true"
                                                    }
                                                },
                                                "closeParenToken": {
                                                    "kind": "CloseParenToken",
                                                    "width": 1,
                                                    "text": ")",
                                                    "value": ")",
                                                    "valueText": ")"
                                                }
                                            }
                                        }
                                    ],
                                    "closeParenToken": {
                                        "kind": "CloseParenToken",
                                        "width": 1,
                                        "text": ")",
                                        "value": ")",
                                        "valueText": ")"
                                    }
                                }
                            },
                            "semicolonToken": {
                                "kind": "SemicolonToken",
                                "width": 1,
                                "fullWidth": 2,
                                "text": ";",
                                "value": ";",
                                "valueText": ";",
                                "hasTrailingTrivia": true,
                                "hasTrailingNewLine": true,
                                "trailingTrivia": [
                                    {
                                        "kind": "NewLineTrivia",
                                        "text": "\n"
                                    }
                                ]
                            }
                        }
                    ],
                    "closeBraceToken": {
                        "kind": "CloseBraceToken",
                        "width": 1,
                        "fullWidth": 2,
                        "text": "}",
                        "value": "}",
                        "valueText": "}",
                        "hasTrailingTrivia": true,
                        "hasTrailingNewLine": true,
                        "trailingTrivia": [
                            {
                                "kind": "NewLineTrivia",
                                "text": "\n"
                            }
                        ]
                    }
                }
            },
            {
                "kind": "IfStatement",
                "fullWidth": 119,
                "ifKeyword": {
                    "kind": "IfKeyword",
                    "width": 2,
                    "fullWidth": 14,
                    "text": "if",
                    "value": "if",
                    "valueText": "if",
                    "hasLeadingTrivia": true,
                    "hasLeadingComment": true,
                    "hasLeadingNewLine": true,
                    "hasTrailingTrivia": true,
                    "leadingTrivia": [
                        {
                            "kind": "NewLineTrivia",
                            "text": "\n"
                        },
                        {
                            "kind": "SingleLineCommentTrivia",
                            "text": "//CHECK#6"
                        },
                        {
                            "kind": "NewLineTrivia",
                            "text": "\n"
                        }
                    ],
                    "trailingTrivia": [
                        {
                            "kind": "WhitespaceTrivia",
                            "text": " "
                        }
                    ]
                },
                "openParenToken": {
                    "kind": "OpenParenToken",
                    "width": 1,
                    "text": "(",
                    "value": "(",
                    "valueText": "("
                },
                "condition": {
                    "kind": "NotEqualsExpression",
                    "fullWidth": 26,
                    "left": {
                        "kind": "TypeOfExpression",
                        "fullWidth": 14,
                        "typeOfKeyword": {
                            "kind": "TypeOfKeyword",
                            "width": 6,
                            "fullWidth": 7,
                            "text": "typeof",
                            "value": "typeof",
                            "valueText": "typeof",
                            "hasTrailingTrivia": true,
                            "trailingTrivia": [
                                {
                                    "kind": "WhitespaceTrivia",
                                    "text": " "
                                }
                            ]
                        },
                        "expression": {
                            "kind": "InvocationExpression",
                            "fullWidth": 7,
                            "expression": {
                                "kind": "IdentifierName",
                                "width": 4,
                                "text": "Date",
                                "value": "Date",
                                "valueText": "Date"
                            },
                            "argumentList": {
                                "kind": "ArgumentList",
                                "fullWidth": 3,
                                "openParenToken": {
                                    "kind": "OpenParenToken",
                                    "width": 1,
                                    "text": "(",
                                    "value": "(",
                                    "valueText": "("
                                },
                                "arguments": [],
                                "closeParenToken": {
                                    "kind": "CloseParenToken",
                                    "width": 1,
                                    "fullWidth": 2,
                                    "text": ")",
                                    "value": ")",
                                    "valueText": ")",
                                    "hasTrailingTrivia": true,
                                    "trailingTrivia": [
                                        {
                                            "kind": "WhitespaceTrivia",
                                            "text": " "
                                        }
                                    ]
                                }
                            }
                        }
                    },
                    "operatorToken": {
                        "kind": "ExclamationEqualsEqualsToken",
                        "width": 3,
                        "fullWidth": 4,
                        "text": "!==",
                        "value": "!==",
                        "valueText": "!==",
                        "hasTrailingTrivia": true,
                        "trailingTrivia": [
                            {
                                "kind": "WhitespaceTrivia",
                                "text": " "
                            }
                        ]
                    },
                    "right": {
                        "kind": "StringLiteral",
                        "width": 8,
                        "text": "\"string\"",
                        "value": "string",
                        "valueText": "string"
                    }
                },
                "closeParenToken": {
                    "kind": "CloseParenToken",
                    "width": 1,
                    "fullWidth": 2,
                    "text": ")",
                    "value": ")",
                    "valueText": ")",
                    "hasTrailingTrivia": true,
                    "trailingTrivia": [
                        {
                            "kind": "WhitespaceTrivia",
                            "text": " "
                        }
                    ]
                },
                "statement": {
                    "kind": "Block",
                    "fullWidth": 76,
                    "openBraceToken": {
                        "kind": "OpenBraceToken",
                        "width": 1,
                        "fullWidth": 2,
                        "text": "{",
                        "value": "{",
                        "valueText": "{",
                        "hasTrailingTrivia": true,
                        "hasTrailingNewLine": true,
                        "trailingTrivia": [
                            {
                                "kind": "NewLineTrivia",
                                "text": "\n"
                            }
                        ]
                    },
                    "statements": [
                        {
                            "kind": "ExpressionStatement",
                            "fullWidth": 72,
                            "expression": {
                                "kind": "InvocationExpression",
                                "fullWidth": 70,
                                "expression": {
                                    "kind": "IdentifierName",
                                    "width": 6,
                                    "fullWidth": 8,
                                    "text": "$ERROR",
                                    "value": "$ERROR",
                                    "valueText": "$ERROR",
                                    "hasLeadingTrivia": true,
                                    "leadingTrivia": [
                                        {
                                            "kind": "WhitespaceTrivia",
                                            "text": "  "
                                        }
                                    ]
                                },
                                "argumentList": {
                                    "kind": "ArgumentList",
                                    "fullWidth": 62,
                                    "openParenToken": {
                                        "kind": "OpenParenToken",
                                        "width": 1,
                                        "text": "(",
                                        "value": "(",
                                        "valueText": "("
                                    },
                                    "arguments": [
                                        {
                                            "kind": "AddExpression",
                                            "fullWidth": 60,
                                            "left": {
                                                "kind": "StringLiteral",
                                                "width": 42,
                                                "fullWidth": 43,
                                                "text": "'#6: typeof Date() === \"string\". Actual: '",
                                                "value": "#6: typeof Date() === \"string\". Actual: ",
                                                "valueText": "#6: typeof Date() === \"string\". Actual: ",
                                                "hasTrailingTrivia": true,
                                                "trailingTrivia": [
                                                    {
                                                        "kind": "WhitespaceTrivia",
                                                        "text": " "
                                                    }
                                                ]
                                            },
                                            "operatorToken": {
                                                "kind": "PlusToken",
                                                "width": 1,
                                                "fullWidth": 2,
                                                "text": "+",
                                                "value": "+",
                                                "valueText": "+",
                                                "hasTrailingTrivia": true,
                                                "trailingTrivia": [
                                                    {
                                                        "kind": "WhitespaceTrivia",
                                                        "text": " "
                                                    }
                                                ]
                                            },
                                            "right": {
                                                "kind": "ParenthesizedExpression",
                                                "fullWidth": 15,
                                                "openParenToken": {
                                                    "kind": "OpenParenToken",
                                                    "width": 1,
                                                    "text": "(",
                                                    "value": "(",
                                                    "valueText": "("
                                                },
                                                "expression": {
                                                    "kind": "TypeOfExpression",
                                                    "fullWidth": 13,
                                                    "typeOfKeyword": {
                                                        "kind": "TypeOfKeyword",
                                                        "width": 6,
                                                        "fullWidth": 7,
                                                        "text": "typeof",
                                                        "value": "typeof",
                                                        "valueText": "typeof",
                                                        "hasTrailingTrivia": true,
                                                        "trailingTrivia": [
                                                            {
                                                                "kind": "WhitespaceTrivia",
                                                                "text": " "
                                                            }
                                                        ]
                                                    },
                                                    "expression": {
                                                        "kind": "InvocationExpression",
                                                        "fullWidth": 6,
                                                        "expression": {
                                                            "kind": "IdentifierName",
                                                            "width": 4,
                                                            "text": "Date",
                                                            "value": "Date",
                                                            "valueText": "Date"
                                                        },
                                                        "argumentList": {
                                                            "kind": "ArgumentList",
                                                            "fullWidth": 2,
                                                            "openParenToken": {
                                                                "kind": "OpenParenToken",
                                                                "width": 1,
                                                                "text": "(",
                                                                "value": "(",
                                                                "valueText": "("
                                                            },
                                                            "arguments": [],
                                                            "closeParenToken": {
                                                                "kind": "CloseParenToken",
                                                                "width": 1,
                                                                "text": ")",
                                                                "value": ")",
                                                                "valueText": ")"
                                                            }
                                                        }
                                                    }
                                                },
                                                "closeParenToken": {
                                                    "kind": "CloseParenToken",
                                                    "width": 1,
                                                    "text": ")",
                                                    "value": ")",
                                                    "valueText": ")"
                                                }
                                            }
                                        }
                                    ],
                                    "closeParenToken": {
                                        "kind": "CloseParenToken",
                                        "width": 1,
                                        "text": ")",
                                        "value": ")",
                                        "valueText": ")"
                                    }
                                }
                            },
                            "semicolonToken": {
                                "kind": "SemicolonToken",
                                "width": 1,
                                "fullWidth": 2,
                                "text": ";",
                                "value": ";",
                                "valueText": ";",
                                "hasTrailingTrivia": true,
                                "hasTrailingNewLine": true,
                                "trailingTrivia": [
                                    {
                                        "kind": "NewLineTrivia",
                                        "text": "\n"
                                    }
                                ]
                            }
                        }
                    ],
                    "closeBraceToken": {
                        "kind": "CloseBraceToken",
                        "width": 1,
                        "fullWidth": 2,
                        "text": "}",
                        "value": "}",
                        "valueText": "}",
                        "hasTrailingTrivia": true,
                        "hasTrailingNewLine": true,
                        "trailingTrivia": [
                            {
                                "kind": "NewLineTrivia",
                                "text": "\n"
                            }
                        ]
                    }
                }
            }
        ],
        "endOfFileToken": {
            "kind": "EndOfFileToken",
            "width": 0,
            "fullWidth": 1,
            "text": "",
            "hasLeadingTrivia": true,
            "hasLeadingNewLine": true,
            "leadingTrivia": [
                {
                    "kind": "NewLineTrivia",
                    "text": "\n"
                }
            ]
        }
    },
    "lineMap": {
        "lineStarts": [
            0,
            61,
            132,
            133,
            137,
            198,
            201,
            243,
            294,
            298,
            299,
            309,
            340,
            406,
            408,
            409,
            419,
            452,
            522,
            524,
            525,
            535,
            573,
            653,
            655,
            656,
            666,
            696,
            760,
            762,
            763,
            773,
            807,
            879,
            881,
            882,
            892,
            926,
            998,
            1000,
            1001
        ],
        "length": 1001
    }
}