{
    "_sourceUnit": {
        "kind": "SourceUnit",
        "_moduleElements": [
            {
                "kind": "IfStatement",
                "_ifKeyword": {
                    "kind": "IdentifierNameToken",
                    "keywordKind": "IfKeyword",
                    "start": 366,
                    "fullStart": 0,
                    "width": 2,
                    "fullWidth": 369,
                    "text": "if",
                    "hasLeadingTrivia": true,
                    "hasLeadingCommentTrivia": true,
                    "hasLeadingNewLineTrivia": true,
                    "hasTrailingTrivia": true
                },
                "_openParenToken": {
                    "kind": "OpenParenToken",
                    "start": 369,
                    "width": 1,
                    "text": "("
                },
                "_condition": {
                    "kind": "NotEqualsExpression",
                    "_left": {
                        "kind": "MemberAccessExpression",
                        "_expression": {
                            "kind": "RegularExpressionLiteralExpression",
                            "_literalToken": {
                                "kind": "RegularExpressionLiteral",
                                "start": 370,
                                "width": 3,
                                "text": "/1/"
                            }
                        },
                        "_dotToken": {
                            "kind": "DotToken",
                            "start": 373,
                            "width": 1,
                            "text": "."
                        },
                        "_identifierName": {
                            "kind": "IdentifierName",
                            "_identifier": {
                                "kind": "IdentifierNameToken",
                                "start": 374,
                                "width": 6,
                                "fullWidth": 7,
                                "text": "source",
                                "valueText": "source",
                                "hasTrailingTrivia": true
                            }
                        }
                    },
                    "_operatorToken": {
                        "kind": "ExclamationEqualsEqualsToken",
                        "start": 381,
                        "width": 3,
                        "fullWidth": 4,
                        "text": "!==",
                        "hasTrailingTrivia": true
                    },
                    "_right": {
                        "kind": "StringLiteralExpression",
                        "_literalToken": {
                            "kind": "StringLiteral",
                            "start": 385,
                            "width": 3,
                            "text": "\"1\""
                        }
                    }
                },
                "_closeParenToken": {
                    "kind": "CloseParenToken",
                    "start": 388,
                    "width": 1,
                    "fullWidth": 2,
                    "text": ")",
                    "hasTrailingTrivia": true
                },
                "_statement": {
                    "kind": "Block",
                    "_openBraceToken": {
                        "kind": "OpenBraceToken",
                        "start": 390,
                        "width": 1,
                        "fullWidth": 2,
                        "text": "{",
                        "hasTrailingTrivia": true,
                        "hasTrailingNewLineTrivia": true
                    },
                    "_statements": [
                        {
                            "kind": "ExpressionStatement",
                            "_expression": {
                                "kind": "InvocationExpression",
                                "_expression": {
                                    "kind": "IdentifierName",
                                    "_identifier": {
                                        "kind": "IdentifierNameToken",
                                        "start": 394,
                                        "fullStart": 392,
                                        "width": 6,
                                        "fullWidth": 8,
                                        "text": "$ERROR",
                                        "valueText": "$ERROR",
                                        "hasLeadingTrivia": true
                                    }
                                },
                                "_argumentList": {
                                    "kind": "ArgumentList",
                                    "_openParenToken": {
                                        "kind": "OpenParenToken",
                                        "start": 400,
                                        "width": 1,
                                        "text": "("
                                    },
                                    "_arguments": [
                                        {
                                            "kind": "StringLiteralExpression",
                                            "_literalToken": {
                                                "kind": "StringLiteral",
                                                "start": 401,
                                                "width": 9,
                                                "text": "'#1: /1/'"
                                            }
                                        }
                                    ],
                                    "_closeParenToken": {
                                        "kind": "CloseParenToken",
                                        "start": 410,
                                        "width": 1,
                                        "text": ")"
                                    }
                                }
                            },
                            "_semicolonToken": {
                                "kind": "SemicolonToken",
                                "start": 411,
                                "width": 1,
                                "fullWidth": 2,
                                "text": ";",
                                "hasTrailingTrivia": true,
                                "hasTrailingNewLineTrivia": true
                            }
                        }
                    ],
                    "_closeBraceToken": {
                        "kind": "CloseBraceToken",
                        "start": 413,
                        "width": 1,
                        "fullWidth": 5,
                        "text": "}",
                        "hasTrailingTrivia": true,
                        "hasTrailingNewLineTrivia": true
                    }
                }
            },
            {
                "kind": "IfStatement",
                "_ifKeyword": {
                    "kind": "IdentifierNameToken",
                    "keywordKind": "IfKeyword",
                    "start": 429,
                    "fullStart": 418,
                    "width": 2,
                    "fullWidth": 14,
                    "text": "if",
                    "hasLeadingTrivia": true,
                    "hasLeadingCommentTrivia": true,
                    "hasLeadingNewLineTrivia": true,
                    "hasTrailingTrivia": true
                },
                "_openParenToken": {
                    "kind": "OpenParenToken",
                    "start": 432,
                    "width": 1,
                    "text": "("
                },
                "_condition": {
                    "kind": "NotEqualsExpression",
                    "_left": {
                        "kind": "MemberAccessExpression",
                        "_expression": {
                            "kind": "RegularExpressionLiteralExpression",
                            "_literalToken": {
                                "kind": "RegularExpressionLiteral",
                                "start": 433,
                                "width": 3,
                                "text": "/a/"
                            }
                        },
                        "_dotToken": {
                            "kind": "DotToken",
                            "start": 436,
                            "width": 1,
                            "text": "."
                        },
                        "_identifierName": {
                            "kind": "IdentifierName",
                            "_identifier": {
                                "kind": "IdentifierNameToken",
                                "start": 437,
                                "width": 6,
                                "fullWidth": 7,
                                "text": "source",
                                "valueText": "source",
                                "hasTrailingTrivia": true
                            }
                        }
                    },
                    "_operatorToken": {
                        "kind": "ExclamationEqualsEqualsToken",
                        "start": 444,
                        "width": 3,
                        "fullWidth": 4,
                        "text": "!==",
                        "hasTrailingTrivia": true
                    },
                    "_right": {
                        "kind": "StringLiteralExpression",
                        "_literalToken": {
                            "kind": "StringLiteral",
                            "start": 448,
                            "width": 3,
                            "text": "\"a\""
                        }
                    }
                },
                "_closeParenToken": {
                    "kind": "CloseParenToken",
                    "start": 451,
                    "width": 1,
                    "fullWidth": 2,
                    "text": ")",
                    "hasTrailingTrivia": true
                },
                "_statement": {
                    "kind": "Block",
                    "_openBraceToken": {
                        "kind": "OpenBraceToken",
                        "start": 453,
                        "width": 1,
                        "fullWidth": 2,
                        "text": "{",
                        "hasTrailingTrivia": true,
                        "hasTrailingNewLineTrivia": true
                    },
                    "_statements": [
                        {
                            "kind": "ExpressionStatement",
                            "_expression": {
                                "kind": "InvocationExpression",
                                "_expression": {
                                    "kind": "IdentifierName",
                                    "_identifier": {
                                        "kind": "IdentifierNameToken",
                                        "start": 457,
                                        "fullStart": 455,
                                        "width": 6,
                                        "fullWidth": 8,
                                        "text": "$ERROR",
                                        "valueText": "$ERROR",
                                        "hasLeadingTrivia": true
                                    }
                                },
                                "_argumentList": {
                                    "kind": "ArgumentList",
                                    "_openParenToken": {
                                        "kind": "OpenParenToken",
                                        "start": 463,
                                        "width": 1,
                                        "text": "("
                                    },
                                    "_arguments": [
                                        {
                                            "kind": "StringLiteralExpression",
                                            "_literalToken": {
                                                "kind": "StringLiteral",
                                                "start": 464,
                                                "width": 9,
                                                "text": "'#2: /a/'"
                                            }
                                        }
                                    ],
                                    "_closeParenToken": {
                                        "kind": "CloseParenToken",
                                        "start": 473,
                                        "width": 1,
                                        "text": ")"
                                    }
                                }
                            },
                            "_semicolonToken": {
                                "kind": "SemicolonToken",
                                "start": 474,
                                "width": 1,
                                "fullWidth": 2,
                                "text": ";",
                                "hasTrailingTrivia": true,
                                "hasTrailingNewLineTrivia": true
                            }
                        }
                    ],
                    "_closeBraceToken": {
                        "kind": "CloseBraceToken",
                        "start": 476,
                        "width": 1,
                        "fullWidth": 2,
                        "text": "}",
                        "hasTrailingTrivia": true,
                        "hasTrailingNewLineTrivia": true
                    }
                }
            },
            {
                "kind": "IfStatement",
                "_ifKeyword": {
                    "kind": "IdentifierNameToken",
                    "keywordKind": "IfKeyword",
                    "start": 489,
                    "fullStart": 478,
                    "width": 2,
                    "fullWidth": 14,
                    "text": "if",
                    "hasLeadingTrivia": true,
                    "hasLeadingCommentTrivia": true,
                    "hasLeadingNewLineTrivia": true,
                    "hasTrailingTrivia": true
                },
                "_openParenToken": {
                    "kind": "OpenParenToken",
                    "start": 492,
                    "width": 1,
                    "text": "("
                },
                "_condition": {
                    "kind": "NotEqualsExpression",
                    "_left": {
                        "kind": "MemberAccessExpression",
                        "_expression": {
                            "kind": "RegularExpressionLiteralExpression",
                            "_literalToken": {
                                "kind": "RegularExpressionLiteral",
                                "start": 493,
                                "width": 3,
                                "text": "/;/"
                            }
                        },
                        "_dotToken": {
                            "kind": "DotToken",
                            "start": 496,
                            "width": 1,
                            "text": "."
                        },
                        "_identifierName": {
                            "kind": "IdentifierName",
                            "_identifier": {
                                "kind": "IdentifierNameToken",
                                "start": 497,
                                "width": 6,
                                "fullWidth": 7,
                                "text": "source",
                                "valueText": "source",
                                "hasTrailingTrivia": true
                            }
                        }
                    },
                    "_operatorToken": {
                        "kind": "ExclamationEqualsEqualsToken",
                        "start": 504,
                        "width": 3,
                        "fullWidth": 4,
                        "text": "!==",
                        "hasTrailingTrivia": true
                    },
                    "_right": {
                        "kind": "StringLiteralExpression",
                        "_literalToken": {
                            "kind": "StringLiteral",
                            "start": 508,
                            "width": 3,
                            "text": "\";\""
                        }
                    }
                },
                "_closeParenToken": {
                    "kind": "CloseParenToken",
                    "start": 511,
                    "width": 1,
                    "fullWidth": 2,
                    "text": ")",
                    "hasTrailingTrivia": true
                },
                "_statement": {
                    "kind": "Block",
                    "_openBraceToken": {
                        "kind": "OpenBraceToken",
                        "start": 513,
                        "width": 1,
                        "fullWidth": 2,
                        "text": "{",
                        "hasTrailingTrivia": true,
                        "hasTrailingNewLineTrivia": true
                    },
                    "_statements": [
                        {
                            "kind": "ExpressionStatement",
                            "_expression": {
                                "kind": "InvocationExpression",
                                "_expression": {
                                    "kind": "IdentifierName",
                                    "_identifier": {
                                        "kind": "IdentifierNameToken",
                                        "start": 517,
                                        "fullStart": 515,
                                        "width": 6,
                                        "fullWidth": 8,
                                        "text": "$ERROR",
                                        "valueText": "$ERROR",
                                        "hasLeadingTrivia": true
                                    }
                                },
                                "_argumentList": {
                                    "kind": "ArgumentList",
                                    "_openParenToken": {
                                        "kind": "OpenParenToken",
                                        "start": 523,
                                        "width": 1,
                                        "text": "("
                                    },
                                    "_arguments": [
                                        {
                                            "kind": "StringLiteralExpression",
                                            "_literalToken": {
                                                "kind": "StringLiteral",
                                                "start": 524,
                                                "width": 9,
                                                "text": "'#3: /;/'"
                                            }
                                        }
                                    ],
                                    "_closeParenToken": {
                                        "kind": "CloseParenToken",
                                        "start": 533,
                                        "width": 1,
                                        "text": ")"
                                    }
                                }
                            },
                            "_semicolonToken": {
                                "kind": "SemicolonToken",
                                "start": 534,
                                "width": 1,
                                "fullWidth": 2,
                                "text": ";",
                                "hasTrailingTrivia": true,
                                "hasTrailingNewLineTrivia": true
                            }
                        }
                    ],
                    "_closeBraceToken": {
                        "kind": "CloseBraceToken",
                        "start": 536,
                        "width": 1,
                        "fullWidth": 2,
                        "text": "}",
                        "hasTrailingTrivia": true,
                        "hasTrailingNewLineTrivia": true
                    }
                }
            },
            {
                "kind": "IfStatement",
                "_ifKeyword": {
                    "kind": "IdentifierNameToken",
                    "keywordKind": "IfKeyword",
                    "start": 549,
                    "fullStart": 538,
                    "width": 2,
                    "fullWidth": 14,
                    "text": "if",
                    "hasLeadingTrivia": true,
                    "hasLeadingCommentTrivia": true,
                    "hasLeadingNewLineTrivia": true,
                    "hasTrailingTrivia": true
                },
                "_openParenToken": {
                    "kind": "OpenParenToken",
                    "start": 552,
                    "width": 1,
                    "text": "("
                },
                "_condition": {
                    "kind": "NotEqualsExpression",
                    "_left": {
                        "kind": "MemberAccessExpression",
                        "_expression": {
                            "kind": "RegularExpressionLiteralExpression",
                            "_literalToken": {
                                "kind": "RegularExpressionLiteral",
                                "start": 553,
                                "width": 3,
                                "text": "/ /"
                            }
                        },
                        "_dotToken": {
                            "kind": "DotToken",
                            "start": 556,
                            "width": 1,
                            "text": "."
                        },
                        "_identifierName": {
                            "kind": "IdentifierName",
                            "_identifier": {
                                "kind": "IdentifierNameToken",
                                "start": 557,
                                "width": 6,
                                "fullWidth": 7,
                                "text": "source",
                                "valueText": "source",
                                "hasTrailingTrivia": true
                            }
                        }
                    },
                    "_operatorToken": {
                        "kind": "ExclamationEqualsEqualsToken",
                        "start": 564,
                        "width": 3,
                        "fullWidth": 4,
                        "text": "!==",
                        "hasTrailingTrivia": true
                    },
                    "_right": {
                        "kind": "StringLiteralExpression",
                        "_literalToken": {
                            "kind": "StringLiteral",
                            "start": 568,
                            "width": 3,
                            "text": "\" \""
                        }
                    }
                },
                "_closeParenToken": {
                    "kind": "CloseParenToken",
                    "start": 571,
                    "width": 1,
                    "fullWidth": 2,
                    "text": ")",
                    "hasTrailingTrivia": true
                },
                "_statement": {
                    "kind": "Block",
                    "_openBraceToken": {
                        "kind": "OpenBraceToken",
                        "start": 573,
                        "width": 1,
                        "fullWidth": 2,
                        "text": "{",
                        "hasTrailingTrivia": true,
                        "hasTrailingNewLineTrivia": true
                    },
                    "_statements": [
                        {
                            "kind": "ExpressionStatement",
                            "_expression": {
                                "kind": "InvocationExpression",
                                "_expression": {
                                    "kind": "IdentifierName",
                                    "_identifier": {
                                        "kind": "IdentifierNameToken",
                                        "start": 577,
                                        "fullStart": 575,
                                        "width": 6,
                                        "fullWidth": 8,
                                        "text": "$ERROR",
                                        "valueText": "$ERROR",
                                        "hasLeadingTrivia": true
                                    }
                                },
                                "_argumentList": {
                                    "kind": "ArgumentList",
                                    "_openParenToken": {
                                        "kind": "OpenParenToken",
                                        "start": 583,
                                        "width": 1,
                                        "text": "("
                                    },
                                    "_arguments": [
                                        {
                                            "kind": "StringLiteralExpression",
                                            "_literalToken": {
                                                "kind": "StringLiteral",
                                                "start": 584,
                                                "width": 9,
                                                "text": "'#4: / /'"
                                            }
                                        }
                                    ],
                                    "_closeParenToken": {
                                        "kind": "CloseParenToken",
                                        "start": 593,
                                        "width": 1,
                                        "text": ")"
                                    }
                                }
                            },
                            "_semicolonToken": {
                                "kind": "SemicolonToken",
                                "start": 594,
                                "width": 1,
                                "fullWidth": 2,
                                "text": ";",
                                "hasTrailingTrivia": true,
                                "hasTrailingNewLineTrivia": true
                            }
                        }
                    ],
                    "_closeBraceToken": {
                        "kind": "CloseBraceToken",
                        "start": 596,
                        "width": 1,
                        "fullWidth": 2,
                        "text": "}",
                        "hasTrailingTrivia": true,
                        "hasTrailingNewLineTrivia": true
                    }
                }
            },
            {
                "kind": "IfStatement",
                "_ifKeyword": {
                    "kind": "IdentifierNameToken",
                    "keywordKind": "IfKeyword",
                    "start": 609,
                    "fullStart": 598,
                    "width": 2,
                    "fullWidth": 14,
                    "text": "if",
                    "hasLeadingTrivia": true,
                    "hasLeadingCommentTrivia": true,
                    "hasLeadingNewLineTrivia": true,
                    "hasTrailingTrivia": true
                },
                "_openParenToken": {
                    "kind": "OpenParenToken",
                    "start": 612,
                    "width": 1,
                    "text": "("
                },
                "_condition": {
                    "kind": "NotEqualsExpression",
                    "_left": {
                        "kind": "MemberAccessExpression",
                        "_expression": {
                            "kind": "RegularExpressionLiteralExpression",
                            "_literalToken": {
                                "kind": "RegularExpressionLiteral",
                                "start": 613,
                                "width": 8,
                                "text": "/\\u0041/"
                            }
                        },
                        "_dotToken": {
                            "kind": "DotToken",
                            "start": 621,
                            "width": 1,
                            "text": "."
                        },
                        "_identifierName": {
                            "kind": "IdentifierName",
                            "_identifier": {
                                "kind": "IdentifierNameToken",
                                "start": 622,
                                "width": 6,
                                "fullWidth": 7,
                                "text": "source",
                                "valueText": "source",
                                "hasTrailingTrivia": true
                            }
                        }
                    },
                    "_operatorToken": {
                        "kind": "ExclamationEqualsEqualsToken",
                        "start": 629,
                        "width": 3,
                        "fullWidth": 4,
                        "text": "!==",
                        "hasTrailingTrivia": true
                    },
                    "_right": {
                        "kind": "StringLiteralExpression",
                        "_literalToken": {
                            "kind": "StringLiteral",
                            "start": 633,
                            "width": 9,
                            "text": "\"\\\\u0041\""
                        }
                    }
                },
                "_closeParenToken": {
                    "kind": "CloseParenToken",
                    "start": 642,
                    "width": 1,
                    "fullWidth": 2,
                    "text": ")",
                    "hasTrailingTrivia": true
                },
                "_statement": {
                    "kind": "Block",
                    "_openBraceToken": {
                        "kind": "OpenBraceToken",
                        "start": 644,
                        "width": 1,
                        "fullWidth": 2,
                        "text": "{",
                        "hasTrailingTrivia": true,
                        "hasTrailingNewLineTrivia": true
                    },
                    "_statements": [
                        {
                            "kind": "ExpressionStatement",
                            "_expression": {
                                "kind": "InvocationExpression",
                                "_expression": {
                                    "kind": "IdentifierName",
                                    "_identifier": {
                                        "kind": "IdentifierNameToken",
                                        "start": 648,
                                        "fullStart": 646,
                                        "width": 6,
                                        "fullWidth": 8,
                                        "text": "$ERROR",
                                        "valueText": "$ERROR",
                                        "hasLeadingTrivia": true
                                    }
                                },
                                "_argumentList": {
                                    "kind": "ArgumentList",
                                    "_openParenToken": {
                                        "kind": "OpenParenToken",
                                        "start": 654,
                                        "width": 1,
                                        "text": "("
                                    },
                                    "_arguments": [
                                        {
                                            "kind": "StringLiteralExpression",
                                            "_literalToken": {
                                                "kind": "StringLiteral",
                                                "start": 655,
                                                "width": 15,
                                                "text": "'#5: /\\\\u0041/'"
                                            }
                                        }
                                    ],
                                    "_closeParenToken": {
                                        "kind": "CloseParenToken",
                                        "start": 670,
                                        "width": 1,
                                        "text": ")"
                                    }
                                }
                            },
                            "_semicolonToken": {
                                "kind": "SemicolonToken",
                                "start": 671,
                                "width": 1,
                                "fullWidth": 2,
                                "text": ";",
                                "hasTrailingTrivia": true,
                                "hasTrailingNewLineTrivia": true
                            }
                        }
                    ],
                    "_closeBraceToken": {
                        "kind": "CloseBraceToken",
                        "start": 673,
                        "width": 1,
                        "fullWidth": 11,
                        "text": "}",
                        "hasTrailingTrivia": true,
                        "hasTrailingNewLineTrivia": true
                    }
                }
            }
        ],
        "_endOfFileToken": {
            "kind": "EndOfFileToken",
            "start": 685,
            "fullStart": 684,
            "width": 0,
            "fullWidth": 1,
            "text": "",
            "hasLeadingTrivia": true,
            "hasLeadingNewLineTrivia": true
        }
    }
}