{
    "isDeclaration": false,
    "languageVersion": "EcmaScript5",
    "parseOptions": {
        "allowAutomaticSemicolonInsertion": true
    },
    "sourceUnit": {
        "kind": "SourceUnit",
        "fullWidth": 681,
        "moduleElements": [
            {
                "kind": "ExpressionStatement",
                "fullWidth": 441,
                "expression": {
                    "kind": "AssignmentExpression",
                    "fullWidth": 439,
                    "left": {
                        "kind": "IdentifierName",
                        "width": 7,
                        "fullWidth": 403,
                        "text": "FACTORY",
                        "value": "FACTORY",
                        "valueText": "FACTORY",
                        "hasLeadingTrivia": true,
                        "hasLeadingComment": true,
                        "hasLeadingNewLine": true,
                        "hasTrailingTrivia": true,
                        "leadingTrivia": [
                            {
                                "kind": "SingleLineCommentTrivia",
                                "text": "// Copyright 2009 the Sputnik authors.  All rights reserved."
                            },
                            {
                                "kind": "NewLineTrivia",
                                "text": "\n"
                            },
                            {
                                "kind": "SingleLineCommentTrivia",
                                "text": "// This code is governed by the BSD license found in the LICENSE file."
                            },
                            {
                                "kind": "NewLineTrivia",
                                "text": "\n"
                            },
                            {
                                "kind": "NewLineTrivia",
                                "text": "\n"
                            },
                            {
                                "kind": "MultiLineCommentTrivia",
                                "text": "/**\n * Assume F is a Function object. When the [[HasInstance]] method of F is called with value V, the following steps are taken: i) If V is not an object, return false\n *\n * @path ch15/15.3/15.3.5/S15.3.5.3_A1_T8.js\n * @description V is undefined variable\n */"
                            },
                            {
                                "kind": "NewLineTrivia",
                                "text": "\n"
                            },
                            {
                                "kind": "NewLineTrivia",
                                "text": "\n"
                            }
                        ],
                        "trailingTrivia": [
                            {
                                "kind": "WhitespaceTrivia",
                                "text": " "
                            }
                        ]
                    },
                    "operatorToken": {
                        "kind": "EqualsToken",
                        "width": 1,
                        "fullWidth": 2,
                        "text": "=",
                        "value": "=",
                        "valueText": "=",
                        "hasTrailingTrivia": true,
                        "trailingTrivia": [
                            {
                                "kind": "WhitespaceTrivia",
                                "text": " "
                            }
                        ]
                    },
                    "right": {
                        "kind": "InvocationExpression",
                        "fullWidth": 34,
                        "expression": {
                            "kind": "IdentifierName",
                            "width": 8,
                            "text": "Function",
                            "value": "Function",
                            "valueText": "Function"
                        },
                        "argumentList": {
                            "kind": "ArgumentList",
                            "fullWidth": 26,
                            "openParenToken": {
                                "kind": "OpenParenToken",
                                "width": 1,
                                "text": "(",
                                "value": "(",
                                "valueText": "("
                            },
                            "arguments": [
                                {
                                    "kind": "StringLiteral",
                                    "width": 6,
                                    "text": "\"name\"",
                                    "value": "name",
                                    "valueText": "name"
                                },
                                {
                                    "kind": "CommaToken",
                                    "width": 1,
                                    "text": ",",
                                    "value": ",",
                                    "valueText": ","
                                },
                                {
                                    "kind": "StringLiteral",
                                    "width": 17,
                                    "text": "\"this.name=name;\"",
                                    "value": "this.name=name;",
                                    "valueText": "this.name=name;"
                                }
                            ],
                            "closeParenToken": {
                                "kind": "CloseParenToken",
                                "width": 1,
                                "text": ")",
                                "value": ")",
                                "valueText": ")"
                            }
                        }
                    }
                },
                "semicolonToken": {
                    "kind": "SemicolonToken",
                    "width": 1,
                    "fullWidth": 2,
                    "text": ";",
                    "value": ";",
                    "valueText": ";",
                    "hasTrailingTrivia": true,
                    "hasTrailingNewLine": true,
                    "trailingTrivia": [
                        {
                            "kind": "NewLineTrivia",
                            "text": "\n"
                        }
                    ]
                }
            },
            {
                "kind": "IfStatement",
                "fullWidth": 231,
                "ifKeyword": {
                    "kind": "IfKeyword",
                    "width": 2,
                    "fullWidth": 14,
                    "text": "if",
                    "value": "if",
                    "valueText": "if",
                    "hasLeadingTrivia": true,
                    "hasLeadingComment": true,
                    "hasLeadingNewLine": true,
                    "hasTrailingTrivia": true,
                    "leadingTrivia": [
                        {
                            "kind": "NewLineTrivia",
                            "text": "\n"
                        },
                        {
                            "kind": "SingleLineCommentTrivia",
                            "text": "//CHECK#1"
                        },
                        {
                            "kind": "NewLineTrivia",
                            "text": "\n"
                        }
                    ],
                    "trailingTrivia": [
                        {
                            "kind": "WhitespaceTrivia",
                            "text": " "
                        }
                    ]
                },
                "openParenToken": {
                    "kind": "OpenParenToken",
                    "width": 1,
                    "text": "(",
                    "value": "(",
                    "valueText": "("
                },
                "condition": {
                    "kind": "NotEqualsExpression",
                    "fullWidth": 31,
                    "left": {
                        "kind": "ParenthesizedExpression",
                        "fullWidth": 23,
                        "openParenToken": {
                            "kind": "OpenParenToken",
                            "width": 1,
                            "text": "(",
                            "value": "(",
                            "valueText": "("
                        },
                        "expression": {
                            "kind": "InstanceOfExpression",
                            "fullWidth": 21,
                            "left": {
                                "kind": "IdentifierName",
                                "width": 1,
                                "fullWidth": 2,
                                "text": "x",
                                "value": "x",
                                "valueText": "x",
                                "hasTrailingTrivia": true,
                                "trailingTrivia": [
                                    {
                                        "kind": "WhitespaceTrivia",
                                        "text": " "
                                    }
                                ]
                            },
                            "operatorToken": {
                                "kind": "InstanceOfKeyword",
                                "width": 10,
                                "fullWidth": 12,
                                "text": "instanceof",
                                "value": "instanceof",
                                "valueText": "instanceof",
                                "hasTrailingTrivia": true,
                                "trailingTrivia": [
                                    {
                                        "kind": "WhitespaceTrivia",
                                        "text": "  "
                                    }
                                ]
                            },
                            "right": {
                                "kind": "IdentifierName",
                                "width": 7,
                                "text": "FACTORY",
                                "value": "FACTORY",
                                "valueText": "FACTORY"
                            }
                        },
                        "closeParenToken": {
                            "kind": "CloseParenToken",
                            "width": 1,
                            "text": ")",
                            "value": ")",
                            "valueText": ")"
                        }
                    },
                    "operatorToken": {
                        "kind": "ExclamationEqualsEqualsToken",
                        "width": 3,
                        "text": "!==",
                        "value": "!==",
                        "valueText": "!=="
                    },
                    "right": {
                        "kind": "FalseKeyword",
                        "width": 5,
                        "text": "false",
                        "value": false,
                        "valueText": "false"
                    }
                },
                "closeParenToken": {
                    "kind": "CloseParenToken",
                    "width": 1,
                    "fullWidth": 2,
                    "text": ")",
                    "value": ")",
                    "valueText": ")",
                    "hasTrailingTrivia": true,
                    "trailingTrivia": [
                        {
                            "kind": "WhitespaceTrivia",
                            "text": " "
                        }
                    ]
                },
                "statement": {
                    "kind": "Block",
                    "fullWidth": 183,
                    "openBraceToken": {
                        "kind": "OpenBraceToken",
                        "width": 1,
                        "fullWidth": 2,
                        "text": "{",
                        "value": "{",
                        "valueText": "{",
                        "hasTrailingTrivia": true,
                        "hasTrailingNewLine": true,
                        "trailingTrivia": [
                            {
                                "kind": "NewLineTrivia",
                                "text": "\n"
                            }
                        ]
                    },
                    "statements": [
                        {
                            "kind": "ExpressionStatement",
                            "fullWidth": 179,
                            "expression": {
                                "kind": "InvocationExpression",
                                "fullWidth": 177,
                                "expression": {
                                    "kind": "IdentifierName",
                                    "width": 6,
                                    "fullWidth": 8,
                                    "text": "$ERROR",
                                    "value": "$ERROR",
                                    "valueText": "$ERROR",
                                    "hasLeadingTrivia": true,
                                    "leadingTrivia": [
                                        {
                                            "kind": "WhitespaceTrivia",
                                            "text": "  "
                                        }
                                    ]
                                },
                                "argumentList": {
                                    "kind": "ArgumentList",
                                    "fullWidth": 169,
                                    "openParenToken": {
                                        "kind": "OpenParenToken",
                                        "width": 1,
                                        "text": "(",
                                        "value": "(",
                                        "valueText": "("
                                    },
                                    "arguments": [
                                        {
                                            "kind": "StringLiteral",
                                            "width": 167,
                                            "text": "'#1: Assume F is a Function object. When the [[HasInstance]] method of F is called with value V, the following steps are taken: i) If V is not an object, return false'",
                                            "value": "#1: Assume F is a Function object. When the [[HasInstance]] method of F is called with value V, the following steps are taken: i) If V is not an object, return false",
                                            "valueText": "#1: Assume F is a Function object. When the [[HasInstance]] method of F is called with value V, the following steps are taken: i) If V is not an object, return false"
                                        }
                                    ],
                                    "closeParenToken": {
                                        "kind": "CloseParenToken",
                                        "width": 1,
                                        "text": ")",
                                        "value": ")",
                                        "valueText": ")"
                                    }
                                }
                            },
                            "semicolonToken": {
                                "kind": "SemicolonToken",
                                "width": 1,
                                "fullWidth": 2,
                                "text": ";",
                                "value": ";",
                                "valueText": ";",
                                "hasTrailingTrivia": true,
                                "hasTrailingNewLine": true,
                                "trailingTrivia": [
                                    {
                                        "kind": "NewLineTrivia",
                                        "text": "\n"
                                    }
                                ]
                            }
                        }
                    ],
                    "closeBraceToken": {
                        "kind": "CloseBraceToken",
                        "width": 1,
                        "fullWidth": 2,
                        "text": "}",
                        "value": "}",
                        "valueText": "}",
                        "hasTrailingTrivia": true,
                        "hasTrailingNewLine": true,
                        "trailingTrivia": [
                            {
                                "kind": "NewLineTrivia",
                                "text": "\n"
                            }
                        ]
                    }
                }
            },
            {
                "kind": "VariableStatement",
                "fullWidth": 8,
                "modifiers": [],
                "variableDeclaration": {
                    "kind": "VariableDeclaration",
                    "fullWidth": 6,
                    "varKeyword": {
                        "kind": "VarKeyword",
                        "width": 3,
                        "fullWidth": 5,
                        "text": "var",
                        "value": "var",
                        "valueText": "var",
                        "hasLeadingTrivia": true,
                        "hasLeadingNewLine": true,
                        "hasTrailingTrivia": true,
                        "leadingTrivia": [
                            {
                                "kind": "NewLineTrivia",
                                "text": "\n"
                            }
                        ],
                        "trailingTrivia": [
                            {
                                "kind": "WhitespaceTrivia",
                                "text": " "
                            }
                        ]
                    },
                    "variableDeclarators": [
                        {
                            "kind": "VariableDeclarator",
                            "fullWidth": 1,
                            "propertyName": {
                                "kind": "IdentifierName",
                                "width": 1,
                                "text": "x",
                                "value": "x",
                                "valueText": "x"
                            }
                        }
                    ]
                },
                "semicolonToken": {
                    "kind": "SemicolonToken",
                    "width": 1,
                    "fullWidth": 2,
                    "text": ";",
                    "value": ";",
                    "valueText": ";",
                    "hasTrailingTrivia": true,
                    "hasTrailingNewLine": true,
                    "trailingTrivia": [
                        {
                            "kind": "NewLineTrivia",
                            "text": "\n"
                        }
                    ]
                }
            }
        ],
        "endOfFileToken": {
            "kind": "EndOfFileToken",
            "width": 0,
            "fullWidth": 1,
            "text": "",
            "hasLeadingTrivia": true,
            "hasLeadingNewLine": true,
            "leadingTrivia": [
                {
                    "kind": "NewLineTrivia",
                    "text": "\n"
                }
            ]
        }
    },
    "lineMap": {
        "lineStarts": [
            0,
            61,
            132,
            133,
            137,
            302,
            305,
            350,
            390,
            394,
            395,
            441,
            442,
            452,
            491,
            670,
            672,
            673,
            680,
            681
        ],
        "length": 681
    }
}