{
    "fullText": [
        "var A;",
        "(function(A) {",
        "   var B;",
        "   (function(B) {",
        "       var C;",
        "       (function(C) {",
        "           // Leading trivia",
        "           var /*a*/ v /*b*/ = /*c*/ 1; // Trailing trivia",
        "       })(C||(C={}));",
        "   })(B||(B={}));",
        "})(A||(A={}));",
        ""
    ],
    "sourceUnit": {
        "kind": "SourceUnit",
        "_moduleElements": [
            {
                "kind": "VariableStatement",
                "_variableDeclaration": {
                    "kind": "VariableDeclaration",
                    "_varKeyword": {
                        "kind": "IdentifierNameToken",
                        "keywordKind": "VarKeyword",
                        "start": 0,
                        "width": 3,
                        "fullWidth": 4,
                        "text": "var",
                        "hasTrailingTrivia": true,
                        "trailingTrivia": [
                            {
                                "kind": "WhitespaceTrivia",
                                "fullStart": 3,
                                "text": " "
                            }
                        ]
                    },
                    "_variableDeclarators": [
                        {
                            "kind": "VariableDeclarator",
                            "_identifier": {
                                "kind": "IdentifierNameToken",
                                "start": 4,
                                "width": 1,
                                "text": "A",
                                "valueText": "A"
                            }
                        }
                    ]
                },
                "_semicolonToken": {
                    "kind": "SemicolonToken",
                    "start": 5,
                    "width": 1,
                    "fullWidth": 3,
                    "text": ";",
                    "hasTrailingTrivia": true,
                    "hasTrailingNewLineTrivia": true,
                    "trailingTrivia": [
                        {
                            "kind": "NewLineTrivia",
                            "fullStart": 6,
                            "text": "\r\n"
                        }
                    ]
                }
            },
            {
                "kind": "ExpressionStatement",
                "_expression": {
                    "kind": "InvocationExpression",
                    "_expression": {
                        "kind": "ParenthesizedExpression",
                        "_openParenToken": {
                            "kind": "OpenParenToken",
                            "start": 8,
                            "width": 1,
                            "text": "("
                        },
                        "_expression": {
                            "kind": "FunctionExpression",
                            "_functionKeyword": {
                                "kind": "IdentifierNameToken",
                                "keywordKind": "FunctionKeyword",
                                "start": 9,
                                "width": 8,
                                "text": "function"
                            },
                            "_callSignature": {
                                "kind": "CallSignature",
                                "_parameterList": {
                                    "kind": "ParameterList",
                                    "_openParenToken": {
                                        "kind": "OpenParenToken",
                                        "start": 17,
                                        "width": 1,
                                        "text": "("
                                    },
                                    "_parameters": [
                                        {
                                            "kind": "Parameter",
                                            "_identifier": {
                                                "kind": "IdentifierNameToken",
                                                "start": 18,
                                                "width": 1,
                                                "text": "A",
                                                "valueText": "A"
                                            }
                                        }
                                    ],
                                    "_closeParenToken": {
                                        "kind": "CloseParenToken",
                                        "start": 19,
                                        "width": 1,
                                        "fullWidth": 2,
                                        "text": ")",
                                        "hasTrailingTrivia": true,
                                        "trailingTrivia": [
                                            {
                                                "kind": "WhitespaceTrivia",
                                                "fullStart": 20,
                                                "text": " "
                                            }
                                        ]
                                    }
                                }
                            },
                            "_block": {
                                "kind": "Block",
                                "_openBraceToken": {
                                    "kind": "OpenBraceToken",
                                    "start": 21,
                                    "width": 1,
                                    "fullWidth": 3,
                                    "text": "{",
                                    "hasTrailingTrivia": true,
                                    "hasTrailingNewLineTrivia": true,
                                    "trailingTrivia": [
                                        {
                                            "kind": "NewLineTrivia",
                                            "fullStart": 22,
                                            "text": "\r\n"
                                        }
                                    ]
                                },
                                "_statements": [
                                    {
                                        "kind": "VariableStatement",
                                        "_variableDeclaration": {
                                            "kind": "VariableDeclaration",
                                            "_varKeyword": {
                                                "kind": "IdentifierNameToken",
                                                "keywordKind": "VarKeyword",
                                                "start": 27,
                                                "fullStart": 24,
                                                "width": 3,
                                                "fullWidth": 7,
                                                "text": "var",
                                                "hasLeadingTrivia": true,
                                                "hasTrailingTrivia": true,
                                                "leadingTrivia": [
                                                    {
                                                        "kind": "WhitespaceTrivia",
                                                        "fullStart": 24,
                                                        "text": "   "
                                                    }
                                                ],
                                                "trailingTrivia": [
                                                    {
                                                        "kind": "WhitespaceTrivia",
                                                        "fullStart": 30,
                                                        "text": " "
                                                    }
                                                ]
                                            },
                                            "_variableDeclarators": [
                                                {
                                                    "kind": "VariableDeclarator",
                                                    "_identifier": {
                                                        "kind": "IdentifierNameToken",
                                                        "start": 31,
                                                        "width": 1,
                                                        "text": "B",
                                                        "valueText": "B"
                                                    }
                                                }
                                            ]
                                        },
                                        "_semicolonToken": {
                                            "kind": "SemicolonToken",
                                            "start": 32,
                                            "width": 1,
                                            "fullWidth": 3,
                                            "text": ";",
                                            "hasTrailingTrivia": true,
                                            "hasTrailingNewLineTrivia": true,
                                            "trailingTrivia": [
                                                {
                                                    "kind": "NewLineTrivia",
                                                    "fullStart": 33,
                                                    "text": "\r\n"
                                                }
                                            ]
                                        }
                                    },
                                    {
                                        "kind": "ExpressionStatement",
                                        "_expression": {
                                            "kind": "InvocationExpression",
                                            "_expression": {
                                                "kind": "ParenthesizedExpression",
                                                "_openParenToken": {
                                                    "kind": "OpenParenToken",
                                                    "start": 38,
                                                    "fullStart": 35,
                                                    "width": 1,
                                                    "fullWidth": 4,
                                                    "text": "(",
                                                    "hasLeadingTrivia": true,
                                                    "leadingTrivia": [
                                                        {
                                                            "kind": "WhitespaceTrivia",
                                                            "fullStart": 35,
                                                            "text": "   "
                                                        }
                                                    ]
                                                },
                                                "_expression": {
                                                    "kind": "FunctionExpression",
                                                    "_functionKeyword": {
                                                        "kind": "IdentifierNameToken",
                                                        "keywordKind": "FunctionKeyword",
                                                        "start": 39,
                                                        "width": 8,
                                                        "text": "function"
                                                    },
                                                    "_callSignature": {
                                                        "kind": "CallSignature",
                                                        "_parameterList": {
                                                            "kind": "ParameterList",
                                                            "_openParenToken": {
                                                                "kind": "OpenParenToken",
                                                                "start": 47,
                                                                "width": 1,
                                                                "text": "("
                                                            },
                                                            "_parameters": [
                                                                {
                                                                    "kind": "Parameter",
                                                                    "_identifier": {
                                                                        "kind": "IdentifierNameToken",
                                                                        "start": 48,
                                                                        "width": 1,
                                                                        "text": "B",
                                                                        "valueText": "B"
                                                                    }
                                                                }
                                                            ],
                                                            "_closeParenToken": {
                                                                "kind": "CloseParenToken",
                                                                "start": 49,
                                                                "width": 1,
                                                                "fullWidth": 2,
                                                                "text": ")",
                                                                "hasTrailingTrivia": true,
                                                                "trailingTrivia": [
                                                                    {
                                                                        "kind": "WhitespaceTrivia",
                                                                        "fullStart": 50,
                                                                        "text": " "
                                                                    }
                                                                ]
                                                            }
                                                        }
                                                    },
                                                    "_block": {
                                                        "kind": "Block",
                                                        "_openBraceToken": {
                                                            "kind": "OpenBraceToken",
                                                            "start": 51,
                                                            "width": 1,
                                                            "fullWidth": 3,
                                                            "text": "{",
                                                            "hasTrailingTrivia": true,
                                                            "hasTrailingNewLineTrivia": true,
                                                            "trailingTrivia": [
                                                                {
                                                                    "kind": "NewLineTrivia",
                                                                    "fullStart": 52,
                                                                    "text": "\r\n"
                                                                }
                                                            ]
                                                        },
                                                        "_statements": [
                                                            {
                                                                "kind": "VariableStatement",
                                                                "_variableDeclaration": {
                                                                    "kind": "VariableDeclaration",
                                                                    "_varKeyword": {
                                                                        "kind": "IdentifierNameToken",
                                                                        "keywordKind": "VarKeyword",
                                                                        "start": 61,
                                                                        "fullStart": 54,
                                                                        "width": 3,
                                                                        "fullWidth": 11,
                                                                        "text": "var",
                                                                        "hasLeadingTrivia": true,
                                                                        "hasTrailingTrivia": true,
                                                                        "leadingTrivia": [
                                                                            {
                                                                                "kind": "WhitespaceTrivia",
                                                                                "fullStart": 54,
                                                                                "text": "       "
                                                                            }
                                                                        ],
                                                                        "trailingTrivia": [
                                                                            {
                                                                                "kind": "WhitespaceTrivia",
                                                                                "fullStart": 64,
                                                                                "text": " "
                                                                            }
                                                                        ]
                                                                    },
                                                                    "_variableDeclarators": [
                                                                        {
                                                                            "kind": "VariableDeclarator",
                                                                            "_identifier": {
                                                                                "kind": "IdentifierNameToken",
                                                                                "start": 65,
                                                                                "width": 1,
                                                                                "text": "C",
                                                                                "valueText": "C"
                                                                            }
                                                                        }
                                                                    ]
                                                                },
                                                                "_semicolonToken": {
                                                                    "kind": "SemicolonToken",
                                                                    "start": 66,
                                                                    "width": 1,
                                                                    "fullWidth": 3,
                                                                    "text": ";",
                                                                    "hasTrailingTrivia": true,
                                                                    "hasTrailingNewLineTrivia": true,
                                                                    "trailingTrivia": [
                                                                        {
                                                                            "kind": "NewLineTrivia",
                                                                            "fullStart": 67,
                                                                            "text": "\r\n"
                                                                        }
                                                                    ]
                                                                }
                                                            },
                                                            {
                                                                "kind": "ExpressionStatement",
                                                                "_expression": {
                                                                    "kind": "InvocationExpression",
                                                                    "_expression": {
                                                                        "kind": "ParenthesizedExpression",
                                                                        "_openParenToken": {
                                                                            "kind": "OpenParenToken",
                                                                            "start": 76,
                                                                            "fullStart": 69,
                                                                            "width": 1,
                                                                            "fullWidth": 8,
                                                                            "text": "(",
                                                                            "hasLeadingTrivia": true,
                                                                            "leadingTrivia": [
                                                                                {
                                                                                    "kind": "WhitespaceTrivia",
                                                                                    "fullStart": 69,
                                                                                    "text": "       "
                                                                                }
                                                                            ]
                                                                        },
                                                                        "_expression": {
                                                                            "kind": "FunctionExpression",
                                                                            "_functionKeyword": {
                                                                                "kind": "IdentifierNameToken",
                                                                                "keywordKind": "FunctionKeyword",
                                                                                "start": 77,
                                                                                "width": 8,
                                                                                "text": "function"
                                                                            },
                                                                            "_callSignature": {
                                                                                "kind": "CallSignature",
                                                                                "_parameterList": {
                                                                                    "kind": "ParameterList",
                                                                                    "_openParenToken": {
                                                                                        "kind": "OpenParenToken",
                                                                                        "start": 85,
                                                                                        "width": 1,
                                                                                        "text": "("
                                                                                    },
                                                                                    "_parameters": [
                                                                                        {
                                                                                            "kind": "Parameter",
                                                                                            "_identifier": {
                                                                                                "kind": "IdentifierNameToken",
                                                                                                "start": 86,
                                                                                                "width": 1,
                                                                                                "text": "C",
                                                                                                "valueText": "C"
                                                                                            }
                                                                                        }
                                                                                    ],
                                                                                    "_closeParenToken": {
                                                                                        "kind": "CloseParenToken",
                                                                                        "start": 87,
                                                                                        "width": 1,
                                                                                        "fullWidth": 2,
                                                                                        "text": ")",
                                                                                        "hasTrailingTrivia": true,
                                                                                        "trailingTrivia": [
                                                                                            {
                                                                                                "kind": "WhitespaceTrivia",
                                                                                                "fullStart": 88,
                                                                                                "text": " "
                                                                                            }
                                                                                        ]
                                                                                    }
                                                                                }
                                                                            },
                                                                            "_block": {
                                                                                "kind": "Block",
                                                                                "_openBraceToken": {
                                                                                    "kind": "OpenBraceToken",
                                                                                    "start": 89,
                                                                                    "width": 1,
                                                                                    "fullWidth": 3,
                                                                                    "text": "{",
                                                                                    "hasTrailingTrivia": true,
                                                                                    "hasTrailingNewLineTrivia": true,
                                                                                    "trailingTrivia": [
                                                                                        {
                                                                                            "kind": "NewLineTrivia",
                                                                                            "fullStart": 90,
                                                                                            "text": "\r\n"
                                                                                        }
                                                                                    ]
                                                                                },
                                                                                "_statements": [
                                                                                    {
                                                                                        "kind": "VariableStatement",
                                                                                        "_variableDeclaration": {
                                                                                            "kind": "VariableDeclaration",
                                                                                            "_varKeyword": {
                                                                                                "kind": "IdentifierNameToken",
                                                                                                "keywordKind": "VarKeyword",
                                                                                                "start": 133,
                                                                                                "fullStart": 92,
                                                                                                "width": 3,
                                                                                                "fullWidth": 51,
                                                                                                "text": "var",
                                                                                                "hasLeadingTrivia": true,
                                                                                                "hasLeadingCommentTrivia": true,
                                                                                                "hasLeadingNewLineTrivia": true,
                                                                                                "hasTrailingTrivia": true,
                                                                                                "hasTrailingCommentTrivia": true,
                                                                                                "leadingTrivia": [
                                                                                                    {
                                                                                                        "kind": "WhitespaceTrivia",
                                                                                                        "fullStart": 92,
                                                                                                        "text": "       "
                                                                                                    },
                                                                                                    {
                                                                                                        "kind": "WhitespaceTrivia",
                                                                                                        "fullStart": 99,
                                                                                                        "text": "    "
                                                                                                    },
                                                                                                    {
                                                                                                        "kind": "SingleLineCommentTrivia",
                                                                                                        "fullStart": 103,
                                                                                                        "text": "// Leading trivia"
                                                                                                    },
                                                                                                    {
                                                                                                        "kind": "NewLineTrivia",
                                                                                                        "fullStart": 120,
                                                                                                        "text": "\r\n"
                                                                                                    },
                                                                                                    {
                                                                                                        "kind": "WhitespaceTrivia",
                                                                                                        "fullStart": 122,
                                                                                                        "text": "       "
                                                                                                    },
                                                                                                    {
                                                                                                        "kind": "WhitespaceTrivia",
                                                                                                        "fullStart": 129,
                                                                                                        "text": "    "
                                                                                                    }
                                                                                                ],
                                                                                                "trailingTrivia": [
                                                                                                    {
                                                                                                        "kind": "WhitespaceTrivia",
                                                                                                        "fullStart": 136,
                                                                                                        "text": " "
                                                                                                    },
                                                                                                    {
                                                                                                        "kind": "MultiLineCommentTrivia",
                                                                                                        "fullStart": 137,
                                                                                                        "text": "/*a*/"
                                                                                                    },
                                                                                                    {
                                                                                                        "kind": "WhitespaceTrivia",
                                                                                                        "fullStart": 142,
                                                                                                        "text": " "
                                                                                                    }
                                                                                                ]
                                                                                            },
                                                                                            "_variableDeclarators": [
                                                                                                {
                                                                                                    "kind": "VariableDeclarator",
                                                                                                    "_identifier": {
                                                                                                        "kind": "IdentifierNameToken",
                                                                                                        "start": 143,
                                                                                                        "width": 1,
                                                                                                        "fullWidth": 8,
                                                                                                        "text": "v",
                                                                                                        "valueText": "v",
                                                                                                        "hasTrailingTrivia": true,
                                                                                                        "hasTrailingCommentTrivia": true,
                                                                                                        "trailingTrivia": [
                                                                                                            {
                                                                                                                "kind": "WhitespaceTrivia",
                                                                                                                "fullStart": 144,
                                                                                                                "text": " "
                                                                                                            },
                                                                                                            {
                                                                                                                "kind": "MultiLineCommentTrivia",
                                                                                                                "fullStart": 145,
                                                                                                                "text": "/*b*/"
                                                                                                            },
                                                                                                            {
                                                                                                                "kind": "WhitespaceTrivia",
                                                                                                                "fullStart": 150,
                                                                                                                "text": " "
                                                                                                            }
                                                                                                        ]
                                                                                                    },
                                                                                                    "_equalsValueClause": {
                                                                                                        "kind": "EqualsValueClause",
                                                                                                        "_equalsToken": {
                                                                                                            "kind": "EqualsToken",
                                                                                                            "start": 151,
                                                                                                            "width": 1,
                                                                                                            "fullWidth": 8,
                                                                                                            "text": "=",
                                                                                                            "hasTrailingTrivia": true,
                                                                                                            "hasTrailingCommentTrivia": true,
                                                                                                            "trailingTrivia": [
                                                                                                                {
                                                                                                                    "kind": "WhitespaceTrivia",
                                                                                                                    "fullStart": 152,
                                                                                                                    "text": " "
                                                                                                                },
                                                                                                                {
                                                                                                                    "kind": "MultiLineCommentTrivia",
                                                                                                                    "fullStart": 153,
                                                                                                                    "text": "/*c*/"
                                                                                                                },
                                                                                                                {
                                                                                                                    "kind": "WhitespaceTrivia",
                                                                                                                    "fullStart": 158,
                                                                                                                    "text": " "
                                                                                                                }
                                                                                                            ]
                                                                                                        },
                                                                                                        "_value": {
                                                                                                            "kind": "NumericLiteralExpression",
                                                                                                            "_literalToken": {
                                                                                                                "kind": "NumericLiteral",
                                                                                                                "start": 159,
                                                                                                                "width": 1,
                                                                                                                "text": "1"
                                                                                                            }
                                                                                                        }
                                                                                                    }
                                                                                                }
                                                                                            ]
                                                                                        },
                                                                                        "_semicolonToken": {
                                                                                            "kind": "SemicolonToken",
                                                                                            "start": 160,
                                                                                            "width": 1,
                                                                                            "fullWidth": 22,
                                                                                            "text": ";",
                                                                                            "hasTrailingTrivia": true,
                                                                                            "hasTrailingCommentTrivia": true,
                                                                                            "hasTrailingNewLineTrivia": true,
                                                                                            "trailingTrivia": [
                                                                                                {
                                                                                                    "kind": "WhitespaceTrivia",
                                                                                                    "fullStart": 161,
                                                                                                    "text": " "
                                                                                                },
                                                                                                {
                                                                                                    "kind": "SingleLineCommentTrivia",
                                                                                                    "fullStart": 162,
                                                                                                    "text": "// Trailing trivia"
                                                                                                },
                                                                                                {
                                                                                                    "kind": "NewLineTrivia",
                                                                                                    "fullStart": 180,
                                                                                                    "text": "\r\n"
                                                                                                }
                                                                                            ]
                                                                                        }
                                                                                    }
                                                                                ],
                                                                                "_closeBraceToken": {
                                                                                    "kind": "CloseBraceToken",
                                                                                    "start": 189,
                                                                                    "fullStart": 182,
                                                                                    "width": 1,
                                                                                    "fullWidth": 8,
                                                                                    "text": "}",
                                                                                    "hasLeadingTrivia": true,
                                                                                    "leadingTrivia": [
                                                                                        {
                                                                                            "kind": "WhitespaceTrivia",
                                                                                            "fullStart": 182,
                                                                                            "text": "       "
                                                                                        }
                                                                                    ]
                                                                                }
                                                                            }
                                                                        },
                                                                        "_closeParenToken": {
                                                                            "kind": "CloseParenToken",
                                                                            "start": 190,
                                                                            "width": 1,
                                                                            "text": ")"
                                                                        }
                                                                    },
                                                                    "_argumentList": {
                                                                        "kind": "ArgumentList",
                                                                        "_openParenToken": {
                                                                            "kind": "OpenParenToken",
                                                                            "start": 191,
                                                                            "width": 1,
                                                                            "text": "("
                                                                        },
                                                                        "_arguments": [
                                                                            {
                                                                                "kind": "LogicalOrExpression",
                                                                                "_left": {
                                                                                    "kind": "IdentifierName",
                                                                                    "_identifier": {
                                                                                        "kind": "IdentifierNameToken",
                                                                                        "start": 192,
                                                                                        "width": 1,
                                                                                        "text": "C",
                                                                                        "valueText": "C"
                                                                                    }
                                                                                },
                                                                                "_operatorToken": {
                                                                                    "kind": "BarBarToken",
                                                                                    "start": 193,
                                                                                    "width": 2,
                                                                                    "text": "||"
                                                                                },
                                                                                "_right": {
                                                                                    "kind": "ParenthesizedExpression",
                                                                                    "_openParenToken": {
                                                                                        "kind": "OpenParenToken",
                                                                                        "start": 195,
                                                                                        "width": 1,
                                                                                        "text": "("
                                                                                    },
                                                                                    "_expression": {
                                                                                        "kind": "AssignmentExpression",
                                                                                        "_left": {
                                                                                            "kind": "IdentifierName",
                                                                                            "_identifier": {
                                                                                                "kind": "IdentifierNameToken",
                                                                                                "start": 196,
                                                                                                "width": 1,
                                                                                                "text": "C",
                                                                                                "valueText": "C"
                                                                                            }
                                                                                        },
                                                                                        "_operatorToken": {
                                                                                            "kind": "EqualsToken",
                                                                                            "start": 197,
                                                                                            "width": 1,
                                                                                            "text": "="
                                                                                        },
                                                                                        "_right": {
                                                                                            "kind": "ObjectLiteralExpression",
                                                                                            "_openBraceToken": {
                                                                                                "kind": "OpenBraceToken",
                                                                                                "start": 198,
                                                                                                "width": 1,
                                                                                                "text": "{"
                                                                                            },
                                                                                            "_propertyAssignments": [],
                                                                                            "_closeBraceToken": {
                                                                                                "kind": "CloseBraceToken",
                                                                                                "start": 199,
                                                                                                "width": 1,
                                                                                                "text": "}"
                                                                                            }
                                                                                        }
                                                                                    },
                                                                                    "_closeParenToken": {
                                                                                        "kind": "CloseParenToken",
                                                                                        "start": 200,
                                                                                        "width": 1,
                                                                                        "text": ")"
                                                                                    }
                                                                                }
                                                                            }
                                                                        ],
                                                                        "_closeParenToken": {
                                                                            "kind": "CloseParenToken",
                                                                            "start": 201,
                                                                            "width": 1,
                                                                            "text": ")"
                                                                        }
                                                                    }
                                                                },
                                                                "_semicolonToken": {
                                                                    "kind": "SemicolonToken",
                                                                    "start": 202,
                                                                    "width": 1,
                                                                    "fullWidth": 3,
                                                                    "text": ";",
                                                                    "hasTrailingTrivia": true,
                                                                    "hasTrailingNewLineTrivia": true,
                                                                    "trailingTrivia": [
                                                                        {
                                                                            "kind": "NewLineTrivia",
                                                                            "fullStart": 203,
                                                                            "text": "\r\n"
                                                                        }
                                                                    ]
                                                                }
                                                            }
                                                        ],
                                                        "_closeBraceToken": {
                                                            "kind": "CloseBraceToken",
                                                            "start": 208,
                                                            "fullStart": 205,
                                                            "width": 1,
                                                            "fullWidth": 4,
                                                            "text": "}",
                                                            "hasLeadingTrivia": true,
                                                            "leadingTrivia": [
                                                                {
                                                                    "kind": "WhitespaceTrivia",
                                                                    "fullStart": 205,
                                                                    "text": "   "
                                                                }
                                                            ]
                                                        }
                                                    }
                                                },
                                                "_closeParenToken": {
                                                    "kind": "CloseParenToken",
                                                    "start": 209,
                                                    "width": 1,
                                                    "text": ")"
                                                }
                                            },
                                            "_argumentList": {
                                                "kind": "ArgumentList",
                                                "_openParenToken": {
                                                    "kind": "OpenParenToken",
                                                    "start": 210,
                                                    "width": 1,
                                                    "text": "("
                                                },
                                                "_arguments": [
                                                    {
                                                        "kind": "LogicalOrExpression",
                                                        "_left": {
                                                            "kind": "IdentifierName",
                                                            "_identifier": {
                                                                "kind": "IdentifierNameToken",
                                                                "start": 211,
                                                                "width": 1,
                                                                "text": "B",
                                                                "valueText": "B"
                                                            }
                                                        },
                                                        "_operatorToken": {
                                                            "kind": "BarBarToken",
                                                            "start": 212,
                                                            "width": 2,
                                                            "text": "||"
                                                        },
                                                        "_right": {
                                                            "kind": "ParenthesizedExpression",
                                                            "_openParenToken": {
                                                                "kind": "OpenParenToken",
                                                                "start": 214,
                                                                "width": 1,
                                                                "text": "("
                                                            },
                                                            "_expression": {
                                                                "kind": "AssignmentExpression",
                                                                "_left": {
                                                                    "kind": "IdentifierName",
                                                                    "_identifier": {
                                                                        "kind": "IdentifierNameToken",
                                                                        "start": 215,
                                                                        "width": 1,
                                                                        "text": "B",
                                                                        "valueText": "B"
                                                                    }
                                                                },
                                                                "_operatorToken": {
                                                                    "kind": "EqualsToken",
                                                                    "start": 216,
                                                                    "width": 1,
                                                                    "text": "="
                                                                },
                                                                "_right": {
                                                                    "kind": "ObjectLiteralExpression",
                                                                    "_openBraceToken": {
                                                                        "kind": "OpenBraceToken",
                                                                        "start": 217,
                                                                        "width": 1,
                                                                        "text": "{"
                                                                    },
                                                                    "_propertyAssignments": [],
                                                                    "_closeBraceToken": {
                                                                        "kind": "CloseBraceToken",
                                                                        "start": 218,
                                                                        "width": 1,
                                                                        "text": "}"
                                                                    }
                                                                }
                                                            },
                                                            "_closeParenToken": {
                                                                "kind": "CloseParenToken",
                                                                "start": 219,
                                                                "width": 1,
                                                                "text": ")"
                                                            }
                                                        }
                                                    }
                                                ],
                                                "_closeParenToken": {
                                                    "kind": "CloseParenToken",
                                                    "start": 220,
                                                    "width": 1,
                                                    "text": ")"
                                                }
                                            }
                                        },
                                        "_semicolonToken": {
                                            "kind": "SemicolonToken",
                                            "start": 221,
                                            "width": 1,
                                            "fullWidth": 3,
                                            "text": ";",
                                            "hasTrailingTrivia": true,
                                            "hasTrailingNewLineTrivia": true,
                                            "trailingTrivia": [
                                                {
                                                    "kind": "NewLineTrivia",
                                                    "fullStart": 222,
                                                    "text": "\r\n"
                                                }
                                            ]
                                        }
                                    }
                                ],
                                "_closeBraceToken": {
                                    "kind": "CloseBraceToken",
                                    "start": 224,
                                    "width": 1,
                                    "text": "}"
                                }
                            }
                        },
                        "_closeParenToken": {
                            "kind": "CloseParenToken",
                            "start": 225,
                            "width": 1,
                            "text": ")"
                        }
                    },
                    "_argumentList": {
                        "kind": "ArgumentList",
                        "_openParenToken": {
                            "kind": "OpenParenToken",
                            "start": 226,
                            "width": 1,
                            "text": "("
                        },
                        "_arguments": [
                            {
                                "kind": "LogicalOrExpression",
                                "_left": {
                                    "kind": "IdentifierName",
                                    "_identifier": {
                                        "kind": "IdentifierNameToken",
                                        "start": 227,
                                        "width": 1,
                                        "text": "A",
                                        "valueText": "A"
                                    }
                                },
                                "_operatorToken": {
                                    "kind": "BarBarToken",
                                    "start": 228,
                                    "width": 2,
                                    "text": "||"
                                },
                                "_right": {
                                    "kind": "ParenthesizedExpression",
                                    "_openParenToken": {
                                        "kind": "OpenParenToken",
                                        "start": 230,
                                        "width": 1,
                                        "text": "("
                                    },
                                    "_expression": {
                                        "kind": "AssignmentExpression",
                                        "_left": {
                                            "kind": "IdentifierName",
                                            "_identifier": {
                                                "kind": "IdentifierNameToken",
                                                "start": 231,
                                                "width": 1,
                                                "text": "A",
                                                "valueText": "A"
                                            }
                                        },
                                        "_operatorToken": {
                                            "kind": "EqualsToken",
                                            "start": 232,
                                            "width": 1,
                                            "text": "="
                                        },
                                        "_right": {
                                            "kind": "ObjectLiteralExpression",
                                            "_openBraceToken": {
                                                "kind": "OpenBraceToken",
                                                "start": 233,
                                                "width": 1,
                                                "text": "{"
                                            },
                                            "_propertyAssignments": [],
                                            "_closeBraceToken": {
                                                "kind": "CloseBraceToken",
                                                "start": 234,
                                                "width": 1,
                                                "text": "}"
                                            }
                                        }
                                    },
                                    "_closeParenToken": {
                                        "kind": "CloseParenToken",
                                        "start": 235,
                                        "width": 1,
                                        "text": ")"
                                    }
                                }
                            }
                        ],
                        "_closeParenToken": {
                            "kind": "CloseParenToken",
                            "start": 236,
                            "width": 1,
                            "text": ")"
                        }
                    }
                },
                "_semicolonToken": {
                    "kind": "SemicolonToken",
                    "start": 237,
                    "width": 1,
                    "fullWidth": 3,
                    "text": ";",
                    "hasTrailingTrivia": true,
                    "hasTrailingNewLineTrivia": true,
                    "trailingTrivia": [
                        {
                            "kind": "NewLineTrivia",
                            "fullStart": 238,
                            "text": "\r\n"
                        }
                    ]
                }
            }
        ],
        "_endOfFileToken": {
            "kind": "EndOfFileToken",
            "start": 240,
            "width": 0,
            "text": ""
        }
    }
}